     VMA      LMA     Size Align Out     In      Symbol
       0        0       3f     1 .vectors
       0        0       3f     1         /Users/andrewpullin/personal/llvm-8085/tooling/examples/coremark/build/O2/crt0.o:(.vectors)
       0        0        0     1                 __vector_table
    4000     4000     96e3     4 .text
    4000     4000        4     4         /Users/andrewpullin/personal/llvm-8085/tooling/examples/coremark/build/O2/crt0.o:(.text)
    4000     4000        0     1                 isr_rst1
    4000     4000        0     1                 isr_rst2
    4000     4000        0     1                 isr_rst3
    4000     4000        0     1                 isr_rst4
    4000     4000        0     1                 isr_trap
    4000     4000        0     1                 isr_rst5
    4000     4000        0     1                 isr_rst55
    4000     4000        0     1                 isr_rst6
    4000     4000        0     1                 isr_rst65
    4000     4000        0     1                 isr_rst7
    4000     4000        0     1                 isr_rst75
    4000     4000        0     1                 default_isr
    4004     4004       49     1         /Users/andrewpullin/personal/llvm-8085/tooling/examples/coremark/build/O2/crt0.o:(.text.startup)
    4004     4004        0     1                 _start
    401a     401a        0     1                 data_loop
    4028     4028        0     1                 data_done
    403a     403a        0     1                 bss_loop
    4046     4046        0     1                 bss_done
    4049     4049        0     1                 halt_loop
    4050     4050     8837     4         /Users/andrewpullin/personal/llvm-8085/tooling/examples/coremark/build/O2/coremark.o:(.text)
    4050     4050        0     1                 LBB0_0
    4050     4050        1     1                 start_time
    4052     4052        0     1                 LBB1_0
    4052     4052        1     1                 stop_time
    4054     4054        0     1                 LBB2_0
    4054     4054       24     1                 get_time
    4078     4078        0     1                 LBB3_0
    4078     4078       24     1                 time_in_secs
    409c     409c        0     1                 LBB4_0
    409c     409c        b     1                 portable_init
    40a8     40a8        0     1                 LBB5_0
    40a8     40a8        b     1                 portable_fini
    40b4     40b4        0     1                 LBB6_0
    40b4     40b4        4     1                 ee_printf
    40b8     40b8        0     1                 LBB7_0
    40b8     40b8      3b9     1                 calc_func
    40eb     40eb        0     1                 LBB7_1
    40f0     40f0        0     1                 LBB7_4
    40f2     40f2        0     1                 LBB7_5
    4105     4105        0     1                 LBB7_6
    4178     4178        0     1                 LBB7_7
    417d     417d        0     1                 LBB7_11
    4184     4184        0     1                 LBB7_12
    4195     4195        0     1                 LBB7_13
    41a8     41a8        0     1                 LBB7_14
    41ad     41ad        0     1                 LBB7_16
    41af     41af        0     1                 LBB7_18
    41b4     41b4        0     1                 LBB7_19
    4250     4250        0     1                 LBB7_20
    4256     4256        0     1                 LBB7_21
    4258     4258        0     1                 LBB7_22
    42ee     42ee        0     1                 LBB7_23
    42f3     42f3        0     1                 LBB7_25
    42f5     42f5        0     1                 LBB7_31
    42fa     42fa        0     1                 LBB7_32
    4313     4313        0     1                 LBB7_9
    4327     4327        0     1                 LBB7_26
    4395     4395        0     1                 LBB7_27
    439a     439a        0     1                 LBB7_29
    439c     439c        0     1                 LBB7_34
    43a1     43a1        0     1                 LBB7_35
    43b7     43b7        0     1                 LBB7_36
    43b9     43b9        0     1                 LBB7_37
    4444     4444        0     1                 LBB7_38
    445e     445e        0     1                 LBB7_39
    4463     4463        0     1                 LBB7_40
    4468     4468        0     1                 LBB7_43
    4472     4472        0     1                 LBB8_0
    4472     4472      836     1                 core_bench_state
    4656     4656        0     1                 LBB8_1
    465b     465b        0     1                 LBB8_2
    465d     465d        0     1                 LBB8_3
    46ca     46ca        0     1                 LBB8_4
    46cf     46cf        0     1                 LBB8_5
    4784     4784        0     1                 LBB8_6
    478a     478a        0     1                 LBB8_7
    47d5     47d5        0     1                 LBB8_8
    47de     47de        0     1                 LBB8_9
    47e3     47e3        0     1                 LBB8_10
    47ee     47ee        0     1                 LBB8_11
    47f3     47f3        0     1                 LBB8_12
    47f5     47f5        0     1                 LBB8_13
    47fd     47fd        0     1                 LBB8_14
    47ff     47ff        0     1                 LBB8_15
    480a     480a        0     1                 LBB8_16
    481f     481f        0     1                 LBB8_17
    4825     4825        0     1                 LBB8_18
    4831     4831        0     1                 LBB8_19
    4836     4836        0     1                 LBB8_20
    483a     483a        0     1                 LBB8_21
    4843     4843        0     1                 LBB8_22
    4862     4862        0     1                 LBB8_23
    4868     4868        0     1                 LBB8_24
    4871     4871        0     1                 LBB8_25
    4884     4884        0     1                 LBB8_26
    488d     488d        0     1                 LBB8_27
    4893     4893        0     1                 LBB8_28
    48c1     48c1        0     1                 LBB8_29
    48c5     48c5        0     1                 LBB8_30
    4982     4982        0     1                 LBB8_31
    498b     498b        0     1                 LBB8_32
    499c     499c        0     1                 LBB8_33
    49a5     49a5        0     1                 LBB8_37
    49ae     49ae        0     1                 LBB8_35
    49b4     49b4        0     1                 LBB8_38
    49ba     49ba        0     1                 LBB8_39
    49d6     49d6        0     1                 LBB8_40
    49dc     49dc        0     1                 LBB8_41
    49f0     49f0        0     1                 LBB8_42
    49f5     49f5        0     1                 LBB8_43
    49f9     49f9        0     1                 LBB8_44
    4a0a     4a0a        0     1                 LBB8_45
    4a36     4a36        0     1                 LBB8_46
    4a3c     4a3c        0     1                 LBB8_47
    4a7a     4a7a        0     1                 LBB8_55
    4a7d     4a7d        0     1                 LBB8_56
    4ae9     4ae9        0     1                 LBB8_50
    4c58     4c58        0     1                 LBB8_51
    4c68     4c68        0     1                 LBB8_52
    4c78     4c78        0     1                 LBB8_53
    4c88     4c88        0     1                 LBB8_49
    4c8e     4c8e        0     1                 LBB8_58
    4ca8     4ca8        0     1                 LBB9_0
    4ca8     4ca8       fb     1                 core_bench_matrix
    4da4     4da4        0     1                 LBB10_0
    4da4     4da4      161     1                 crcu16
    4dd8     4dd8        0     1                 LBB10_4
    4dda     4dda        0     1                 LBB10_5
    4de4     4de4        0     1                 LBB10_1
    4e23     4e23        0     1                 LBB10_8
    4e25     4e25        0     1                 LBB10_2
    4e29     4e29        0     1                 LBB10_7
    4e38     4e38        0     1                 LBB10_3
    4e50     4e50        0     1                 LBB10_6
    4e55     4e55        0     1                 LBB10_9
    4e6e     4e6e        0     1                 LBB10_14
    4e78     4e78        0     1                 LBB10_10
    4eb7     4eb7        0     1                 LBB10_16
    4eb9     4eb9        0     1                 LBB10_11
    4ebd     4ebd        0     1                 LBB10_15
    4ecc     4ecc        0     1                 LBB10_12
    4ee4     4ee4        0     1                 LBB10_13
    4ee9     4ee9        0     1                 LBB10_17
    4f06     4f06        0     1                 LBB11_0
    4f06     4f06       7a     1                 cmp_complex
    4f80     4f80        0     1                 LBB12_0
    4f80     4f80       e3     1                 cmp_idx
    4f96     4f96        0     1                 LBB12_1
    4f9b     4f9b        0     1                 LBB12_2
    4f9b     4f9b        0     1                 LBB12_4
    4fa0     4fa0        0     1                 LBB12_3
    4fa0     4fa0        0     1                 LBB12_5
    4fc7     4fc7        0     1                 LBB12_6
    5013     5013        0     1                 LBB12_7
    5064     5064        0     1                 LBB13_0
    5064     5064       6b     1                 copy_info
    50d0     50d0        0     1                 LBB14_0
    50d0     50d0      813     1                 core_bench_list
    518b     518b        0     1                 LBB14_1
    5196     5196        0     1                 LBB14_4
    519c     519c        0     1                 LBB14_3
    51a2     51a2        0     1                 LBB14_2
    51a5     51a5        0     1                 LBB14_5
    51ae     51ae        0     1                 LBB14_6
    51f6     51f6        0     1                 LBB14_7
    51f8     51f8        0     1                 LBB14_8
    520c     520c        0     1                 LBB14_9
    528b     528b        0     1                 LBB14_10
    5290     5290        0     1                 LBB14_11
    5297     5297        0     1                 LBB14_12
    52af     52af        0     1                 LBB14_13
    52b5     52b5        0     1                 LBB14_14
    52c5     52c5        0     1                 LBB14_15
    52fe     52fe        0     1                 LBB14_16
    5303     5303        0     1                 LBB14_17
    5308     5308        0     1                 LBB14_18
    5323     5323        0     1                 LBB14_19
    5328     5328        0     1                 LBB14_20
    532a     532a        0     1                 LBB14_21
    532f     532f        0     1                 LBB14_22
    5373     5373        0     1                 LBB14_23
    5378     5378        0     1                 LBB14_24
    537a     537a        0     1                 LBB14_25
    537f     537f        0     1                 LBB14_26
    53af     53af        0     1                 LBB14_27
    53c6     53c6        0     1                 LBB14_28
    53cb     53cb        0     1                 LBB14_29
    53cd     53cd        0     1                 LBB14_30
    53ff     53ff        0     1                 LBB14_31
    5433     5433        0     1                 LBB14_32
    5483     5483        0     1                 LBB14_33
    5494     5494        0     1                 LBB14_34
    54ae     54ae        0     1                 LBB14_35
    54b4     54b4        0     1                 LBB14_36
    54f0     54f0        0     1                 LBB14_37
    5509     5509        0     1                 LBB14_38
    5512     5512        0     1                 LBB14_39
    5517     5517        0     1                 LBB14_40
    552c     552c        0     1                 LBB14_41
    5535     5535        0     1                 LBB14_42
    5544     5544        0     1                 LBB14_43
    5549     5549        0     1                 LBB14_44
    554b     554b        0     1                 LBB14_45
    5568     5568        0     1                 LBB14_46
    55a6     55a6        0     1                 LBB14_47
    55c2     55c2        0     1                 LBB14_48
    55cb     55cb        0     1                 LBB14_49
    55d0     55d0        0     1                 LBB14_50
    55d6     55d6        0     1                 LBB14_52
    55d8     55d8        0     1                 LBB14_53
    55e3     55e3        0     1                 LBB14_54
    5600     5600        0     1                 LBB14_55
    56c9     56c9        0     1                 LBB14_56
    56ce     56ce        0     1                 LBB14_57
    56d0     56d0        0     1                 LBB14_58
    56d5     56d5        0     1                 LBB14_59
    56f4     56f4        0     1                 LBB14_60
    56f9     56f9        0     1                 LBB14_61
    56fb     56fb        0     1                 LBB14_62
    5700     5700        0     1                 LBB14_63
    572a     572a        0     1                 LBB14_64
    572f     572f        0     1                 LBB14_65
    5776     5776        0     1                 LBB14_66
    577b     577b        0     1                 LBB14_67
    5780     5780        0     1                 LBB14_68
    5839     5839        0     1                 LBB14_69
    583e     583e        0     1                 LBB14_70
    5840     5840        0     1                 LBB14_71
    5845     5845        0     1                 LBB14_72
    586e     586e        0     1                 LBB14_73
    5873     5873        0     1                 LBB14_74
    58b8     58b8        0     1                 LBB14_75
    58bd     58bd        0     1                 LBB14_76
    58c2     58c2        0     1                 LBB14_77
    58e4     58e4        0     1                 LBB15_0
    58e4     58e4      20b     1                 core_list_find
    591c     591c        0     1                 LBB15_1
    5927     5927        0     1                 LBB15_2
    5933     5933        0     1                 LBB15_3
    5938     5938        0     1                 LBB15_9
    593d     593d        0     1                 LBB15_5
    5943     5943        0     1                 LBB15_7
    5948     5948        0     1                 LBB15_10
    5959     5959        0     1                 LBB15_11
    5963     5963        0     1                 LBB15_12
    5968     5968        0     1                 LBB15_15
    596a     596a        0     1                 LBB15_16
    5978     5978        0     1                 LBB15_17
    5989     5989        0     1                 LBB15_29
    5992     5992        0     1                 LBB15_19
    599d     599d        0     1                 LBB15_20
    59dd     59dd        0     1                 LBB15_21
    59e2     59e2        0     1                 LBB15_24
    59ec     59ec        0     1                 LBB15_25
    5a00     5a00        0     1                 LBB15_26
    5a1d     5a1d        0     1                 LBB15_27
    5a25     5a25        0     1                 LBB15_30
    5a2f     5a2f        0     1                 LBB15_31
    5a34     5a34        0     1                 LBB15_34
    5a36     5a36        0     1                 LBB15_35
    5a44     5a44        0     1                 LBB15_36
    5a66     5a66        0     1                 LBB15_38
    5a71     5a71        0     1                 LBB15_39
    5aa1     5aa1        0     1                 LBB15_40
    5aa6     5aa6        0     1                 LBB15_43
    5aab     5aab        0     1                 LBB15_44
    5ab9     5ab9        0     1                 LBB15_45
    5ad6     5ad6        0     1                 LBB15_46
    5adb     5adb        0     1                 LBB15_48
    5ae7     5ae7        0     1                 LBB15_49
    5af0     5af0        0     1                 LBB16_0
    5af0     5af0       9d     1                 core_list_reverse
    5b0f     5b0f        0     1                 LBB16_1
    5b14     5b14        0     1                 LBB16_2
    5b17     5b17        0     1                 LBB16_3
    5b17     5b17        0     1                 LBB16_5
    5b19     5b19        0     1                 LBB16_4
    5b1e     5b1e        0     1                 LBB16_6
    5b2f     5b2f        0     1                 LBB16_10
    5b2f     5b2f        0     1                 LBB16_12
    5b3f     5b3f        0     1                 LBB16_7
    5b7a     5b7a        0     1                 LBB16_8
    5b7f     5b7f        0     1                 LBB16_9
    5b7f     5b7f        0     1                 LBB16_11
    5b87     5b87        0     1                 LBB16_13
    5b8e     5b8e        0     1                 LBB17_0
    5b8e     5b8e      a55     1                 core_list_mergesort
    5bcf     5bcf        0     1                 LBB17_101
    5c1a     5c1a        0     1                 LBB17_1
    5c8a     5c8a        0     1                 LBB17_52
    5c91     5c91        0     1                 LBB17_3
    5d4c     5d4c        0     1                 LBB17_4
    5d5c     5d5c        0     1                 LBB17_5
    5d6c     5d6c        0     1                 LBB17_6
    5d7c     5d7c        0     1                 LBB17_7
    5d8f     5d8f        0     1                 LBB17_8
    5d99     5d99        0     1                 LBB17_9
    5d9a     5d9a        0     1                 LBB17_10
    5db5     5db5        0     1                 LBB17_11
    5dce     5dce        0     1                 LBB17_12
    5dd4     5dd4        0     1                 LBB17_13
    5df3     5df3        0     1                 LBB17_14
    5df8     5df8        0     1                 LBB17_15
    5dff     5dff        0     1                 LBB17_16
    5e3e     5e3e        0     1                 LBB17_17
    5e80     5e80        0     1                 LBB17_18
    5e90     5e90        0     1                 LBB17_19
    5ea0     5ea0        0     1                 LBB17_20
    5eb0     5eb0        0     1                 LBB17_21
    5ec3     5ec3        0     1                 LBB17_22
    5ecc     5ecc        0     1                 LBB17_23
    5ed6     5ed6        0     1                 LBB17_24
    5edf     5edf        0     1                 LBB17_25
    5ee5     5ee5        0     1                 LBB17_26
    5f74     5f74        0     1                 LBB17_27
    5feb     5feb        0     1                 LBB17_28
    6021     6021        0     1                 LBB17_29
    6031     6031        0     1                 LBB17_30
    6041     6041        0     1                 LBB17_31
    6051     6051        0     1                 LBB17_32
    6064     6064        0     1                 LBB17_33
    6069     6069        0     1                 LBB17_34
    6073     6073        0     1                 LBB17_35
    6078     6078        0     1                 LBB17_36
    607d     607d        0     1                 LBB17_37
    607f     607f        0     1                 LBB17_39
    607f     607f        0     1                 LBB17_38
    609b     609b        0     1                 LBB17_40
    60b9     60b9        0     1                 LBB17_41
    60c9     60c9        0     1                 LBB17_42
    60d9     60d9        0     1                 LBB17_43
    60e9     60e9        0     1                 LBB17_44
    60fc     60fc        0     1                 LBB17_45
    6101     6101        0     1                 LBB17_46
    610d     610d        0     1                 LBB17_47
    6116     6116        0     1                 LBB17_48
    6118     6118        0     1                 LBB17_49
    6121     6121        0     1                 LBB17_57
    6127     6127        0     1                 LBB17_58
    6139     6139        0     1                 LBB17_59
    613e     613e        0     1                 LBB17_60
    6140     6140        0     1                 LBB17_61
    6145     6145        0     1                 LBB17_62
    618d     618d        0     1                 LBB17_63
    619a     619a        0     1                 LBB17_64
    61a7     61a7        0     1                 LBB17_65
    61b4     61b4        0     1                 LBB17_66
    61b6     61b6        0     1                 LBB17_67
    61e5     61e5        0     1                 LBB17_68
    6203     6203        0     1                 LBB17_69
    6210     6210        0     1                 LBB17_70
    621d     621d        0     1                 LBB17_71
    622a     622a        0     1                 LBB17_72
    622c     622c        0     1                 LBB17_73
    625b     625b        0     1                 LBB17_74
    626d     626d        0     1                 LBB17_75
    6272     6272        0     1                 LBB17_76
    6274     6274        0     1                 LBB17_77
    6279     6279        0     1                 LBB17_78
    62d5     62d5        0     1                 LBB17_79
    62fe     62fe        0     1                 LBB17_80
    630e     630e        0     1                 LBB17_81
    631e     631e        0     1                 LBB17_82
    632e     632e        0     1                 LBB17_83
    6341     6341        0     1                 LBB17_84
    6346     6346        0     1                 LBB17_85
    6350     6350        0     1                 LBB17_86
    6355     6355        0     1                 LBB17_87
    63aa     63aa        0     1                 LBB17_88
    63ac     63ac        0     1                 LBB17_89
    63af     63af        0     1                 LBB17_92
    63b1     63b1        0     1                 LBB17_90
    63cd     63cd        0     1                 LBB17_93
    6428     6428        0     1                 LBB17_94
    6435     6435        0     1                 LBB17_91
    646a     646a        0     1                 LBB17_95
    6488     6488        0     1                 LBB17_96
    648d     648d        0     1                 LBB17_97
    648f     648f        0     1                 LBB17_98
    649d     649d        0     1                 LBB17_99
    64f4     64f4        0     1                 LBB17_50
    6506     6506        0     1                 LBB17_51
    650b     650b        0     1                 LBB17_2
    6510     6510        0     1                 LBB17_53
    65aa     65aa        0     1                 LBB17_54
    65b7     65b7        0     1                 LBB17_55
    65c4     65c4        0     1                 LBB17_56
    65d1     65d1        0     1                 LBB17_100
    65d6     65d6        0     1                 LBB17_102
    65e4     65e4        0     1                 LBB18_0
    65e4     65e4       91     1                 core_list_remove
    6676     6676        0     1                 LBB19_0
    6676     6676       66     1                 crc16
    66dc     66dc        0     1                 LBB20_0
    66dc     66dc       a5     1                 core_list_undo_remove
    6782     6782        0     1                 LBB21_0
    6782     6782      7b8     1                 core_list_init
    68fd     68fd        0     1                 LBB21_1
    6906     6906        0     1                 LBB21_4
    690c     690c        0     1                 LBB21_3
    6912     6912        0     1                 LBB21_5
    6915     6915        0     1                 LBB21_6
    6973     6973        0     1                 LBB21_8
    6a22     6a22        0     1                 LBB21_9
    6a6a     6a6a        0     1                 LBB21_10
    6a77     6a77        0     1                 LBB21_11
    6a84     6a84        0     1                 LBB21_12
    6a91     6a91        0     1                 LBB21_15
    6a93     6a93        0     1                 LBB21_16
    6a98     6a98        0     1                 LBB21_17
    6ac5     6ac5        0     1                 LBB21_19
    6acb     6acb        0     1                 LBB21_20
    6b74     6b74        0     1                 LBB21_21
    6b79     6b79        0     1                 LBB21_22
    6b7b     6b7b        0     1                 LBB21_23
    6bad     6bad        0     1                 LBB21_24
    6bd1     6bd1        0     1                 LBB21_25
    6bd7     6bd7        0     1                 LBB21_26
    6c5e     6c5e        0     1                 LBB21_27
    6c9d     6c9d        0     1                 LBB21_28
    6cad     6cad        0     1                 LBB21_29
    6cbd     6cbd        0     1                 LBB21_30
    6cd0     6cd0        0     1                 LBB21_32
    6cd9     6cd9        0     1                 LBB21_33
    6ce2     6ce2        0     1                 LBB21_34
    6d02     6d02        0     1                 LBB21_35
    6d07     6d07        0     1                 LBB21_39
    6d09     6d09        0     1                 LBB21_40
    6d0e     6d0e        0     1                 LBB21_41
    6de2     6de2        0     1                 LBB21_43
    6e00     6e00        0     1                 LBB21_44
    6e1e     6e1e        0     1                 LBB21_45
    6e2e     6e2e        0     1                 LBB21_46
    6e3e     6e3e        0     1                 LBB21_47
    6e51     6e51        0     1                 LBB21_49
    6e59     6e59        0     1                 LBB21_51
    6e5b     6e5b        0     1                 LBB21_52
    6e85     6e85        0     1                 LBB21_53
    6ec3     6ec3        0     1                 LBB21_54
    6f08     6f08        0     1                 LBB21_55
    6f0d     6f0d        0     1                 LBB21_57
    6f12     6f12        0     1                 LBB21_58
    6f3a     6f3a        0     1                 LBB22_0
    6f3a     6f3a      1a9     1                 core_list_insert_new
    6f7a     6f7a        0     1                 LBB22_2
    6f7f     6f7f        0     1                 LBB22_1
    6f81     6f81        0     1                 LBB22_3
    6fcf     6fcf        0     1                 LBB22_4
    6ff5     6ff5        0     1                 LBB22_6
    6ffa     6ffa        0     1                 LBB22_5
    6ffc     6ffc        0     1                 LBB22_7
    7003     7003        0     1                 LBB22_8
    70dd     70dd        0     1                 LBB22_9
    70e4     70e4        0     1                 LBB23_0
    70e4     70e4      59e     1                 matrix_test
    7682     7682        0     1                 LBB24_0
    7682     7682      384     1                 matrix_add_const
    76ee     76ee        0     1                 LBB24_1
    76fb     76fb        0     1                 LBB24_2
    7708     7708        0     1                 LBB24_3
    7715     7715        0     1                 LBB24_4
    7718     7718        0     1                 LBB24_6
    771d     771d        0     1                 LBB24_5
    773e     773e        0     1                 LBB24_7
    7757     7757        0     1                 LBB24_21
    7757     7757        0     1                 LBB24_24
    7760     7760        0     1                 LBB24_8
    7824     7824        0     1                 LBB24_13
    7824     7824        0     1                 LBB24_16
    782d     782d        0     1                 LBB24_9
    7931     7931        0     1                 LBB24_10
    7941     7941        0     1                 LBB24_11
    7951     7951        0     1                 LBB24_12
    7964     7964        0     1                 LBB24_14
    7964     7964        0     1                 LBB24_15
    796d     796d        0     1                 LBB24_17
    79c4     79c4        0     1                 LBB24_18
    79d4     79d4        0     1                 LBB24_19
    79e4     79e4        0     1                 LBB24_20
    79f7     79f7        0     1                 LBB24_22
    79f7     79f7        0     1                 LBB24_23
    7a00     7a00        0     1                 LBB24_25
    7a06     7a06        0     1                 LBB25_0
    7a06     7a06      484     1                 matrix_mul_const
    7a72     7a72        0     1                 LBB25_1
    7a7f     7a7f        0     1                 LBB25_2
    7a8c     7a8c        0     1                 LBB25_3
    7a99     7a99        0     1                 LBB25_4
    7a9c     7a9c        0     1                 LBB25_6
    7aa1     7aa1        0     1                 LBB25_5
    7ad5     7ad5        0     1                 LBB25_7
    7b18     7b18        0     1                 LBB25_21
    7b18     7b18        0     1                 LBB25_24
    7b21     7b21        0     1                 LBB25_8
    7be5     7be5        0     1                 LBB25_13
    7be5     7be5        0     1                 LBB25_16
    7bee     7bee        0     1                 LBB25_9
    7db5     7db5        0     1                 LBB25_10
    7dc5     7dc5        0     1                 LBB25_11
    7dd5     7dd5        0     1                 LBB25_12
    7de8     7de8        0     1                 LBB25_14
    7de8     7de8        0     1                 LBB25_15
    7df1     7df1        0     1                 LBB25_17
    7e48     7e48        0     1                 LBB25_18
    7e58     7e58        0     1                 LBB25_19
    7e68     7e68        0     1                 LBB25_20
    7e7b     7e7b        0     1                 LBB25_22
    7e7b     7e7b        0     1                 LBB25_23
    7e84     7e84        0     1                 LBB25_25
    7e8a     7e8a        0     1                 LBB26_0
    7e8a     7e8a      783     1                 matrix_sum
    7eed     7eed        0     1                 LBB26_1
    7efa     7efa        0     1                 LBB26_2
    7f07     7f07        0     1                 LBB26_3
    7f14     7f14        0     1                 LBB26_5
    7f16     7f16        0     1                 LBB26_6
    7f43     7f43        0     1                 LBB26_7
    7fe1     7fe1        0     1                 LBB26_9
    7fff     7fff        0     1                 LBB26_10
    8105     8105        0     1                 LBB26_12
    813b     813b        0     1                 LBB26_13
    827a     827a        0     1                 LBB26_14
    828a     828a        0     1                 LBB26_15
    829a     829a        0     1                 LBB26_16
    82aa     82aa        0     1                 LBB26_17
    82ba     82ba        0     1                 LBB26_23
    82c0     82c0        0     1                 LBB26_19
    82ca     82ca        0     1                 LBB26_20
    82cd     82cd        0     1                 LBB26_24
    8329     8329        0     1                 LBB26_26
    8380     8380        0     1                 LBB26_27
    83c0     83c0        0     1                 LBB26_28
    83d0     83d0        0     1                 LBB26_29
    83e0     83e0        0     1                 LBB26_30
    83f3     83f3        0     1                 LBB26_32
    83f8     83f8        0     1                 LBB26_33
    841a     841a        0     1                 LBB26_34
    841f     841f        0     1                 LBB26_36
    8421     8421        0     1                 LBB26_37
    8451     8451        0     1                 LBB26_38
    8453     8453        0     1                 LBB26_39
    846e     846e        0     1                 LBB26_40
    84be     84be        0     1                 LBB26_41
    84ce     84ce        0     1                 LBB26_42
    84de     84de        0     1                 LBB26_43
    84f1     84f1        0     1                 LBB26_45
    8527     8527        0     1                 LBB26_46
    8596     8596        0     1                 LBB26_47
    85a6     85a6        0     1                 LBB26_48
    85b6     85b6        0     1                 LBB26_49
    85c9     85c9        0     1                 LBB26_51
    85e7     85e7        0     1                 LBB26_52
    860e     860e        0     1                 LBB27_0
    860e     860e      526     1                 matrix_mul_vect
    867a     867a        0     1                 LBB27_1
    8687     8687        0     1                 LBB27_2
    8694     8694        0     1                 LBB27_3
    86a1     86a1        0     1                 LBB27_4
    86a4     86a4        0     1                 LBB27_6
    86a9     86a9        0     1                 LBB27_5
    86d8     86d8        0     1                 LBB27_7
    86f1     86f1        0     1                 LBB27_21
    86f1     86f1        0     1                 LBB27_24
    86fa     86fa        0     1                 LBB27_8
    8808     8808        0     1                 LBB27_13
    8808     8808        0     1                 LBB27_16
    8841     8841        0     1                 LBB27_9
    8a02     8a02        0     1                 LBB27_10
    8a12     8a12        0     1                 LBB27_11
    8a22     8a22        0     1                 LBB27_12
    8a35     8a35        0     1                 LBB27_14
    8a35     8a35        0     1                 LBB27_15
    8a6e     8a6e        0     1                 LBB27_17
    8af2     8af2        0     1                 LBB27_18
    8b02     8b02        0     1                 LBB27_19
    8b12     8b12        0     1                 LBB27_20
    8b25     8b25        0     1                 LBB27_22
    8b25     8b25        0     1                 LBB27_23
    8b2e     8b2e        0     1                 LBB27_25
    8b34     8b34        0     1                 LBB28_0
    8b34     8b34      746     1                 matrix_mul_matrix
    8ba0     8ba0        0     1                 LBB28_1
    8bad     8bad        0     1                 LBB28_2
    8bba     8bba        0     1                 LBB28_3
    8bc7     8bc7        0     1                 LBB28_4
    8bca     8bca        0     1                 LBB28_6
    8bcf     8bcf        0     1                 LBB28_5
    8bfe     8bfe        0     1                 LBB28_7
    8c17     8c17        0     1                 LBB28_30
    8c17     8c17        0     1                 LBB28_33
    8c20     8c20        0     1                 LBB28_8
    8ce4     8ce4        0     1                 LBB28_22
    8ce4     8ce4        0     1                 LBB28_25
    8ced     8ced        0     1                 LBB28_9
    8dc4     8dc4        0     1                 LBB28_14
    8dc4     8dc4        0     1                 LBB28_17
    8dfd     8dfd        0     1                 LBB28_10
    909d     909d        0     1                 LBB28_11
    90ad     90ad        0     1                 LBB28_12
    90bd     90bd        0     1                 LBB28_13
    90d0     90d0        0     1                 LBB28_15
    90d0     90d0        0     1                 LBB28_16
    9109     9109        0     1                 LBB28_18
    91a5     91a5        0     1                 LBB28_19
    91b5     91b5        0     1                 LBB28_20
    91c5     91c5        0     1                 LBB28_21
    91d8     91d8        0     1                 LBB28_23
    91d8     91d8        0     1                 LBB28_24
    91e1     91e1        0     1                 LBB28_26
    9238     9238        0     1                 LBB28_27
    9248     9248        0     1                 LBB28_28
    9258     9258        0     1                 LBB28_29
    926b     926b        0     1                 LBB28_31
    926b     926b        0     1                 LBB28_32
    9274     9274        0     1                 LBB28_34
    927a     927a        0     1                 LBB29_0
    927a     927a      851     1                 matrix_mul_matrix_bitextract
    92e6     92e6        0     1                 LBB29_1
    92f3     92f3        0     1                 LBB29_2
    9300     9300        0     1                 LBB29_3
    930d     930d        0     1                 LBB29_4
    9310     9310        0     1                 LBB29_6
    9315     9315        0     1                 LBB29_5
    9344     9344        0     1                 LBB29_7
    935d     935d        0     1                 LBB29_30
    935d     935d        0     1                 LBB29_33
    9366     9366        0     1                 LBB29_8
    942a     942a        0     1                 LBB29_22
    942a     942a        0     1                 LBB29_25
    9433     9433        0     1                 LBB29_9
    950a     950a        0     1                 LBB29_14
    950a     950a        0     1                 LBB29_17
    9543     9543        0     1                 LBB29_10
    98ee     98ee        0     1                 LBB29_11
    98fe     98fe        0     1                 LBB29_12
    990e     990e        0     1                 LBB29_13
    9921     9921        0     1                 LBB29_15
    9921     9921        0     1                 LBB29_16
    995a     995a        0     1                 LBB29_18
    99f6     99f6        0     1                 LBB29_19
    9a06     9a06        0     1                 LBB29_20
    9a16     9a16        0     1                 LBB29_21
    9a29     9a29        0     1                 LBB29_23
    9a29     9a29        0     1                 LBB29_24
    9a32     9a32        0     1                 LBB29_26
    9a89     9a89        0     1                 LBB29_27
    9a99     9a99        0     1                 LBB29_28
    9aa9     9aa9        0     1                 LBB29_29
    9abc     9abc        0     1                 LBB29_31
    9abc     9abc        0     1                 LBB29_32
    9ac5     9ac5        0     1                 LBB29_34
    9acc     9acc        0     1                 LBB30_0
    9acc     9acc      c01     1                 core_init_matrix
    9b06     9b06        0     1                 LBB30_1
    9b16     9b16        0     1                 LBB30_2
    9b26     9b26        0     1                 LBB30_3
    9b39     9b39        0     1                 LBB30_5
    9b42     9b42        0     1                 LBB30_7
    9b48     9b48        0     1                 LBB30_8
    9b60     9b60        0     1                 LBB30_9
    9be8     9be8        0     1                 LBB30_10
    9bf5     9bf5        0     1                 LBB30_11
    9c02     9c02        0     1                 LBB30_12
    9c0f     9c0f        0     1                 LBB30_14
    9c11     9c11        0     1                 LBB30_15
    9c6b     9c6b        0     1                 LBB30_16
    9c89     9c89        0     1                 LBB30_18
    9caa     9caa        0     1                 LBB30_19
    9db7     9db7        0     1                 LBB30_20
    9dc7     9dc7        0     1                 LBB30_21
    9dd7     9dd7        0     1                 LBB30_22
    9dea     9dea        0     1                 LBB30_24
    9e0b     9e0b        0     1                 LBB30_25
    9ef0     9ef0        0     1                 LBB30_26
    9efd     9efd        0     1                 LBB30_27
    9f0a     9f0a        0     1                 LBB30_28
    9f17     9f17        0     1                 LBB30_30
    9f19     9f19        0     1                 LBB30_31
    9f40     9f40        0     1                 LBB30_32
    9f84     9f84        0     1                 LBB30_34
    9f8d     9f8d        0     1                 LBB30_35
    a069     a069        0     1                 LBB30_43
    a06c     a06c        0     1                 LBB30_44
    a0b4     a0b4        0     1                 LBB30_38
    a52c     a52c        0     1                 LBB30_39
    a53c     a53c        0     1                 LBB30_40
    a54c     a54c        0     1                 LBB30_41
    a55c     a55c        0     1                 LBB30_37
    a562     a562        0     1                 LBB30_46
    a5d1     a5d1        0     1                 LBB30_47
    a5e1     a5e1        0     1                 LBB30_48
    a5f1     a5f1        0     1                 LBB30_49
    a604     a604        0     1                 LBB30_51
    a60d     a60d        0     1                 LBB30_52
    a6ce     a6ce        0     1                 LBB31_0
    a6ce     a6ce      641     1                 core_state_transition
    a6fa     a6fa        0     1                 LBB31_1
    a6ff     a6ff        0     1                 LBB31_2
    a701     a701        0     1                 LBB31_3
    a71d     a71d        0     1                 LBB31_4
    a7b3     a7b3        0     1                 LBB31_6
    a7b8     a7b8        0     1                 LBB31_7
    a7c3     a7c3        0     1                 LBB31_8
    a7c8     a7c8        0     1                 LBB31_9
    a7ca     a7ca        0     1                 LBB31_10
    a7d9     a7d9        0     1                 LBB31_11
    a7e3     a7e3        0     1                 LBB31_12
    a7ff     a7ff        0     1                 LBB31_13
    a805     a805        0     1                 LBB31_31
    a80f     a80f        0     1                 LBB31_32
    a814     a814        0     1                 LBB31_41
    a816     a816        0     1                 LBB31_34
    a81b     a81b        0     1                 LBB31_42
    a825     a825        0     1                 LBB31_43
    a82a     a82a        0     1                 LBB31_52
    a82c     a82c        0     1                 LBB31_45
    a831     a831        0     1                 LBB31_53
    a83b     a83b        0     1                 LBB31_54
    a840     a840        0     1                 LBB31_82
    a842     a842        0     1                 LBB31_83
    a847     a847        0     1                 LBB31_84
    a852     a852        0     1                 LBB31_85
    a857     a857        0     1                 LBB31_23
    a85d     a85d        0     1                 LBB31_30
    a86b     a86b        0     1                 LBB31_27
    a870     a870        0     1                 LBB31_28
    a875     a875        0     1                 LBB31_64
    a87b     a87b        0     1                 LBB31_14
    a885     a885        0     1                 LBB31_15
    a8a1     a8a1        0     1                 LBB31_65
    a8a6     a8a6        0     1                 LBB31_66
    a8ab     a8ab        0     1                 LBB31_98
    a8b1     a8b1        0     1                 LBB31_69
    a8bb     a8bb        0     1                 LBB31_70
    a8c0     a8c0        0     1                 LBB31_76
    a8c2     a8c2        0     1                 LBB31_72
    a8c7     a8c7        0     1                 LBB31_77
    a8d1     a8d1        0     1                 LBB31_78
    a8d6     a8d6        0     1                 LBB31_92
    a8d8     a8d8        0     1                 LBB31_93
    a8dd     a8dd        0     1                 LBB31_94
    a8f2     a8f2        0     1                 LBB31_95
    a8f4     a8f4        0     1                 LBB31_96
    a90c     a90c        0     1                 LBB31_25
    a912     a912        0     1                 LBB31_16
    a918     a918        0     1                 LBB31_17
    a922     a922        0     1                 LBB31_18
    a927     a927        0     1                 LBB31_58
    a929     a929        0     1                 LBB31_20
    a92e     a92e        0     1                 LBB31_59
    a938     a938        0     1                 LBB31_60
    a93d     a93d        0     1                 LBB31_87
    a93f     a93f        0     1                 LBB31_88
    a944     a944        0     1                 LBB31_89
    a954     a954        0     1                 LBB31_90
    a959     a959        0     1                 LBB31_35
    a96e     a96e        0     1                 LBB31_36
    a970     a970        0     1                 LBB31_37
    a985     a985        0     1                 LBB31_38
    a990     a990        0     1                 LBB31_39
    a995     a995        0     1                 LBB31_73
    a9a5     a9a5        0     1                 LBB31_74
    a9aa     a9aa        0     1                 LBB31_21
    a9b5     a9b5        0     1                 LBB31_22
    a9ba     a9ba        0     1                 LBB31_46
    a9cf     a9cf        0     1                 LBB31_47
    a9d1     a9d1        0     1                 LBB31_48
    a9e6     a9e6        0     1                 LBB31_49
    a9f1     a9f1        0     1                 LBB31_50
    a9f6     a9f6        0     1                 LBB31_103
    a9f8     a9f8        0     1                 LBB31_104
    aa12     aa12        0     1                 LBB31_99
    aa14     aa14        0     1                 LBB31_100
    aa29     aa29        0     1                 LBB31_101
    aa39     aa39        0     1                 LBB31_102
    aa3e     aa3e        0     1                 LBB31_105
    aa40     aa40        0     1                 LBB31_106
    aa55     aa55        0     1                 LBB31_107
    aa65     aa65        0     1                 LBB31_108
    aa6a     aa6a        0     1                 LBB31_109
    aa6c     aa6c        0     1                 LBB31_110
    aa81     aa81        0     1                 LBB31_111
    aa8c     aa8c        0     1                 LBB31_112
    aa91     aa91        0     1                 LBB31_113
    aa93     aa93        0     1                 LBB31_114
    aa99     aa99        0     1                 LBB31_116
    aa9b     aa9b        0     1                 LBB31_117
    aab0     aab0        0     1                 LBB31_118
    aabb     aabb        0     1                 LBB31_119
    aac0     aac0        0     1                 LBB31_120
    aac2     aac2        0     1                 LBB31_121
    aad2     aad2        0     1                 LBB31_123
    aad4     aad4        0     1                 LBB31_124
    aae1     aae1        0     1                 LBB31_115
    aaee     aaee        0     1                 LBB31_125
    aaf0     aaf0        0     1                 LBB31_126
    aafb     aafb        0     1                 LBB31_127
    ab06     ab06        0     1                 LBB31_128
    ab0c     ab0c        0     1                 LBB31_129
    ab12     ab12        0     1                 LBB31_130
    ab14     ab14        0     1                 LBB31_131
    ab21     ab21        0     1                 LBB31_122
    ab2c     ab2c        0     1                 LBB31_132
    ab32     ab32        0     1                 LBB31_133
    ab9e     ab9e        0     1                 LBB31_134
    abac     abac        0     1                 LBB31_135
    ac0e     ac0e        0     1                 LBB31_136
    ac2e     ac2e        0     1                 LBB31_137
    ac37     ac37        0     1                 LBB31_138
    ac3d     ac3d        0     1                 LBB31_139
    ac50     ac50        0     1                 LBB31_140
    ac55     ac55        0     1                 LBB31_142
    ac59     ac59        0     1                 LBB31_143
    ac70     ac70        0     1                 LBB31_144
    acf0     acf0        0     1                 LBB31_145
    ad10     ad10        0     1                 LBB32_0
    ad10     ad10       b1     1                 crcu32
    adc2     adc2        0     1                 LBB33_0
    adc2     adc2      5da     1                 core_init_state
    ae43     ae43        0     1                 LBB33_1
    ae53     ae53        0     1                 LBB33_2
    ae63     ae63        0     1                 LBB33_3
    ae76     ae76        0     1                 LBB33_5
    ae76     ae76        0     1                 LBB33_6
    ae7b     ae7b        0     1                 LBB33_4
    ae7b     ae7b        0     1                 LBB33_7
    ae7d     ae7d        0     1                 LBB33_8
    aecb     aecb        0     1                 LBB33_9
    af01     af01        0     1                 LBB33_46
    af01     af01        0     1                 LBB33_49
    af06     af06        0     1                 LBB33_10
    af27     af27        0     1                 LBB33_11
    af34     af34        0     1                 LBB33_12
    af41     af41        0     1                 LBB33_13
    af4e     af4e        0     1                 LBB33_14
    af51     af51        0     1                 LBB33_30
    af53     af53        0     1                 LBB33_31
    af82     af82        0     1                 LBB33_32
    afaf     afaf        0     1                 LBB33_37
    afaf     afaf        0     1                 LBB33_40
    afb5     afb5        0     1                 LBB33_33
    b00c     b00c        0     1                 LBB33_34
    b01c     b01c        0     1                 LBB33_35
    b02c     b02c        0     1                 LBB33_36
    b03f     b03f        0     1                 LBB33_38
    b03f     b03f        0     1                 LBB33_39
    b045     b045        0     1                 LBB33_41
    b0be     b0be        0     1                 LBB33_42
    b228     b228        0     1                 LBB33_43
    b238     b238        0     1                 LBB33_44
    b248     b248        0     1                 LBB33_45
    b25b     b25b        0     1                 LBB33_47
    b25b     b25b        0     1                 LBB33_48
    b25d     b25d        0     1                 LBB33_50
    b279     b279        0     1                 LBB33_15
    b2b9     b2b9        0     1                 LBB33_16
    b2c9     b2c9        0     1                 LBB33_17
    b2d9     b2d9        0     1                 LBB33_18
    b2ec     b2ec        0     1                 LBB33_20
    b2ec     b2ec        0     1                 LBB33_22
    b2f5     b2f5        0     1                 LBB33_19
    b2f5     b2f5        0     1                 LBB33_21
    b2fe     b2fe        0     1                 LBB33_23
    b303     b303        0     1                 LBB33_28
    b303     b303        0     1                 LBB33_52
    b308     b308        0     1                 LBB33_24
    b35a     b35a        0     1                 LBB33_25
    b36a     b36a        0     1                 LBB33_26
    b37a     b37a        0     1                 LBB33_27
    b38d     b38d        0     1                 LBB33_29
    b38d     b38d        0     1                 LBB33_51
    b396     b396        0     1                 LBB33_53
    b39c     b39c        0     1                 LBB34_0
    b39c     b39c       98     1                 get_seed_32
    b3bf     b3bf        0     1                 LBB34_1
    b3c4     b3c4        0     1                 LBB34_3
    b3c9     b3c9        0     1                 LBB34_4
    b3ce     b3ce        0     1                 LBB34_5
    b3d1     b3d1        0     1                 LBB34_6
    b3d1     b3d1        0     1                 LBB34_9
    b3d3     b3d3        0     1                 LBB34_2
    b3e6     b3e6        0     1                 LBB34_7
    b420     b420        0     1                 LBB34_8
    b434     b434        0     1                 LBB35_0
    b434     b434       c9     1                 crcu8
    b45c     b45c        0     1                 LBB35_5
    b466     b466        0     1                 LBB35_1
    b4a6     b4a6        0     1                 LBB35_7
    b4a8     b4a8        0     1                 LBB35_2
    b4ac     b4ac        0     1                 LBB35_6
    b4bd     b4bd        0     1                 LBB35_3
    b4d7     b4d7        0     1                 LBB35_4
    b4dc     b4dc        0     1                 LBB35_8
    b4fe     b4fe        0     1                 LBB36_0
    b4fe     b4fe        3     1                 check_data_types
    b502     b502        0     1                 LBB37_0
    b502     b502      334     1                 iterate
    b5dc     b5dc        0     1                 LBB37_1
    b5e9     b5e9        0     1                 LBB37_2
    b5f6     b5f6        0     1                 LBB37_3
    b603     b603        0     1                 LBB37_6
    b605     b605        0     1                 LBB37_7
    b60a     b60a        0     1                 LBB37_8
    b642     b642        0     1                 LBB37_10
    b64b     b64b        0     1                 LBB37_11
    b733     b733        0     1                 LBB37_12
    b740     b740        0     1                 LBB37_13
    b74d     b74d        0     1                 LBB37_14
    b75a     b75a        0     1                 LBB37_16
    b75f     b75f        0     1                 LBB37_17
    b764     b764        0     1                 LBB37_18
    b77a     b77a        0     1                 LBB37_19
    b7f5     b7f5        0     1                 LBB37_20
    b805     b805        0     1                 LBB37_21
    b815     b815        0     1                 LBB37_22
    b828     b828        0     1                 LBB37_24
    b82d     b82d        0     1                 LBB37_25
    b836     b836        0     1                 LBB38_0
    b836     b836     103e     1                 coremark_main
    b988     b988        0     1                 LBB38_1
    b995     b995        0     1                 LBB38_2
    b9a2     b9a2        0     1                 LBB38_3
    b9af     b9af        0     1                 LBB38_5
    b9b1     b9b1        0     1                 LBB38_6
    b9c5     b9c5        0     1                 LBB38_7
    b9dd     b9dd        0     1                 LBB38_8
    ba0f     ba0f        0     1                 LBB38_9
    ba14     ba14        0     1                 LBB38_11
    ba16     ba16        0     1                 LBB38_13
    ba1b     ba1b        0     1                 LBB38_14
    ba2e     ba2e        0     1                 LBB38_15
    ba33     ba33        0     1                 LBB38_17
    ba35     ba35        0     1                 LBB38_19
    ba3a     ba3a        0     1                 LBB38_20
    ba4a     ba4a        0     1                 LBB38_21
    ba4f     ba4f        0     1                 LBB38_25
    ba51     ba51        0     1                 LBB38_26
    ba56     ba56        0     1                 LBB38_27
    ba69     ba69        0     1                 LBB38_28
    ba6e     ba6e        0     1                 LBB38_30
    ba70     ba70        0     1                 LBB38_32
    ba88     ba88        0     1                 LBB38_33
    ba9b     ba9b        0     1                 LBB38_34
    baa0     baa0        0     1                 LBB38_36
    baa2     baa2        0     1                 LBB38_38
    baa7     baa7        0     1                 LBB38_39
    bab7     bab7        0     1                 LBB38_40
    babc     babc        0     1                 LBB38_42
    babe     babe        0     1                 LBB38_44
    bac3     bac3        0     1                 LBB38_45
    bafc     bafc        0     1                 LBB38_46
    bd52     bd52        0     1                 LBB38_47
    bd5f     bd5f        0     1                 LBB38_48
    bd6c     bd6c        0     1                 LBB38_49
    bd79     bd79        0     1                 LBB38_52
    bd7b     bd7b        0     1                 LBB38_53
    bd80     bd80        0     1                 LBB38_54
    bdad     bdad        0     1                 LBB38_55
    bdf5     bdf5        0     1                 LBB38_56
    be02     be02        0     1                 LBB38_57
    be0f     be0f        0     1                 LBB38_58
    be1c     be1c        0     1                 LBB38_60
    be1e     be1e        0     1                 LBB38_61
    be5a     be5a        0     1                 LBB38_62
    bed7     bed7        0     1                 LBB38_63
    bef5     bef5        0     1                 LBB38_64
    bf02     bf02        0     1                 LBB38_65
    bf0f     bf0f        0     1                 LBB38_66
    bf1c     bf1c        0     1                 LBB38_69
    bf1e     bf1e        0     1                 LBB38_70
    bf23     bf23        0     1                 LBB38_71
    bf5d     bf5d        0     1                 LBB38_72
    bfa5     bfa5        0     1                 LBB38_73
    bfb2     bfb2        0     1                 LBB38_74
    bfbf     bfbf        0     1                 LBB38_75
    bfcc     bfcc        0     1                 LBB38_78
    bfce     bfce        0     1                 LBB38_79
    bfd3     bfd3        0     1                 LBB38_80
    c04f     c04f        0     1                 LBB38_81
    c097     c097        0     1                 LBB38_82
    c0a4     c0a4        0     1                 LBB38_83
    c0b1     c0b1        0     1                 LBB38_84
    c0be     c0be        0     1                 LBB38_86
    c0c0     c0c0        0     1                 LBB38_87
    c0ef     c0ef        0     1                 LBB38_88
    c20f     c20f        0     1                 LBB38_89
    c22d     c22d        0     1                 LBB38_90
    c23a     c23a        0     1                 LBB38_91
    c247     c247        0     1                 LBB38_92
    c254     c254        0     1                 LBB38_95
    c256     c256        0     1                 LBB38_96
    c25b     c25b        0     1                 LBB38_97
    c2bb     c2bb        0     1                 LBB38_98
    c2ef     c2ef        0     1                 LBB38_99
    c2fc     c2fc        0     1                 LBB38_100
    c309     c309        0     1                 LBB38_101
    c316     c316        0     1                 LBB38_103
    c318     c318        0     1                 LBB38_104
    c31d     c31d        0     1                 LBB38_105
    c352     c352        0     1                 LBB38_106
    c3d5     c3d5        0     1                 LBB38_107
    c3e0     c3e0        0     1                 LBB38_108
    c3e5     c3e5        0     1                 LBB38_109
    c3ea     c3ea        0     1                 LBB38_112
    c3f0     c3f0        0     1                 LBB38_113
    c3fa     c3fa        0     1                 LBB38_114
    c3ff     c3ff        0     1                 LBB38_136
    c401     c401        0     1                 LBB38_137
    c40d     c40d        0     1                 LBB38_138
    c417     c417        0     1                 LBB38_139
    c41c     c41c        0     1                 LBB38_148
    c41e     c41e        0     1                 LBB38_149
    c423     c423        0     1                 LBB38_150
    c429     c429        0     1                 LBB38_111
    c42f     c42f        0     1                 LBB38_116
    c435     c435        0     1                 LBB38_117
    c43f     c43f        0     1                 LBB38_118
    c444     c444        0     1                 LBB38_123
    c446     c446        0     1                 LBB38_120
    c44b     c44b        0     1                 LBB38_124
    c455     c455        0     1                 LBB38_125
    c45a     c45a        0     1                 LBB38_130
    c45c     c45c        0     1                 LBB38_127
    c461     c461        0     1                 LBB38_131
    c46b     c46b        0     1                 LBB38_132
    c470     c470        0     1                 LBB38_134
    c472     c472        0     1                 LBB38_145
    c477     c477        0     1                 LBB38_146
    c47d     c47d        0     1                 LBB38_121
    c483     c483        0     1                 LBB38_128
    c486     c486        0     1                 LBB38_151
    c51c     c51c        0     1                 LBB38_152
    c52d     c52d        0     1                 LBB38_153
    c574     c574        0     1                 LBB38_154
    c584     c584        0     1                 LBB38_155
    c594     c594        0     1                 LBB38_156
    c5a4     c5a4        0     1                 LBB38_160
    c5ad     c5ad        0     1                 LBB38_158
    c5b3     c5b3        0     1                 LBB38_161
    c672     c672        0     1                 LBB38_164
    c674     c674        0     1                 LBB38_165
    c679     c679        0     1                 LBB38_166
    c6a2     c6a2        0     1                 LBB38_167
    c6a7     c6a7        0     1                 LBB38_170
    c6a9     c6a9        0     1                 LBB38_171
    c6c1     c6c1        0     1                 LBB38_172
    c6dc     c6dc        0     1                 LBB38_173
    c723     c723        0     1                 LBB38_176
    c725     c725        0     1                 LBB38_177
    c72a     c72a        0     1                 LBB38_178
    c773     c773        0     1                 LBB38_179
    c778     c778        0     1                 LBB38_182
    c77a     c77a        0     1                 LBB38_183
    c77f     c77f        0     1                 LBB38_184
    c7a4     c7a4        0     1                 LBB38_185
    c7eb     c7eb        0     1                 LBB38_188
    c7ed     c7ed        0     1                 LBB38_187
    c7f2     c7f2        0     1                 LBB38_189
    c83b     c83b        0     1                 LBB38_190
    c840     c840        0     1                 LBB38_193
    c842     c842        0     1                 LBB38_194
    c847     c847        0     1                 LBB38_195
    c86b     c86b        0     1                 LBB38_196
    c874     c874        0     1                 LBB39_0
    c874     c874       13     1                 main
    c884     c884        0     1                 LBB39_1
    c888     c888      4f0     4         /Users/andrewpullin/personal/llvm-8085/sysroot/lib/libgcc.a(int_div.o):(.text)
    c888     c888       2f     1                 __udivmod8
    c8b7     c8b7        3     1                 __udiv8
    c8ba     c8ba       12     1                 __urem8
    c8cc     c8cc       5a     1                 __sdiv8
    c926     c926       58     1                 __srem8
    c97e     c97e       5c     1                 __sdivmod8
    c9da     c9da       63     1                 __udivmod16
    ca3d     ca3d        3     1                 __udiv16
    ca40     ca40       15     1                 __urem16
    ca55     ca55       3d     1                 __sdiv16
    ca92     ca92       3e     1                 __srem16
    cad0     cad0       4b     1                 __sdivmod16
    cb1b     cb1b       a9     1                 __udivmod32
    cbc4     cbc4        3     1                 __udiv32
    cbc7     cbc7       98     1                 __urem32
    cc5f     cc5f       8f     1                 __sdiv32
    ccee     ccee       8a     1                 __srem32
    cd78     cd78      96b     4         /Users/andrewpullin/personal/llvm-8085/sysroot/lib/libgcc.a(int_mul.o):(.text)
    cd78     cd78       27     1                 __mul8
    cd9f     cd9f       30     1                 __mul16
    cdcf     cdcf       5b     1                 __mul32
    ce2a     ce2a       8e     1                 __mulsi16
    ceb8     ceb8       83     1                 __mulsi16_shr8
    cf3b     cf3b       8f     1                 __mulsi16_hi16
    cfca     cfca       30     1                 __mulsi16_lo16
    cffa     cffa       53     1                 __mulsi8
    d04d     d04d       5b     1                 __mulsi8_hi8
    d0a8     d0a8        3     1                 __mulsi8_lo8
    d0ab     d0ab      171     1                 __mulsi32
    d21c     d21c      12d     1                 __mulsi32_shr16
    d349     d349      14b     1                 __mulsi32_hi32
    d494     d494       2f     1                 __mului8
    d4c3     d4c3       5a     1                 __mului16
    d51d     d51d       e0     1                 __mului32
    d5fd     d5fd       e6     1                 __muldi3
    d6e4     d6e4      10a     2 .rodata
    d6e4     d6e4       58     2         /Users/andrewpullin/personal/llvm-8085/tooling/examples/coremark/build/O2/coremark.o:(.rodata)
    d6e4     d6e4        8     1                 intpat
    d6ec     d6ec        8     1                 floatpat
    d6f4     d6f4        8     1                 scipat
    d6fc     d6fc        8     1                 errpat
    d704     d704        a     1                 list_known_crc
    d70e     d70e        a     1                 matrix_known_crc
    d718     d718        a     1                 state_known_crc
    d722     d722       10     1                 switch.table.core_init_state
    d732     d732        a     1                 switch.table.get_seed_32
    d73c     d73c       92     1         <internal>:(.rodata.str1.1)
    d7ce     d7ce       20     1         <internal>:(.rodata.cst32)
    d7ee     d7ee        0     1 . = ALIGN(2)
    d7ee     d7ee        0     1 _etext = .
    d7ee     d7ee ffffffffffff2852     1 . = ORIGIN(RAM)
      40     d7ee       1a     1 .data
      40     d7ee        0     1         . = ALIGN(2)
      40     d7ee        0     1         _sdata = .
      40     d7ee       1a     1         /Users/andrewpullin/personal/llvm-8085/tooling/examples/coremark/build/O2/coremark.o:(.data)
      40     d7ee        4     1                 seed1_volatile
      44     d7f2        4     1                 seed2_volatile
      48     d7f6        4     1                 seed3_volatile
      4c     d7fa        4     1                 seed4_volatile
      50     d7fe        4     1                 default_num_contexts
      54     d802        6     1                 mem_name
      5a     d808        0     1         . = ALIGN(2)
      5a     d808        0     1         _edata = .
      5a     d808        0     1 _sidata = LOADADDR(.data)
      5a     d808       cc     1 .bss
      5a     d808        0     1         . = ALIGN(2)
      5a     d808        0     1         _sbss = .
      5a     d808       cc     1         /Users/andrewpullin/personal/llvm-8085/tooling/examples/coremark/build/O2/coremark.o:(.bss)
      5a     d808        4     1                 seed5_volatile
      5e     d80c       c8     1                 static_memblk
     126     d8d4        0     1         . = ALIGN(2)
     126     d8d4        0     1         _ebss = .
     126     d8d4        0     1 _end = .
     126     d8d4        0     1 PROVIDE(_estack = ORIGIN(RAM) + LENGTH(RAM))
     126     d8d4        0     1 PROVIDE(_stack = _estack)
       0        0       6a     1 .comment
       0        0       6a     1         <internal>:(.comment)
       0        0     47c0     4 .symtab
       0        0     47c0     4         <internal>:(.symtab)
       0        0       46     1 .shstrtab
       0        0       46     1         <internal>:(.shstrtab)
       0        0     28de     1 .strtab
       0        0     28de     1         <internal>:(.strtab)
