     VMA      LMA     Size Align Out     In      Symbol
       0        0       3f     1 .vectors
       0        0       3f     1         /Users/andrewpullin/personal/llvm-8085/tooling/examples/coremark/build/O0/crt0.o:(.vectors)
       0        0        0     1                 __vector_table
    4000     4000     ca03     4 .text
    4000     4000        4     4         /Users/andrewpullin/personal/llvm-8085/tooling/examples/coremark/build/O0/crt0.o:(.text)
    4000     4000        0     1                 isr_rst1
    4000     4000        0     1                 isr_rst2
    4000     4000        0     1                 isr_rst3
    4000     4000        0     1                 isr_rst4
    4000     4000        0     1                 isr_trap
    4000     4000        0     1                 isr_rst5
    4000     4000        0     1                 isr_rst55
    4000     4000        0     1                 isr_rst6
    4000     4000        0     1                 isr_rst65
    4000     4000        0     1                 isr_rst7
    4000     4000        0     1                 isr_rst75
    4000     4000        0     1                 default_isr
    4004     4004       49     1         /Users/andrewpullin/personal/llvm-8085/tooling/examples/coremark/build/O0/crt0.o:(.text.startup)
    4004     4004        0     1                 _start
    401a     401a        0     1                 data_loop
    4028     4028        0     1                 data_done
    403a     403a        0     1                 bss_loop
    4046     4046        0     1                 bss_done
    4049     4049        0     1                 halt_loop
    4050     4050     bb58     4         /Users/andrewpullin/personal/llvm-8085/tooling/examples/coremark/build/O0/coremark.o:(.text)
    4050     4050        0     1                 LBB0_0
    4050     4050       43     1                 start_time
    4094     4094        0     1                 LBB1_0
    4094     4094       43     1                 stop_time
    40d8     40d8        0     1                 LBB2_0
    40d8     40d8       76     1                 get_time
    414e     414e        0     1                 LBB3_0
    414e     414e       24     1                 time_in_secs
    4172     4172        0     1                 LBB4_0
    4172     4172       17     1                 portable_init
    418a     418a        0     1                 LBB5_0
    418a     418a        f     1                 portable_fini
    419a     419a        0     1                 LBB6_0
    419a     419a        b     1                 ee_printf
    41a6     41a6        0     1                 LBB7_0
    41a6     41a6      56e     1                 calc_func
    41d6     41d6        0     1                 LBB7_1
    41ed     41ed        0     1                 LBB7_2
    4203     4203        0     1                 LBB7_3
    421e     421e        0     1                 LBB7_4
    422a     422a        0     1                 LBB7_5
    4234     4234        0     1                 LBB7_6
    424d     424d        0     1                 LBB7_7
    42fc     42fc        0     1                 LBB7_8
    4304     4304        0     1                 LBB7_9
    4307     4307        0     1                 LBB7_10
    430a     430a        0     1                 LBB7_11
    4316     4316        0     1                 LBB7_12
    4320     4320        0     1                 LBB7_13
    4336     4336        0     1                 LBB7_14
    433e     433e        0     1                 LBB7_15
    4341     4341        0     1                 LBB7_16
    4344     4344        0     1                 LBB7_17
    4350     4350        0     1                 LBB7_18
    435a     435a        0     1                 LBB7_19
    437b     437b        0     1                 LBB7_20
    4387     4387        0     1                 LBB7_21
    43a0     43a0        0     1                 LBB7_22
    43aa     43aa        0     1                 LBB7_23
    43b4     43b4        0     1                 LBB7_24
    43be     43be        0     1                 LBB7_25
    43d3     43d3        0     1                 LBB7_26
    43db     43db        0     1                 LBB7_27
    43de     43de        0     1                 LBB7_28
    43e1     43e1        0     1                 LBB7_29
    43f1     43f1        0     1                 LBB7_30
    43fc     43fc        0     1                 LBB7_31
    4406     4406        0     1                 LBB7_32
    4410     4410        0     1                 LBB7_33
    441d     441d        0     1                 LBB7_34
    4555     4555        0     1                 LBB7_35
    455d     455d        0     1                 LBB7_36
    4560     4560        0     1                 LBB7_37
    4563     4563        0     1                 LBB7_38
    456f     456f        0     1                 LBB7_39
    4579     4579        0     1                 LBB7_40
    4594     4594        0     1                 LBB7_41
    4597     4597        0     1                 LBB7_42
    4610     4610        0     1                 LBB7_43
    4618     4618        0     1                 LBB7_44
    461b     461b        0     1                 LBB7_45
    461e     461e        0     1                 LBB7_46
    462a     462a        0     1                 LBB7_47
    4634     4634        0     1                 LBB7_48
    464f     464f        0     1                 LBB7_49
    4652     4652        0     1                 LBB7_50
    4660     4660        0     1                 LBB7_51
    46ee     46ee        0     1                 LBB7_52
    4714     4714        0     1                 LBB8_0
    4714     4714      83b     1                 core_bench_state
    47a3     47a3        0     1                 LBB8_1
    47db     47db        0     1                 LBB8_2
    47ee     47ee        0     1                 LBB8_3
    4801     4801        0     1                 LBB8_4
    4814     4814        0     1                 LBB8_5
    4817     4817        0     1                 LBB8_6
    481a     481a        0     1                 LBB8_7
    4824     4824        0     1                 LBB8_8
    482e     482e        0     1                 LBB8_9
    483a     483a        0     1                 LBB8_10
    48ee     48ee        0     1                 LBB8_11
    4934     4934        0     1                 LBB8_12
    4937     4937        0     1                 LBB8_13
    4953     4953        0     1                 LBB8_14
    495f     495f        0     1                 LBB8_15
    4969     4969        0     1                 LBB8_16
    4a29     4a29        0     1                 LBB8_17
    4a3a     4a3a        0     1                 LBB8_18
    4a66     4a66        0     1                 LBB8_19
    4a72     4a72        0     1                 LBB8_20
    4a7c     4a7c        0     1                 LBB8_21
    4a86     4a86        0     1                 LBB8_22
    4aa2     4aa2        0     1                 LBB8_23
    4aae     4aae        0     1                 LBB8_24
    4ab8     4ab8        0     1                 LBB8_25
    4af6     4af6        0     1                 LBB8_26
    4b11     4b11        0     1                 LBB8_27
    4b22     4b22        0     1                 LBB8_28
    4b3e     4b3e        0     1                 LBB8_29
    4b4a     4b4a        0     1                 LBB8_30
    4b54     4b54        0     1                 LBB8_31
    4c14     4c14        0     1                 LBB8_32
    4c25     4c25        0     1                 LBB8_33
    4c51     4c51        0     1                 LBB8_34
    4c5d     4c5d        0     1                 LBB8_35
    4c67     4c67        0     1                 LBB8_36
    4c71     4c71        0     1                 LBB8_37
    4c8d     4c8d        0     1                 LBB8_38
    4c99     4c99        0     1                 LBB8_39
    4ca3     4ca3        0     1                 LBB8_40
    4ce1     4ce1        0     1                 LBB8_41
    4cfc     4cfc        0     1                 LBB8_42
    4d24     4d24        0     1                 LBB8_43
    4d5c     4d5c        0     1                 LBB8_44
    4d6f     4d6f        0     1                 LBB8_45
    4d82     4d82        0     1                 LBB8_46
    4d95     4d95        0     1                 LBB8_47
    4d98     4d98        0     1                 LBB8_48
    4d9b     4d9b        0     1                 LBB8_49
    4da5     4da5        0     1                 LBB8_50
    4daf     4daf        0     1                 LBB8_51
    4dbb     4dbb        0     1                 LBB8_52
    4ee8     4ee8        0     1                 LBB8_53
    4f2e     4f2e        0     1                 LBB8_54
    4f50     4f50        0     1                 LBB9_0
    4f50     4f50      187     1                 core_bench_matrix
    50d8     50d8        0     1                 LBB10_0
    50d8     50d8       72     1                 crcu16
    514a     514a        0     1                 LBB11_0
    514a     514a       87     1                 cmp_complex
    51d2     51d2        0     1                 LBB12_0
    51d2     51d2      12f     1                 cmp_idx
    51ff     51ff        0     1                 LBB12_1
    5207     5207        0     1                 LBB12_2
    520a     520a        0     1                 LBB12_3
    520d     520d        0     1                 LBB12_4
    5219     5219        0     1                 LBB12_5
    5223     5223        0     1                 LBB12_6
    52a4     52a4        0     1                 LBB12_7
    5302     5302        0     1                 LBB13_0
    5302     5302       45     1                 copy_info
    5348     5348        0     1                 LBB14_0
    5348     5348      745     1                 core_bench_list
    53ee     53ee        0     1                 LBB14_1
    5414     5414        0     1                 LBB14_2
    5420     5420        0     1                 LBB14_3
    5439     5439        0     1                 LBB14_4
    5443     5443        0     1                 LBB14_5
    544d     544d        0     1                 LBB14_6
    5457     5457        0     1                 LBB14_7
    5467     5467        0     1                 LBB14_8
    5472     5472        0     1                 LBB14_9
    547c     547c        0     1                 LBB14_10
    5486     5486        0     1                 LBB14_11
    54e7     54e7        0     1                 LBB14_12
    54ef     54ef        0     1                 LBB14_13
    54f2     54f2        0     1                 LBB14_14
    54f5     54f5        0     1                 LBB14_15
    5501     5501        0     1                 LBB14_16
    550b     550b        0     1                 LBB14_17
    5561     5561        0     1                 LBB14_18
    55a2     55a2        0     1                 LBB14_19
    55ae     55ae        0     1                 LBB14_20
    55b8     55b8        0     1                 LBB14_21
    55fe     55fe        0     1                 LBB14_22
    561c     561c        0     1                 LBB14_23
    5624     5624        0     1                 LBB14_24
    5627     5627        0     1                 LBB14_25
    562a     562a        0     1                 LBB14_26
    5636     5636        0     1                 LBB14_27
    5640     5640        0     1                 LBB14_28
    5697     5697        0     1                 LBB14_29
    569a     569a        0     1                 LBB14_30
    56bb     56bb        0     1                 LBB14_31
    56c7     56c7        0     1                 LBB14_32
    56e0     56e0        0     1                 LBB14_33
    56ea     56ea        0     1                 LBB14_34
    56f4     56f4        0     1                 LBB14_35
    56fe     56fe        0     1                 LBB14_36
    570e     570e        0     1                 LBB14_37
    5719     5719        0     1                 LBB14_38
    5723     5723        0     1                 LBB14_39
    572d     572d        0     1                 LBB14_40
    574e     574e        0     1                 LBB14_41
    5751     5751        0     1                 LBB14_42
    5768     5768        0     1                 LBB14_43
    57c2     57c2        0     1                 LBB14_44
    57ce     57ce        0     1                 LBB14_45
    57e7     57e7        0     1                 LBB14_46
    57f1     57f1        0     1                 LBB14_47
    57fb     57fb        0     1                 LBB14_48
    5805     5805        0     1                 LBB14_49
    5815     5815        0     1                 LBB14_50
    5820     5820        0     1                 LBB14_51
    582a     582a        0     1                 LBB14_52
    5834     5834        0     1                 LBB14_53
    5862     5862        0     1                 LBB14_54
    58b8     58b8        0     1                 LBB14_55
    58c0     58c0        0     1                 LBB14_56
    58c3     58c3        0     1                 LBB14_57
    58c6     58c6        0     1                 LBB14_58
    58d2     58d2        0     1                 LBB14_59
    58dc     58dc        0     1                 LBB14_60
    58f2     58f2        0     1                 LBB14_61
    58f5     58f5        0     1                 LBB14_62
    590e     590e        0     1                 LBB14_63
    5916     5916        0     1                 LBB14_64
    5919     5919        0     1                 LBB14_65
    591c     591c        0     1                 LBB14_66
    5928     5928        0     1                 LBB14_67
    5932     5932        0     1                 LBB14_68
    597f     597f        0     1                 LBB14_69
    59e2     59e2        0     1                 LBB14_70
    59fb     59fb        0     1                 LBB14_71
    5a03     5a03        0     1                 LBB14_72
    5a06     5a06        0     1                 LBB14_73
    5a09     5a09        0     1                 LBB14_74
    5a15     5a15        0     1                 LBB14_75
    5a1f     5a1f        0     1                 LBB14_76
    5a6c     5a6c        0     1                 LBB14_77
    5a8e     5a8e        0     1                 LBB15_0
    5a8e     5a8e      2d4     1                 core_list_find
    5acc     5acc        0     1                 LBB15_1
    5ad8     5ad8        0     1                 LBB15_2
    5af1     5af1        0     1                 LBB15_3
    5afb     5afb        0     1                 LBB15_4
    5b05     5b05        0     1                 LBB15_5
    5b0f     5b0f        0     1                 LBB15_6
    5b1f     5b1f        0     1                 LBB15_7
    5b2a     5b2a        0     1                 LBB15_8
    5b34     5b34        0     1                 LBB15_9
    5b3e     5b3e        0     1                 LBB15_10
    5b41     5b41        0     1                 LBB15_11
    5b5e     5b5e        0     1                 LBB15_12
    5b66     5b66        0     1                 LBB15_13
    5b69     5b69        0     1                 LBB15_14
    5b6c     5b6c        0     1                 LBB15_15
    5b7d     5b7d        0     1                 LBB15_16
    5b87     5b87        0     1                 LBB15_17
    5bd9     5bd9        0     1                 LBB15_18
    5be1     5be1        0     1                 LBB15_19
    5be4     5be4        0     1                 LBB15_20
    5be7     5be7        0     1                 LBB15_21
    5bf4     5bf4        0     1                 LBB15_22
    5bfe     5bfe        0     1                 LBB15_23
    5c1a     5c1a        0     1                 LBB15_24
    5c26     5c26        0     1                 LBB15_25
    5c30     5c30        0     1                 LBB15_26
    5c46     5c46        0     1                 LBB15_27
    5c56     5c56        0     1                 LBB15_28
    5c59     5c59        0     1                 LBB15_29
    5c76     5c76        0     1                 LBB15_30
    5c7e     5c7e        0     1                 LBB15_31
    5c81     5c81        0     1                 LBB15_32
    5c84     5c84        0     1                 LBB15_33
    5c95     5c95        0     1                 LBB15_34
    5c9f     5c9f        0     1                 LBB15_35
    5cda     5cda        0     1                 LBB15_36
    5ce2     5ce2        0     1                 LBB15_37
    5ce5     5ce5        0     1                 LBB15_38
    5ce8     5ce8        0     1                 LBB15_39
    5cf5     5cf5        0     1                 LBB15_40
    5cff     5cff        0     1                 LBB15_41
    5d1b     5d1b        0     1                 LBB15_42
    5d27     5d27        0     1                 LBB15_43
    5d31     5d31        0     1                 LBB15_44
    5d47     5d47        0     1                 LBB15_45
    5d57     5d57        0     1                 LBB15_46
    5d62     5d62        0     1                 LBB16_0
    5d62     5d62       9e     1                 core_list_reverse
    5d7a     5d7a        0     1                 LBB16_1
    5d93     5d93        0     1                 LBB16_2
    5d9b     5d9b        0     1                 LBB16_3
    5d9e     5d9e        0     1                 LBB16_4
    5da1     5da1        0     1                 LBB16_5
    5dad     5dad        0     1                 LBB16_6
    5db7     5db7        0     1                 LBB16_7
    5df5     5df5        0     1                 LBB16_8
    5e00     5e00        0     1                 LBB17_0
    5e00     5e00      dcd     1                 core_list_mergesort
    5e3c     5e3c        0     1                 LBB17_1
    5e82     5e82        0     1                 LBB17_2
    5e9b     5e9b        0     1                 LBB17_3
    5ea3     5ea3        0     1                 LBB17_4
    5ea6     5ea6        0     1                 LBB17_5
    5ea9     5ea9        0     1                 LBB17_6
    5eb5     5eb5        0     1                 LBB17_7
    5ebf     5ebf        0     1                 LBB17_8
    5f4b     5f4b        0     1                 LBB17_9
    5fb9     5fb9        0     1                 LBB17_10
    5fc5     5fc5        0     1                 LBB17_11
    6008     6008        0     1                 LBB17_12
    601b     601b        0     1                 LBB17_13
    602e     602e        0     1                 LBB17_14
    6041     6041        0     1                 LBB17_15
    6044     6044        0     1                 LBB17_16
    6047     6047        0     1                 LBB17_17
    6051     6051        0     1                 LBB17_18
    605b     605b        0     1                 LBB17_19
    6065     6065        0     1                 LBB17_20
    608a     608a        0     1                 LBB17_21
    6095     6095        0     1                 LBB17_22
    609f     609f        0     1                 LBB17_23
    60a9     60a9        0     1                 LBB17_24
    6115     6115        0     1                 LBB17_25
    611d     611d        0     1                 LBB17_26
    6120     6120        0     1                 LBB17_27
    6123     6123        0     1                 LBB17_28
    612f     612f        0     1                 LBB17_29
    6139     6139        0     1                 LBB17_30
    613c     613c        0     1                 LBB17_31
    613f     613f        0     1                 LBB17_32
    6185     6185        0     1                 LBB17_33
    61b4     61b4        0     1                 LBB17_34
    6222     6222        0     1                 LBB17_35
    6235     6235        0     1                 LBB17_36
    6278     6278        0     1                 LBB17_37
    628b     628b        0     1                 LBB17_38
    629e     629e        0     1                 LBB17_39
    62b1     62b1        0     1                 LBB17_40
    62b4     62b4        0     1                 LBB17_41
    62b7     62b7        0     1                 LBB17_42
    62c1     62c1        0     1                 LBB17_43
    62cb     62cb        0     1                 LBB17_44
    62d5     62d5        0     1                 LBB17_45
    62fa     62fa        0     1                 LBB17_46
    6305     6305        0     1                 LBB17_47
    630f     630f        0     1                 LBB17_48
    6319     6319        0     1                 LBB17_49
    6387     6387        0     1                 LBB17_50
    639a     639a        0     1                 LBB17_51
    63dd     63dd        0     1                 LBB17_52
    63f0     63f0        0     1                 LBB17_53
    6403     6403        0     1                 LBB17_54
    6416     6416        0     1                 LBB17_55
    6419     6419        0     1                 LBB17_56
    641c     641c        0     1                 LBB17_57
    6426     6426        0     1                 LBB17_58
    6430     6430        0     1                 LBB17_59
    643a     643a        0     1                 LBB17_60
    645f     645f        0     1                 LBB17_61
    646a     646a        0     1                 LBB17_62
    6474     6474        0     1                 LBB17_63
    647e     647e        0     1                 LBB17_64
    6497     6497        0     1                 LBB17_65
    649f     649f        0     1                 LBB17_66
    64a2     64a2        0     1                 LBB17_67
    64a5     64a5        0     1                 LBB17_68
    64b5     64b5        0     1                 LBB17_69
    64bf     64bf        0     1                 LBB17_70
    64cc     64cc        0     1                 LBB17_71
    64e8     64e8        0     1                 LBB17_72
    64f4     64f4        0     1                 LBB17_73
    64fe     64fe        0     1                 LBB17_74
    653a     653a        0     1                 LBB17_75
    654a     654a        0     1                 LBB17_76
    655a     655a        0     1                 LBB17_77
    656a     656a        0     1                 LBB17_78
    656d     656d        0     1                 LBB17_79
    6579     6579        0     1                 LBB17_80
    6583     6583        0     1                 LBB17_81
    65e6     65e6        0     1                 LBB17_82
    6622     6622        0     1                 LBB17_83
    6632     6632        0     1                 LBB17_84
    6642     6642        0     1                 LBB17_85
    6652     6652        0     1                 LBB17_86
    6655     6655        0     1                 LBB17_87
    6661     6661        0     1                 LBB17_88
    666b     666b        0     1                 LBB17_89
    6684     6684        0     1                 LBB17_90
    668c     668c        0     1                 LBB17_91
    668f     668f        0     1                 LBB17_92
    6692     6692        0     1                 LBB17_93
    669e     669e        0     1                 LBB17_94
    66a8     66a8        0     1                 LBB17_95
    670e     670e        0     1                 LBB17_96
    6779     6779        0     1                 LBB17_97
    67d5     67d5        0     1                 LBB17_98
    67e1     67e1        0     1                 LBB17_99
    6824     6824        0     1                 LBB17_100
    6837     6837        0     1                 LBB17_101
    684a     684a        0     1                 LBB17_102
    685d     685d        0     1                 LBB17_103
    6860     6860        0     1                 LBB17_104
    6863     6863        0     1                 LBB17_105
    686d     686d        0     1                 LBB17_106
    6877     6877        0     1                 LBB17_107
    6881     6881        0     1                 LBB17_108
    68a6     68a6        0     1                 LBB17_109
    68b1     68b1        0     1                 LBB17_110
    68bb     68bb        0     1                 LBB17_111
    68c5     68c5        0     1                 LBB17_112
    692b     692b        0     1                 LBB17_113
    698e     698e        0     1                 LBB17_114
    6991     6991        0     1                 LBB17_115
    6994     6994        0     1                 LBB17_116
    69ad     69ad        0     1                 LBB17_117
    69b5     69b5        0     1                 LBB17_118
    69b8     69b8        0     1                 LBB17_119
    69bb     69bb        0     1                 LBB17_120
    69c7     69c7        0     1                 LBB17_121
    69d1     69d1        0     1                 LBB17_122
    69e5     69e5        0     1                 LBB17_123
    69f6     69f6        0     1                 LBB17_124
    6a04     6a04        0     1                 LBB17_125
    6a14     6a14        0     1                 LBB17_126
    6a8b     6a8b        0     1                 LBB17_127
    6a97     6a97        0     1                 LBB17_128
    6ada     6ada        0     1                 LBB17_129
    6aed     6aed        0     1                 LBB17_130
    6b00     6b00        0     1                 LBB17_131
    6b13     6b13        0     1                 LBB17_132
    6b16     6b16        0     1                 LBB17_133
    6b19     6b19        0     1                 LBB17_134
    6b23     6b23        0     1                 LBB17_135
    6b2d     6b2d        0     1                 LBB17_136
    6b37     6b37        0     1                 LBB17_137
    6b5c     6b5c        0     1                 LBB17_138
    6b67     6b67        0     1                 LBB17_139
    6b71     6b71        0     1                 LBB17_140
    6b7b     6b7b        0     1                 LBB17_141
    6b86     6b86        0     1                 LBB17_142
    6bce     6bce        0     1                 LBB18_0
    6bce     6bce       a0     1                 core_list_remove
    6c6e     6c6e        0     1                 LBB19_0
    6c6e     6c6e       4d     1                 crc16
    6cbc     6cbc        0     1                 LBB20_0
    6cbc     6cbc       91     1                 core_list_undo_remove
    6d4e     6d4e        0     1                 LBB21_0
    6d4e     6d4e      8ee     1                 core_list_init
    700c     700c        0     1                 LBB21_1
    704b     704b        0     1                 LBB21_2
    705e     705e        0     1                 LBB21_3
    7071     7071        0     1                 LBB21_4
    7084     7084        0     1                 LBB21_5
    7087     7087        0     1                 LBB21_6
    708a     708a        0     1                 LBB21_7
    7094     7094        0     1                 LBB21_8
    709e     709e        0     1                 LBB21_9
    70aa     70aa        0     1                 LBB21_10
    721d     721d        0     1                 LBB21_11
    7263     7263        0     1                 LBB21_12
    729e     729e        0     1                 LBB21_13
    72bc     72bc        0     1                 LBB21_14
    72c4     72c4        0     1                 LBB21_15
    72c7     72c7        0     1                 LBB21_16
    72ca     72ca        0     1                 LBB21_17
    72d6     72d6        0     1                 LBB21_18
    72e0     72e0        0     1                 LBB21_19
    73c2     73c2        0     1                 LBB21_20
    73d5     73d5        0     1                 LBB21_21
    73e8     73e8        0     1                 LBB21_22
    73fb     73fb        0     1                 LBB21_23
    73fe     73fe        0     1                 LBB21_24
    7401     7401        0     1                 LBB21_25
    740b     740b        0     1                 LBB21_26
    7415     7415        0     1                 LBB21_27
    7421     7421        0     1                 LBB21_28
    74a5     74a5        0     1                 LBB21_29
    75f5     75f5        0     1                 LBB21_30
    760b     760b        0     1                 LBB21_31
    763c     763c        0     1                 LBB22_0
    763c     763c      1b6     1                 core_list_insert_new
    7684     7684        0     1                 LBB22_6
    7690     7690        0     1                 LBB22_7
    769a     769a        0     1                 LBB22_8
    76a4     76a4        0     1                 LBB22_1
    76b1     76b1        0     1                 LBB22_2
    76d9     76d9        0     1                 LBB22_9
    76e5     76e5        0     1                 LBB22_10
    76ef     76ef        0     1                 LBB22_11
    76f9     76f9        0     1                 LBB22_3
    7706     7706        0     1                 LBB22_4
    77e7     77e7        0     1                 LBB22_5
    77f2     77f2        0     1                 LBB23_0
    77f2     77f2      533     1                 matrix_test
    7d26     7d26        0     1                 LBB24_0
    7d26     7d26      364     1                 matrix_add_const
    7d65     7d65        0     1                 LBB24_1
    7da4     7da4        0     1                 LBB24_2
    7db7     7db7        0     1                 LBB24_3
    7dca     7dca        0     1                 LBB24_4
    7ddd     7ddd        0     1                 LBB24_5
    7de0     7de0        0     1                 LBB24_6
    7de3     7de3        0     1                 LBB24_7
    7ded     7ded        0     1                 LBB24_8
    7df7     7df7        0     1                 LBB24_9
    7e03     7e03        0     1                 LBB24_10
    7e2b     7e2b        0     1                 LBB24_11
    7e6a     7e6a        0     1                 LBB24_12
    7e7d     7e7d        0     1                 LBB24_13
    7e90     7e90        0     1                 LBB24_14
    7ea3     7ea3        0     1                 LBB24_15
    7ea6     7ea6        0     1                 LBB24_16
    7ea9     7ea9        0     1                 LBB24_17
    7eb3     7eb3        0     1                 LBB24_18
    7ebd     7ebd        0     1                 LBB24_19
    7ec9     7ec9        0     1                 LBB24_20
    7ff5     7ff5        0     1                 LBB24_21
    803b     803b        0     1                 LBB24_22
    803e     803e        0     1                 LBB24_23
    8084     8084        0     1                 LBB24_24
    808a     808a        0     1                 LBB25_0
    808a     808a      3bf     1                 matrix_mul_const
    80cd     80cd        0     1                 LBB25_1
    810c     810c        0     1                 LBB25_2
    811f     811f        0     1                 LBB25_3
    8132     8132        0     1                 LBB25_4
    8145     8145        0     1                 LBB25_5
    8148     8148        0     1                 LBB25_6
    814b     814b        0     1                 LBB25_7
    8155     8155        0     1                 LBB25_8
    815f     815f        0     1                 LBB25_9
    816b     816b        0     1                 LBB25_10
    8193     8193        0     1                 LBB25_11
    81d2     81d2        0     1                 LBB25_12
    81e5     81e5        0     1                 LBB25_13
    81f8     81f8        0     1                 LBB25_14
    820b     820b        0     1                 LBB25_15
    820e     820e        0     1                 LBB25_16
    8211     8211        0     1                 LBB25_17
    821b     821b        0     1                 LBB25_18
    8225     8225        0     1                 LBB25_19
    8231     8231        0     1                 LBB25_20
    83b4     83b4        0     1                 LBB25_21
    83fa     83fa        0     1                 LBB25_22
    83fd     83fd        0     1                 LBB25_23
    8443     8443        0     1                 LBB25_24
    844a     844a        0     1                 LBB26_0
    844a     844a      7a4     1                 matrix_sum
    84d5     84d5        0     1                 LBB26_1
    8514     8514        0     1                 LBB26_2
    8527     8527        0     1                 LBB26_3
    853a     853a        0     1                 LBB26_4
    854d     854d        0     1                 LBB26_5
    8550     8550        0     1                 LBB26_6
    8553     8553        0     1                 LBB26_7
    855d     855d        0     1                 LBB26_8
    8567     8567        0     1                 LBB26_9
    8573     8573        0     1                 LBB26_10
    859b     859b        0     1                 LBB26_11
    85da     85da        0     1                 LBB26_12
    85ed     85ed        0     1                 LBB26_13
    8600     8600        0     1                 LBB26_14
    8613     8613        0     1                 LBB26_15
    8616     8616        0     1                 LBB26_16
    8619     8619        0     1                 LBB26_17
    8623     8623        0     1                 LBB26_18
    862d     862d        0     1                 LBB26_19
    8639     8639        0     1                 LBB26_20
    886d     886d        0     1                 LBB26_21
    8879     8879        0     1                 LBB26_22
    88bc     88bc        0     1                 LBB26_23
    88cf     88cf        0     1                 LBB26_24
    88e2     88e2        0     1                 LBB26_25
    88f5     88f5        0     1                 LBB26_26
    88f8     88f8        0     1                 LBB26_27
    88fb     88fb        0     1                 LBB26_28
    8905     8905        0     1                 LBB26_29
    890f     890f        0     1                 LBB26_30
    8919     8919        0     1                 LBB26_31
    893e     893e        0     1                 LBB26_32
    8949     8949        0     1                 LBB26_33
    8953     8953        0     1                 LBB26_34
    895d     895d        0     1                 LBB26_35
    8999     8999        0     1                 LBB26_36
    8a07     8a07        0     1                 LBB26_37
    8a26     8a26        0     1                 LBB26_38
    8a69     8a69        0     1                 LBB26_39
    8a7c     8a7c        0     1                 LBB26_40
    8a8f     8a8f        0     1                 LBB26_41
    8aa2     8aa2        0     1                 LBB26_42
    8aa5     8aa5        0     1                 LBB26_43
    8aa8     8aa8        0     1                 LBB26_44
    8ab2     8ab2        0     1                 LBB26_45
    8abc     8abc        0     1                 LBB26_46
    8ac6     8ac6        0     1                 LBB26_47
    8aeb     8aeb        0     1                 LBB26_48
    8af6     8af6        0     1                 LBB26_49
    8b00     8b00        0     1                 LBB26_50
    8b0a     8b0a        0     1                 LBB26_51
    8b39     8b39        0     1                 LBB26_52
    8b7f     8b7f        0     1                 LBB26_53
    8b82     8b82        0     1                 LBB26_54
    8bc8     8bc8        0     1                 LBB26_55
    8bee     8bee        0     1                 LBB27_0
    8bee     8bee      4e1     1                 matrix_mul_vect
    8c2a     8c2a        0     1                 LBB27_1
    8c69     8c69        0     1                 LBB27_2
    8c7c     8c7c        0     1                 LBB27_3
    8c8f     8c8f        0     1                 LBB27_4
    8ca2     8ca2        0     1                 LBB27_5
    8ca5     8ca5        0     1                 LBB27_6
    8ca8     8ca8        0     1                 LBB27_7
    8cb2     8cb2        0     1                 LBB27_8
    8cbc     8cbc        0     1                 LBB27_9
    8cc8     8cc8        0     1                 LBB27_10
    8d42     8d42        0     1                 LBB27_11
    8d81     8d81        0     1                 LBB27_12
    8d94     8d94        0     1                 LBB27_13
    8da7     8da7        0     1                 LBB27_14
    8dba     8dba        0     1                 LBB27_15
    8dbd     8dbd        0     1                 LBB27_16
    8dc0     8dc0        0     1                 LBB27_17
    8dca     8dca        0     1                 LBB27_18
    8dd4     8dd4        0     1                 LBB27_19
    8de0     8de0        0     1                 LBB27_20
    903a     903a        0     1                 LBB27_21
    9080     9080        0     1                 LBB27_22
    9083     9083        0     1                 LBB27_23
    90c9     90c9        0     1                 LBB27_24
    90d0     90d0        0     1                 LBB28_0
    90d0     90d0      8f6     1                 matrix_mul_matrix
    910c     910c        0     1                 LBB28_1
    914b     914b        0     1                 LBB28_2
    915e     915e        0     1                 LBB28_3
    9171     9171        0     1                 LBB28_4
    9184     9184        0     1                 LBB28_5
    9187     9187        0     1                 LBB28_6
    918a     918a        0     1                 LBB28_7
    9194     9194        0     1                 LBB28_8
    919e     919e        0     1                 LBB28_9
    91aa     91aa        0     1                 LBB28_10
    91d2     91d2        0     1                 LBB28_11
    9211     9211        0     1                 LBB28_12
    9224     9224        0     1                 LBB28_13
    9237     9237        0     1                 LBB28_14
    924a     924a        0     1                 LBB28_15
    924d     924d        0     1                 LBB28_16
    9250     9250        0     1                 LBB28_17
    925a     925a        0     1                 LBB28_18
    9264     9264        0     1                 LBB28_19
    9270     9270        0     1                 LBB28_20
    93d1     93d1        0     1                 LBB28_21
    9410     9410        0     1                 LBB28_22
    9423     9423        0     1                 LBB28_23
    9436     9436        0     1                 LBB28_24
    9449     9449        0     1                 LBB28_25
    944c     944c        0     1                 LBB28_26
    944f     944f        0     1                 LBB28_27
    9459     9459        0     1                 LBB28_28
    9463     9463        0     1                 LBB28_29
    946f     946f        0     1                 LBB28_30
    98e8     98e8        0     1                 LBB28_31
    992e     992e        0     1                 LBB28_32
    9931     9931        0     1                 LBB28_33
    9977     9977        0     1                 LBB28_34
    997a     997a        0     1                 LBB28_35
    99c0     99c0        0     1                 LBB28_36
    99c6     99c6        0     1                 LBB29_0
    99c6     99c6      a49     1                 matrix_mul_matrix_bitextract
    9a02     9a02        0     1                 LBB29_1
    9a41     9a41        0     1                 LBB29_2
    9a54     9a54        0     1                 LBB29_3
    9a67     9a67        0     1                 LBB29_4
    9a7a     9a7a        0     1                 LBB29_5
    9a7d     9a7d        0     1                 LBB29_6
    9a80     9a80        0     1                 LBB29_7
    9a8a     9a8a        0     1                 LBB29_8
    9a94     9a94        0     1                 LBB29_9
    9aa0     9aa0        0     1                 LBB29_10
    9ac8     9ac8        0     1                 LBB29_11
    9b07     9b07        0     1                 LBB29_12
    9b1a     9b1a        0     1                 LBB29_13
    9b2d     9b2d        0     1                 LBB29_14
    9b40     9b40        0     1                 LBB29_15
    9b43     9b43        0     1                 LBB29_16
    9b46     9b46        0     1                 LBB29_17
    9b50     9b50        0     1                 LBB29_18
    9b5a     9b5a        0     1                 LBB29_19
    9b66     9b66        0     1                 LBB29_20
    9cc7     9cc7        0     1                 LBB29_21
    9d06     9d06        0     1                 LBB29_22
    9d19     9d19        0     1                 LBB29_23
    9d2c     9d2c        0     1                 LBB29_24
    9d3f     9d3f        0     1                 LBB29_25
    9d42     9d42        0     1                 LBB29_26
    9d45     9d45        0     1                 LBB29_27
    9d4f     9d4f        0     1                 LBB29_28
    9d59     9d59        0     1                 LBB29_29
    9d65     9d65        0     1                 LBB29_30
    a331     a331        0     1                 LBB29_31
    a377     a377        0     1                 LBB29_32
    a37a     a37a        0     1                 LBB29_33
    a3c0     a3c0        0     1                 LBB29_34
    a3c3     a3c3        0     1                 LBB29_35
    a409     a409        0     1                 LBB29_36
    a410     a410        0     1                 LBB30_0
    a410     a410      d63     1                 core_init_matrix
    a4c6     a4c6        0     1                 LBB30_1
    a4d6     a4d6        0     1                 LBB30_2
    a4e6     a4e6        0     1                 LBB30_3
    a4f6     a4f6        0     1                 LBB30_4
    a4f9     a4f9        0     1                 LBB30_5
    a505     a505        0     1                 LBB30_6
    a50f     a50f        0     1                 LBB30_7
    a537     a537        0     1                 LBB30_8
    a53a     a53a        0     1                 LBB30_9
    a579     a579        0     1                 LBB30_10
    a58c     a58c        0     1                 LBB30_11
    a59f     a59f        0     1                 LBB30_12
    a5b2     a5b2        0     1                 LBB30_13
    a5b5     a5b5        0     1                 LBB30_14
    a5b8     a5b8        0     1                 LBB30_15
    a5c2     a5c2        0     1                 LBB30_16
    a5cc     a5cc        0     1                 LBB30_17
    a5d8     a5d8        0     1                 LBB30_18
    a6e4     a6e4        0     1                 LBB30_19
    a80c     a80c        0     1                 LBB30_20
    a84b     a84b        0     1                 LBB30_21
    a85e     a85e        0     1                 LBB30_22
    a871     a871        0     1                 LBB30_23
    a884     a884        0     1                 LBB30_24
    a887     a887        0     1                 LBB30_25
    a88a     a88a        0     1                 LBB30_26
    a894     a894        0     1                 LBB30_27
    a89e     a89e        0     1                 LBB30_28
    a8aa     a8aa        0     1                 LBB30_29
    a8d2     a8d2        0     1                 LBB30_30
    a911     a911        0     1                 LBB30_31
    a924     a924        0     1                 LBB30_32
    a937     a937        0     1                 LBB30_33
    a94a     a94a        0     1                 LBB30_34
    a94d     a94d        0     1                 LBB30_35
    a950     a950        0     1                 LBB30_36
    a95a     a95a        0     1                 LBB30_37
    a964     a964        0     1                 LBB30_38
    a970     a970        0     1                 LBB30_39
    afba     afba        0     1                 LBB30_40
    b000     b000        0     1                 LBB30_41
    b003     b003        0     1                 LBB30_42
    b049     b049        0     1                 LBB30_43
    b174     b174        0     1                 LBB31_0
    b174     b174      cf6     1                 core_state_transition
    b19f     b19f        0     1                 LBB31_1
    b1bd     b1bd        0     1                 LBB31_2
    b1cf     b1cf        0     1                 LBB31_3
    b1d9     b1d9        0     1                 LBB31_4
    b1f2     b1f2        0     1                 LBB31_5
    b1fa     b1fa        0     1                 LBB31_6
    b1fd     b1fd        0     1                 LBB31_7
    b200     b200        0     1                 LBB31_8
    b20d     b20d        0     1                 LBB31_9
    b217     b217        0     1                 LBB31_10
    b232     b232        0     1                 LBB31_11
    b23e     b23e        0     1                 LBB31_12
    b248     b248        0     1                 LBB31_13
    b26d     b26d        0     1                 LBB31_14
    b279     b279        0     1                 LBB31_15
    b283     b283        0     1                 LBB31_16
    b29a     b29a        0     1                 LBB31_17
    b2b8     b2b8        0     1                 LBB31_18
    b2c0     b2c0        0     1                 LBB31_19
    b2c3     b2c3        0     1                 LBB31_20
    b2c6     b2c6        0     1                 LBB31_21
    b2d2     b2d2        0     1                 LBB31_22
    b2dc     b2dc        0     1                 LBB31_23
    b2f2     b2f2        0     1                 LBB31_24
    b2fa     b2fa        0     1                 LBB31_25
    b2fd     b2fd        0     1                 LBB31_26
    b300     b300        0     1                 LBB31_27
    b30c     b30c        0     1                 LBB31_28
    b316     b316        0     1                 LBB31_29
    b32d     b32d        0     1                 LBB31_30
    b335     b335        0     1                 LBB31_31
    b338     b338        0     1                 LBB31_32
    b33b     b33b        0     1                 LBB31_33
    b347     b347        0     1                 LBB31_34
    b351     b351        0     1                 LBB31_35
    b369     b369        0     1                 LBB31_36
    b371     b371        0     1                 LBB31_37
    b374     b374        0     1                 LBB31_38
    b377     b377        0     1                 LBB31_39
    b383     b383        0     1                 LBB31_40
    b38d     b38d        0     1                 LBB31_41
    b3a6     b3a6        0     1                 LBB31_42
    b3ae     b3ae        0     1                 LBB31_43
    b3b1     b3b1        0     1                 LBB31_44
    b3b4     b3b4        0     1                 LBB31_45
    b3c0     b3c0        0     1                 LBB31_46
    b3ca     b3ca        0     1                 LBB31_47
    b3e3     b3e3        0     1                 LBB31_48
    b3eb     b3eb        0     1                 LBB31_49
    b3ee     b3ee        0     1                 LBB31_50
    b3f1     b3f1        0     1                 LBB31_51
    b3fd     b3fd        0     1                 LBB31_52
    b407     b407        0     1                 LBB31_53
    b420     b420        0     1                 LBB31_54
    b428     b428        0     1                 LBB31_55
    b42b     b42b        0     1                 LBB31_56
    b42e     b42e        0     1                 LBB31_57
    b43a     b43a        0     1                 LBB31_58
    b444     b444        0     1                 LBB31_59
    b463     b463        0     1                 LBB31_60
    b46f     b46f        0     1                 LBB31_61
    b479     b479        0     1                 LBB31_62
    b486     b486        0     1                 LBB31_63
    b49b     b49b        0     1                 LBB31_64
    b4a7     b4a7        0     1                 LBB31_65
    b4b1     b4b1        0     1                 LBB31_66
    b4c6     b4c6        0     1                 LBB31_67
    b4d2     b4d2        0     1                 LBB31_68
    b4dc     b4dc        0     1                 LBB31_69
    b4e9     b4e9        0     1                 LBB31_70
    b4fe     b4fe        0     1                 LBB31_71
    b50a     b50a        0     1                 LBB31_72
    b514     b514        0     1                 LBB31_73
    b521     b521        0     1                 LBB31_74
    b59f     b59f        0     1                 LBB31_75
    b5a2     b5a2        0     1                 LBB31_76
    b5a5     b5a5        0     1                 LBB31_77
    b620     b620        0     1                 LBB31_78
    b63f     b63f        0     1                 LBB31_79
    b64b     b64b        0     1                 LBB31_80
    b655     b655        0     1                 LBB31_81
    b6d3     b6d3        0     1                 LBB31_82
    b6e8     b6e8        0     1                 LBB31_83
    b6f4     b6f4        0     1                 LBB31_84
    b6fe     b6fe        0     1                 LBB31_85
    b77c     b77c        0     1                 LBB31_86
    b7fa     b7fa        0     1                 LBB31_87
    b7fd     b7fd        0     1                 LBB31_88
    b800     b800        0     1                 LBB31_89
    b815     b815        0     1                 LBB31_90
    b821     b821        0     1                 LBB31_91
    b82b     b82b        0     1                 LBB31_92
    b8a9     b8a9        0     1                 LBB31_93
    b8c8     b8c8        0     1                 LBB31_94
    b8d4     b8d4        0     1                 LBB31_95
    b8de     b8de        0     1                 LBB31_96
    b95c     b95c        0     1                 LBB31_97
    b95f     b95f        0     1                 LBB31_98
    b962     b962        0     1                 LBB31_99
    b977     b977        0     1                 LBB31_100
    b983     b983        0     1                 LBB31_101
    b98d     b98d        0     1                 LBB31_102
    b9a2     b9a2        0     1                 LBB31_103
    b9ae     b9ae        0     1                 LBB31_104
    b9b8     b9b8        0     1                 LBB31_105
    ba36     ba36        0     1                 LBB31_106
    ba55     ba55        0     1                 LBB31_107
    ba61     ba61        0     1                 LBB31_108
    ba6b     ba6b        0     1                 LBB31_109
    bae9     bae9        0     1                 LBB31_110
    baec     baec        0     1                 LBB31_111
    baef     baef        0     1                 LBB31_112
    bb04     bb04        0     1                 LBB31_113
    bb10     bb10        0     1                 LBB31_114
    bb1a     bb1a        0     1                 LBB31_115
    bb2f     bb2f        0     1                 LBB31_116
    bb3b     bb3b        0     1                 LBB31_117
    bb45     bb45        0     1                 LBB31_118
    bbc3     bbc3        0     1                 LBB31_119
    bc41     bc41        0     1                 LBB31_120
    bc44     bc44        0     1                 LBB31_121
    bc63     bc63        0     1                 LBB31_122
    bc6f     bc6f        0     1                 LBB31_123
    bc79     bc79        0     1                 LBB31_124
    bcf7     bcf7        0     1                 LBB31_125
    bd75     bd75        0     1                 LBB31_126
    bd78     bd78        0     1                 LBB31_127
    bd97     bd97        0     1                 LBB31_128
    bda3     bda3        0     1                 LBB31_129
    bdad     bdad        0     1                 LBB31_130
    be29     be29        0     1                 LBB31_131
    be2c     be2c        0     1                 LBB31_132
    be2f     be2f        0     1                 LBB31_133
    be32     be32        0     1                 LBB31_134
    be49     be49        0     1                 LBB31_135
    be6a     be6a        0     1                 LBB32_0
    be6a     be6a       78     1                 crcu32
    bee2     bee2        0     1                 LBB33_0
    bee2     bee2      82b     1                 core_init_state
    bf9a     bf9a        0     1                 LBB33_1
    c039     c039        0     1                 LBB33_2
    c04c     c04c        0     1                 LBB33_3
    c05f     c05f        0     1                 LBB33_4
    c072     c072        0     1                 LBB33_5
    c075     c075        0     1                 LBB33_6
    c078     c078        0     1                 LBB33_7
    c082     c082        0     1                 LBB33_8
    c08c     c08c        0     1                 LBB33_9
    c098     c098        0     1                 LBB33_10
    c0d4     c0d4        0     1                 LBB33_11
    c0e4     c0e4        0     1                 LBB33_12
    c0f4     c0f4        0     1                 LBB33_13
    c104     c104        0     1                 LBB33_14
    c107     c107        0     1                 LBB33_15
    c113     c113        0     1                 LBB33_16
    c11d     c11d        0     1                 LBB33_17
    c145     c145        0     1                 LBB33_18
    c184     c184        0     1                 LBB33_19
    c197     c197        0     1                 LBB33_20
    c1aa     c1aa        0     1                 LBB33_21
    c1bd     c1bd        0     1                 LBB33_22
    c1c0     c1c0        0     1                 LBB33_23
    c1c3     c1c3        0     1                 LBB33_24
    c1cd     c1cd        0     1                 LBB33_25
    c1d7     c1d7        0     1                 LBB33_26
    c1e3     c1e3        0     1                 LBB33_27
    c225     c225        0     1                 LBB33_28
    c26b     c26b        0     1                 LBB33_29
    c31e     c31e        0     1                 LBB33_30
    c355     c355        0     1                 LBB33_31
    c361     c361        0     1                 LBB33_32
    c36b     c36b        0     1                 LBB33_33
    c375     c375        0     1                 LBB33_34
    c394     c394        0     1                 LBB33_35
    c3a0     c3a0        0     1                 LBB33_36
    c3aa     c3aa        0     1                 LBB33_37
    c3b4     c3b4        0     1                 LBB33_38
    c3d3     c3d3        0     1                 LBB33_39
    c3df     c3df        0     1                 LBB33_40
    c3e9     c3e9        0     1                 LBB33_41
    c3f3     c3f3        0     1                 LBB33_42
    c40c     c40c        0     1                 LBB33_43
    c414     c414        0     1                 LBB33_44
    c417     c417        0     1                 LBB33_45
    c41a     c41a        0     1                 LBB33_46
    c426     c426        0     1                 LBB33_47
    c430     c430        0     1                 LBB33_48
    c495     c495        0     1                 LBB33_49
    c4fa     c4fa        0     1                 LBB33_50
    c55f     c55f        0     1                 LBB33_51
    c5c4     c5c4        0     1                 LBB33_52
    c5c7     c5c7        0     1                 LBB33_53
    c5ca     c5ca        0     1                 LBB33_54
    c610     c610        0     1                 LBB33_55
    c64f     c64f        0     1                 LBB33_56
    c662     c662        0     1                 LBB33_57
    c675     c675        0     1                 LBB33_58
    c688     c688        0     1                 LBB33_59
    c68b     c68b        0     1                 LBB33_60
    c68e     c68e        0     1                 LBB33_61
    c698     c698        0     1                 LBB33_62
    c6a2     c6a2        0     1                 LBB33_63
    c6ae     c6ae        0     1                 LBB33_64
    c707     c707        0     1                 LBB33_65
    c70e     c70e      152     1                 ee_isdigit
    c70e     c70e        0     1                 LBB34_0
    c736     c736        0     1                 LBB34_1
    c756     c756        0     1                 LBB34_2
    c76e     c76e        0     1                 LBB34_3
    c785     c785        0     1                 LBB34_4
    c78f     c78f        0     1                 LBB34_5
    c799     c799        0     1                 LBB34_6
    c7a3     c7a3        0     1                 LBB34_7
    c7b3     c7b3        0     1                 LBB34_8
    c7be     c7be        0     1                 LBB34_9
    c7c8     c7c8        0     1                 LBB34_10
    c7d2     c7d2        0     1                 LBB34_11
    c7eb     c7eb        0     1                 LBB34_12
    c7f8     c7f8        0     1                 LBB34_13
    c802     c802        0     1                 LBB34_14
    c80c     c80c        0     1                 LBB34_15
    c821     c821        0     1                 LBB34_16
    c829     c829        0     1                 LBB34_17
    c82c     c82c        0     1                 LBB34_18
    c82f     c82f        0     1                 LBB34_19
    c83f     c83f        0     1                 LBB34_20
    c84c     c84c        0     1                 LBB34_21
    c856     c856        0     1                 LBB34_22
    c860     c860        0     1                 LBB35_0
    c860     c860      271     1                 get_seed_32
    c887     c887        0     1                 LBB35_1
    c88f     c88f        0     1                 LBB35_2
    c892     c892        0     1                 LBB35_3
    c895     c895        0     1                 LBB35_4
    c8a1     c8a1        0     1                 LBB35_5
    c8ab     c8ab        0     1                 LBB35_6
    c8c1     c8c1        0     1                 LBB35_7
    c8c9     c8c9        0     1                 LBB35_8
    c8cc     c8cc        0     1                 LBB35_9
    c8cf     c8cf        0     1                 LBB35_10
    c8db     c8db        0     1                 LBB35_11
    c8e5     c8e5        0     1                 LBB35_12
    c8fc     c8fc        0     1                 LBB35_13
    c904     c904        0     1                 LBB35_14
    c907     c907        0     1                 LBB35_15
    c90a     c90a        0     1                 LBB35_16
    c916     c916        0     1                 LBB35_17
    c920     c920        0     1                 LBB35_18
    c938     c938        0     1                 LBB35_19
    c940     c940        0     1                 LBB35_20
    c943     c943        0     1                 LBB35_21
    c946     c946        0     1                 LBB35_22
    c952     c952        0     1                 LBB35_23
    c95c     c95c        0     1                 LBB35_24
    c975     c975        0     1                 LBB35_25
    c97d     c97d        0     1                 LBB35_26
    c980     c980        0     1                 LBB35_27
    c983     c983        0     1                 LBB35_28
    c98f     c98f        0     1                 LBB35_29
    c999     c999        0     1                 LBB35_30
    c9c7     c9c7        0     1                 LBB35_31
    c9f5     c9f5        0     1                 LBB35_32
    ca23     ca23        0     1                 LBB35_33
    ca51     ca51        0     1                 LBB35_34
    ca7f     ca7f        0     1                 LBB35_35
    caa7     caa7        0     1                 LBB35_36
    cad2     cad2        0     1                 LBB36_0
    cad2     cad2      20f     1                 crcu8
    caf4     caf4        0     1                 LBB36_1
    cb16     cb16        0     1                 LBB36_2
    cb22     cb22        0     1                 LBB36_3
    cb3b     cb3b        0     1                 LBB36_4
    cb45     cb45        0     1                 LBB36_5
    cb4f     cb4f        0     1                 LBB36_6
    cb59     cb59        0     1                 LBB36_7
    cb6e     cb6e        0     1                 LBB36_8
    cb76     cb76        0     1                 LBB36_9
    cb79     cb79        0     1                 LBB36_10
    cb7c     cb7c        0     1                 LBB36_11
    cb8c     cb8c        0     1                 LBB36_12
    cb97     cb97        0     1                 LBB36_13
    cba1     cba1        0     1                 LBB36_14
    cbab     cbab        0     1                 LBB36_15
    cbfa     cbfa        0     1                 LBB36_16
    cc06     cc06        0     1                 LBB36_17
    cc10     cc10        0     1                 LBB36_18
    cc2d     cc2d        0     1                 LBB36_19
    cc37     cc37        0     1                 LBB36_20
    cc62     cc62        0     1                 LBB36_21
    cc6e     cc6e        0     1                 LBB36_22
    cc78     cc78        0     1                 LBB36_23
    cc8f     cc8f        0     1                 LBB36_24
    cca6     cca6        0     1                 LBB36_25
    cca9     cca9        0     1                 LBB36_26
    ccc0     ccc0        0     1                 LBB36_27
    cce2     cce2        0     1                 LBB37_0
    cce2     cce2       b3     1                 check_data_types
    cd0b     cd0b        0     1                 LBB37_3
    cd17     cd17        0     1                 LBB37_4
    cd30     cd30        0     1                 LBB37_6
    cd3a     cd3a        0     1                 LBB37_7
    cd44     cd44        0     1                 LBB37_8
    cd4e     cd4e        0     1                 LBB37_5
    cd5e     cd5e        0     1                 LBB37_9
    cd69     cd69        0     1                 LBB37_10
    cd73     cd73        0     1                 LBB37_11
    cd7d     cd7d        0     1                 LBB37_1
    cd8d     cd8d        0     1                 LBB37_2
    cd96     cd96        0     1                 LBB38_0
    cd96     cd96      335     1                 iterate
    ce64     ce64        0     1                 LBB38_1
    cea3     cea3        0     1                 LBB38_2
    ceb6     ceb6        0     1                 LBB38_3
    cec9     cec9        0     1                 LBB38_4
    cedc     cedc        0     1                 LBB38_5
    cedf     cedf        0     1                 LBB38_6
    cee2     cee2        0     1                 LBB38_7
    ceec     ceec        0     1                 LBB38_8
    cef6     cef6        0     1                 LBB38_9
    cf02     cf02        0     1                 LBB38_10
    d00c     d00c        0     1                 LBB38_11
    d01c     d01c        0     1                 LBB38_12
    d02c     d02c        0     1                 LBB38_13
    d03c     d03c        0     1                 LBB38_14
    d03f     d03f        0     1                 LBB38_15
    d04b     d04b        0     1                 LBB38_16
    d055     d055        0     1                 LBB38_17
    d079     d079        0     1                 LBB38_18
    d07c     d07c        0     1                 LBB38_19
    d0c2     d0c2        0     1                 LBB38_20
    d0cc     d0cc        0     1                 LBB39_0
    d0cc     d0cc     2a72     1                 coremark_main
    d252     d252        0     1                 LBB39_1
    d262     d262        0     1                 LBB39_2
    d272     d272        0     1                 LBB39_3
    d282     d282        0     1                 LBB39_4
    d285     d285        0     1                 LBB39_5
    d291     d291        0     1                 LBB39_6
    d29b     d29b        0     1                 LBB39_7
    d2c3     d2c3        0     1                 LBB39_8
    d2dc     d2dc        0     1                 LBB39_9
    d2e4     d2e4        0     1                 LBB39_10
    d2e7     d2e7        0     1                 LBB39_11
    d2ea     d2ea        0     1                 LBB39_12
    d2f6     d2f6        0     1                 LBB39_13
    d300     d300        0     1                 LBB39_14
    d319     d319        0     1                 LBB39_15
    d321     d321        0     1                 LBB39_16
    d324     d324        0     1                 LBB39_17
    d327     d327        0     1                 LBB39_18
    d333     d333        0     1                 LBB39_19
    d33d     d33d        0     1                 LBB39_20
    d356     d356        0     1                 LBB39_21
    d35e     d35e        0     1                 LBB39_22
    d361     d361        0     1                 LBB39_23
    d364     d364        0     1                 LBB39_24
    d370     d370        0     1                 LBB39_25
    d37a     d37a        0     1                 LBB39_26
    d3ae     d3ae        0     1                 LBB39_27
    d3c7     d3c7        0     1                 LBB39_28
    d3cf     d3cf        0     1                 LBB39_29
    d3d2     d3d2        0     1                 LBB39_30
    d3d5     d3d5        0     1                 LBB39_31
    d3e1     d3e1        0     1                 LBB39_32
    d3eb     d3eb        0     1                 LBB39_33
    d404     d404        0     1                 LBB39_34
    d40c     d40c        0     1                 LBB39_35
    d40f     d40f        0     1                 LBB39_36
    d412     d412        0     1                 LBB39_37
    d41e     d41e        0     1                 LBB39_38
    d428     d428        0     1                 LBB39_39
    d441     d441        0     1                 LBB39_40
    d449     d449        0     1                 LBB39_41
    d44c     d44c        0     1                 LBB39_42
    d44f     d44f        0     1                 LBB39_43
    d45b     d45b        0     1                 LBB39_44
    d465     d465        0     1                 LBB39_45
    d499     d499        0     1                 LBB39_46
    d508     d508        0     1                 LBB39_47
    d52b     d52b        0     1                 LBB39_48
    d537     d537        0     1                 LBB39_49
    d541     d541        0     1                 LBB39_50
    d54b     d54b        0     1                 LBB39_51
    d560     d560        0     1                 LBB39_52
    d568     d568        0     1                 LBB39_53
    d56b     d56b        0     1                 LBB39_54
    d56e     d56e        0     1                 LBB39_55
    d590     d590        0     1                 LBB39_56
    d5bc     d5bc        0     1                 LBB39_57
    d5ed     d5ed        0     1                 LBB39_58
    d66b     d66b        0     1                 LBB39_59
    d67b     d67b        0     1                 LBB39_60
    d68b     d68b        0     1                 LBB39_61
    d69b     d69b        0     1                 LBB39_62
    d69e     d69e        0     1                 LBB39_63
    d6aa     d6aa        0     1                 LBB39_64
    d6b4     d6b4        0     1                 LBB39_65
    d6cb     d6cb        0     1                 LBB39_66
    d6ce     d6ce        0     1                 LBB39_67
    d6e5     d6e5        0     1                 LBB39_68
    d6f2     d6f2        0     1                 LBB39_69
    d70b     d70b        0     1                 LBB39_70
    d713     d713        0     1                 LBB39_71
    d716     d716        0     1                 LBB39_72
    d719     d719        0     1                 LBB39_73
    d725     d725        0     1                 LBB39_74
    d72f     d72f        0     1                 LBB39_75
    d812     d812        0     1                 LBB39_76
    d829     d829        0     1                 LBB39_77
    d836     d836        0     1                 LBB39_78
    d859     d859        0     1                 LBB39_79
    d865     d865        0     1                 LBB39_80
    d86f     d86f        0     1                 LBB39_81
    d879     d879        0     1                 LBB39_82
    d88e     d88e        0     1                 LBB39_83
    d896     d896        0     1                 LBB39_84
    d899     d899        0     1                 LBB39_85
    d89c     d89c        0     1                 LBB39_86
    d8be     d8be        0     1                 LBB39_87
    d8ea     d8ea        0     1                 LBB39_88
    d91b     d91b        0     1                 LBB39_89
    d999     d999        0     1                 LBB39_90
    d9a9     d9a9        0     1                 LBB39_91
    d9b9     d9b9        0     1                 LBB39_92
    d9c9     d9c9        0     1                 LBB39_93
    d9cc     d9cc        0     1                 LBB39_94
    d9d8     d9d8        0     1                 LBB39_95
    d9e2     d9e2        0     1                 LBB39_96
    da0a     da0a        0     1                 LBB39_97
    da46     da46        0     1                 LBB39_98
    da56     da56        0     1                 LBB39_99
    da66     da66        0     1                 LBB39_100
    da76     da76        0     1                 LBB39_101
    da79     da79        0     1                 LBB39_102
    da85     da85        0     1                 LBB39_103
    da8f     da8f        0     1                 LBB39_104
    db8c     db8c        0     1                 LBB39_105
    dbd2     dbd2        0     1                 LBB39_106
    dbe9     dbe9        0     1                 LBB39_107
    dbec     dbec        0     1                 LBB39_108
    dc03     dc03        0     1                 LBB39_109
    dc10     dc10        0     1                 LBB39_110
    dc29     dc29        0     1                 LBB39_111
    dc31     dc31        0     1                 LBB39_112
    dc34     dc34        0     1                 LBB39_113
    dc37     dc37        0     1                 LBB39_114
    dc43     dc43        0     1                 LBB39_115
    dc4d     dc4d        0     1                 LBB39_116
    dc95     dc95        0     1                 LBB39_117
    dca1     dca1        0     1                 LBB39_118
    dcab     dcab        0     1                 LBB39_119
    ddcf     ddcf        0     1                 LBB39_120
    de17     de17        0     1                 LBB39_121
    de23     de23        0     1                 LBB39_122
    de2d     de2d        0     1                 LBB39_123
    dfb0     dfb0        0     1                 LBB39_124
    dff8     dff8        0     1                 LBB39_125
    e004     e004        0     1                 LBB39_126
    e00e     e00e        0     1                 LBB39_127
    e0de     e0de        0     1                 LBB39_128
    e0e1     e0e1        0     1                 LBB39_129
    e0f8     e0f8        0     1                 LBB39_130
    e134     e134        0     1                 LBB39_131
    e144     e144        0     1                 LBB39_132
    e154     e154        0     1                 LBB39_133
    e164     e164        0     1                 LBB39_134
    e167     e167        0     1                 LBB39_135
    e173     e173        0     1                 LBB39_136
    e17d     e17d        0     1                 LBB39_137
    e1ca     e1ca        0     1                 LBB39_138
    e206     e206        0     1                 LBB39_139
    e216     e216        0     1                 LBB39_140
    e226     e226        0     1                 LBB39_141
    e236     e236        0     1                 LBB39_142
    e239     e239        0     1                 LBB39_143
    e245     e245        0     1                 LBB39_144
    e24f     e24f        0     1                 LBB39_145
    e355     e355        0     1                 LBB39_146
    e3bd     e3bd        0     1                 LBB39_147
    e3cd     e3cd        0     1                 LBB39_148
    e3dd     e3dd        0     1                 LBB39_149
    e3ed     e3ed        0     1                 LBB39_150
    e3f0     e3f0        0     1                 LBB39_151
    e3fc     e3fc        0     1                 LBB39_152
    e406     e406        0     1                 LBB39_153
    e42e     e42e        0     1                 LBB39_154
    e53d     e53d        0     1                 LBB39_155
    e622     e622        0     1                 LBB39_156
    e62a     e62a        0     1                 LBB39_157
    e62d     e62d        0     1                 LBB39_158
    e630     e630        0     1                 LBB39_159
    e63c     e63c        0     1                 LBB39_160
    e646     e646        0     1                 LBB39_161
    e65c     e65c        0     1                 LBB39_162
    e664     e664        0     1                 LBB39_163
    e667     e667        0     1                 LBB39_164
    e66a     e66a        0     1                 LBB39_165
    e676     e676        0     1                 LBB39_166
    e680     e680        0     1                 LBB39_167
    e697     e697        0     1                 LBB39_168
    e69f     e69f        0     1                 LBB39_169
    e6a2     e6a2        0     1                 LBB39_170
    e6a5     e6a5        0     1                 LBB39_171
    e6b1     e6b1        0     1                 LBB39_172
    e6bb     e6bb        0     1                 LBB39_173
    e6d3     e6d3        0     1                 LBB39_174
    e6db     e6db        0     1                 LBB39_175
    e6de     e6de        0     1                 LBB39_176
    e6e1     e6e1        0     1                 LBB39_177
    e6ed     e6ed        0     1                 LBB39_178
    e6f7     e6f7        0     1                 LBB39_179
    e710     e710        0     1                 LBB39_180
    e718     e718        0     1                 LBB39_181
    e71b     e71b        0     1                 LBB39_182
    e71e     e71e        0     1                 LBB39_183
    e72a     e72a        0     1                 LBB39_184
    e734     e734        0     1                 LBB39_185
    e74e     e74e        0     1                 LBB39_186
    e768     e768        0     1                 LBB39_187
    e782     e782        0     1                 LBB39_188
    e79c     e79c        0     1                 LBB39_189
    e7b6     e7b6        0     1                 LBB39_190
    e7c3     e7c3        0     1                 LBB39_191
    e7e4     e7e4        0     1                 LBB39_192
    e7f0     e7f0        0     1                 LBB39_193
    e809     e809        0     1                 LBB39_194
    e813     e813        0     1                 LBB39_195
    e81d     e81d        0     1                 LBB39_196
    e827     e827        0     1                 LBB39_197
    e837     e837        0     1                 LBB39_198
    e842     e842        0     1                 LBB39_199
    e84c     e84c        0     1                 LBB39_200
    e856     e856        0     1                 LBB39_201
    e863     e863        0     1                 LBB39_202
    e89f     e89f        0     1                 LBB39_203
    e8b2     e8b2        0     1                 LBB39_204
    e8c5     e8c5        0     1                 LBB39_205
    e8d8     e8d8        0     1                 LBB39_206
    e8db     e8db        0     1                 LBB39_207
    e8de     e8de        0     1                 LBB39_208
    e8e8     e8e8        0     1                 LBB39_209
    e8f2     e8f2        0     1                 LBB39_210
    e8fe     e8fe        0     1                 LBB39_211
    e98b     e98b        0     1                 LBB39_212
    e997     e997        0     1                 LBB39_213
    e9a1     e9a1        0     1                 LBB39_214
    ea00     ea00        0     1                 LBB39_215
    ea08     ea08        0     1                 LBB39_216
    ea0b     ea0b        0     1                 LBB39_217
    ea0e     ea0e        0     1                 LBB39_218
    ea1a     ea1a        0     1                 LBB39_219
    ea24     ea24        0     1                 LBB39_220
    eb02     eb02        0     1                 LBB39_221
    eb4a     eb4a        0     1                 LBB39_222
    eb56     eb56        0     1                 LBB39_223
    eb60     eb60        0     1                 LBB39_224
    ebbf     ebbf        0     1                 LBB39_225
    ebc7     ebc7        0     1                 LBB39_226
    ebca     ebca        0     1                 LBB39_227
    ebcd     ebcd        0     1                 LBB39_228
    ebd9     ebd9        0     1                 LBB39_229
    ebe3     ebe3        0     1                 LBB39_230
    ecc1     ecc1        0     1                 LBB39_231
    ed09     ed09        0     1                 LBB39_232
    ed15     ed15        0     1                 LBB39_233
    ed1f     ed1f        0     1                 LBB39_234
    ed7e     ed7e        0     1                 LBB39_235
    ed86     ed86        0     1                 LBB39_236
    ed89     ed89        0     1                 LBB39_237
    ed8c     ed8c        0     1                 LBB39_238
    ed98     ed98        0     1                 LBB39_239
    eda2     eda2        0     1                 LBB39_240
    ee80     ee80        0     1                 LBB39_241
    eeca     eeca        0     1                 LBB39_242
    eee1     eee1        0     1                 LBB39_243
    eee4     eee4        0     1                 LBB39_244
    f05a     f05a        0     1                 LBB39_245
    f06a     f06a        0     1                 LBB39_246
    f07a     f07a        0     1                 LBB39_247
    f08a     f08a        0     1                 LBB39_248
    f08d     f08d        0     1                 LBB39_249
    f099     f099        0     1                 LBB39_250
    f0a3     f0a3        0     1                 LBB39_251
    f22c     f22c        0     1                 LBB39_252
    f2a0     f2a0        0     1                 LBB39_253
    f2b3     f2b3        0     1                 LBB39_254
    f2c6     f2c6        0     1                 LBB39_255
    f2d9     f2d9        0     1                 LBB39_256
    f2dc     f2dc        0     1                 LBB39_257
    f2df     f2df        0     1                 LBB39_258
    f2e9     f2e9        0     1                 LBB39_259
    f2f3     f2f3        0     1                 LBB39_260
    f2ff     f2ff        0     1                 LBB39_261
    f323     f323        0     1                 LBB39_262
    f437     f437        0     1                 LBB39_263
    f443     f443        0     1                 LBB39_264
    f44d     f44d        0     1                 LBB39_265
    f45a     f45a        0     1                 LBB39_266
    f496     f496        0     1                 LBB39_267
    f4a9     f4a9        0     1                 LBB39_268
    f4bc     f4bc        0     1                 LBB39_269
    f4cf     f4cf        0     1                 LBB39_270
    f4d2     f4d2        0     1                 LBB39_271
    f4d5     f4d5        0     1                 LBB39_272
    f4df     f4df        0     1                 LBB39_273
    f4e9     f4e9        0     1                 LBB39_274
    f4f5     f4f5        0     1                 LBB39_275
    f561     f561        0     1                 LBB39_276
    f578     f578        0     1                 LBB39_277
    f57b     f57b        0     1                 LBB39_278
    f597     f597        0     1                 LBB39_279
    f5a3     f5a3        0     1                 LBB39_280
    f5ad     f5ad        0     1                 LBB39_281
    f5ba     f5ba        0     1                 LBB39_282
    f5f6     f5f6        0     1                 LBB39_283
    f609     f609        0     1                 LBB39_284
    f61c     f61c        0     1                 LBB39_285
    f62f     f62f        0     1                 LBB39_286
    f632     f632        0     1                 LBB39_287
    f635     f635        0     1                 LBB39_288
    f63f     f63f        0     1                 LBB39_289
    f649     f649        0     1                 LBB39_290
    f655     f655        0     1                 LBB39_291
    f6c1     f6c1        0     1                 LBB39_292
    f6d8     f6d8        0     1                 LBB39_293
    f6db     f6db        0     1                 LBB39_294
    f6f7     f6f7        0     1                 LBB39_295
    f703     f703        0     1                 LBB39_296
    f70d     f70d        0     1                 LBB39_297
    f71a     f71a        0     1                 LBB39_298
    f756     f756        0     1                 LBB39_299
    f769     f769        0     1                 LBB39_300
    f77c     f77c        0     1                 LBB39_301
    f78f     f78f        0     1                 LBB39_302
    f792     f792        0     1                 LBB39_303
    f795     f795        0     1                 LBB39_304
    f79f     f79f        0     1                 LBB39_305
    f7a9     f7a9        0     1                 LBB39_306
    f7b5     f7b5        0     1                 LBB39_307
    f821     f821        0     1                 LBB39_308
    f838     f838        0     1                 LBB39_309
    f83b     f83b        0     1                 LBB39_310
    f848     f848        0     1                 LBB39_311
    f884     f884        0     1                 LBB39_312
    f897     f897        0     1                 LBB39_313
    f8aa     f8aa        0     1                 LBB39_314
    f8bd     f8bd        0     1                 LBB39_315
    f8c0     f8c0        0     1                 LBB39_316
    f8c3     f8c3        0     1                 LBB39_317
    f8cd     f8cd        0     1                 LBB39_318
    f8d7     f8d7        0     1                 LBB39_319
    f8e3     f8e3        0     1                 LBB39_320
    f94f     f94f        0     1                 LBB39_321
    f966     f966        0     1                 LBB39_322
    f97f     f97f        0     1                 LBB39_323
    f987     f987        0     1                 LBB39_324
    f98a     f98a        0     1                 LBB39_325
    f98d     f98d        0     1                 LBB39_326
    f999     f999        0     1                 LBB39_327
    f9a3     f9a3        0     1                 LBB39_328
    f9b3     f9b3        0     1                 LBB39_329
    f9d4     f9d4        0     1                 LBB39_330
    f9e0     f9e0        0     1                 LBB39_331
    f9f9     f9f9        0     1                 LBB39_332
    fa03     fa03        0     1                 LBB39_333
    fa0d     fa0d        0     1                 LBB39_334
    fa17     fa17        0     1                 LBB39_335
    fa27     fa27        0     1                 LBB39_336
    fa32     fa32        0     1                 LBB39_337
    fa3c     fa3c        0     1                 LBB39_338
    fa46     fa46        0     1                 LBB39_339
    fa56     fa56        0     1                 LBB39_340
    fa77     fa77        0     1                 LBB39_341
    fa83     fa83        0     1                 LBB39_342
    fa9c     fa9c        0     1                 LBB39_343
    faa6     faa6        0     1                 LBB39_344
    fab0     fab0        0     1                 LBB39_345
    faba     faba        0     1                 LBB39_346
    facf     facf        0     1                 LBB39_347
    fad7     fad7        0     1                 LBB39_348
    fada     fada        0     1                 LBB39_349
    fadd     fadd        0     1                 LBB39_350
    faed     faed        0     1                 LBB39_351
    faf8     faf8        0     1                 LBB39_352
    fb02     fb02        0     1                 LBB39_353
    fb0c     fb0c        0     1                 LBB39_354
    fb1c     fb1c        0     1                 LBB39_355
    fb3e     fb3e        0     1                 LBB40_0
    fb3e     fb3e       6a     1                 main
    fb7a     fb7a        0     1                 LBB40_1
    fb82     fb82        0     1                 LBB40_2
    fb85     fb85        0     1                 LBB40_3
    fb88     fb88        0     1                 LBB40_4
    fb94     fb94        0     1                 LBB40_5
    fb9e     fb9e        0     1                 LBB40_6
    fba2     fba2        0     1                 LBB40_7
    fba5     fba5        0     1                 LBB40_8
    fba8     fba8      4f0     4         /Users/andrewpullin/personal/llvm-8085/sysroot/lib/libgcc.a(int_div.o):(.text)
    fba8     fba8       2f     1                 __udivmod8
    fbd7     fbd7        3     1                 __udiv8
    fbda     fbda       12     1                 __urem8
    fbec     fbec       5a     1                 __sdiv8
    fc46     fc46       58     1                 __srem8
    fc9e     fc9e       5c     1                 __sdivmod8
    fcfa     fcfa       63     1                 __udivmod16
    fd5d     fd5d        3     1                 __udiv16
    fd60     fd60       15     1                 __urem16
    fd75     fd75       3d     1                 __sdiv16
    fdb2     fdb2       3e     1                 __srem16
    fdf0     fdf0       4b     1                 __sdivmod16
    fe3b     fe3b       a9     1                 __udivmod32
    fee4     fee4        3     1                 __udiv32
    fee7     fee7       98     1                 __urem32
    ff7f     ff7f       8f     1                 __sdiv32
   1000e    1000e       8a     1                 __srem32
   10098    10098      96b     4         /Users/andrewpullin/personal/llvm-8085/sysroot/lib/libgcc.a(int_mul.o):(.text)
   10098    10098       27     1                 __mul8
   100bf    100bf       30     1                 __mul16
   100ef    100ef       5b     1                 __mul32
   1014a    1014a       8e     1                 __mulsi16
   101d8    101d8       83     1                 __mulsi16_shr8
   1025b    1025b       8f     1                 __mulsi16_hi16
   102ea    102ea       30     1                 __mulsi16_lo16
   1031a    1031a       53     1                 __mulsi8
   1036d    1036d       5b     1                 __mulsi8_hi8
   103c8    103c8        3     1                 __mulsi8_lo8
   103cb    103cb      171     1                 __mulsi32
   1053c    1053c      12d     1                 __mulsi32_shr16
   10669    10669      14b     1                 __mulsi32_hi32
   107b4    107b4       2f     1                 __mului8
   107e3    107e3       5a     1                 __mului16
   1083d    1083d       e0     1                 __mului32
   1091d    1091d       e6     1                 __muldi3
   10a03    10a03      4a2     1 .rodata
   10a03    10a03      4a2     1         <internal>:(.rodata.str1.1)
   10ea5    10ea5        1     1 . = ALIGN(2)
   10ea6    10ea6        0     1 _etext = .
   10ea6    10ea6 fffffffffffef19a     1 . = ORIGIN(RAM)
      40    10ea6       58     2 .data
      40    10ea6        0     1         . = ALIGN(2)
      40    10ea6        0     1         _sdata = .
      40    10ea6       58     2         /Users/andrewpullin/personal/llvm-8085/tooling/examples/coremark/build/O0/coremark.o:(.data)
      40    10ea6        4     1                 seed1_volatile
      44    10eaa        4     1                 seed2_volatile
      48    10eae        4     1                 seed3_volatile
      4c    10eb2        4     1                 seed4_volatile
      50    10eb6        4     1                 default_num_contexts
      54    10eba        8     1                 intpat
      5c    10ec2        8     1                 floatpat
      64    10eca        8     1                 scipat
      6c    10ed2        8     1                 errpat
      74    10eda        6     1                 mem_name
      7a    10ee0        a     1                 list_known_crc
      84    10eea        a     1                 matrix_known_crc
      8e    10ef4        a     1                 state_known_crc
      98    10efe        0     1         . = ALIGN(2)
      98    10efe        0     1         _edata = .
      98    10efe        0     1 _sidata = LOADADDR(.data)
      98    10efe       d4     1 .bss
      98    10efe        0     1         . = ALIGN(2)
      98    10efe        0     1         _sbss = .
      98    10efe       d4     1         /Users/andrewpullin/personal/llvm-8085/tooling/examples/coremark/build/O0/coremark.o:(.bss)
      98    10efe        4     1                 seed5_volatile
      9c    10f02        4     1                 start_time_val
      a0    10f06        4     1                 stop_time_val
      a4    10f0a       c8     1                 static_memblk
     16c    10fd2        0     1         . = ALIGN(2)
     16c    10fd2        0     1         _ebss = .
     16c    10fd2        0     1 _end = .
     16c    10fd2        0     1 PROVIDE(_estack = ORIGIN(RAM) + LENGTH(RAM))
     16c    10fd2        0     1 PROVIDE(_stack = _estack)
       0        0       6a     1 .comment
       0        0       6a     1         <internal>:(.comment)
       0        0     6190     4 .symtab
       0        0     6190     4         <internal>:(.symtab)
       0        0       46     1 .shstrtab
       0        0       46     1         <internal>:(.shstrtab)
       0        0     37b1     1 .strtab
       0        0     37b1     1         <internal>:(.strtab)
