     VMA      LMA     Size Align Out     In      Symbol
       0        0       3f     1 .vectors
       0        0       3f     1         /Users/andrewpullin/personal/llvm-8085/tooling/examples/coremark/build/O1/crt0.o:(.vectors)
       0        0        0     1                 __vector_table
    4000     4000     95bb     4 .text
    4000     4000        4     4         /Users/andrewpullin/personal/llvm-8085/tooling/examples/coremark/build/O1/crt0.o:(.text)
    4000     4000        0     1                 isr_rst1
    4000     4000        0     1                 isr_rst2
    4000     4000        0     1                 isr_rst3
    4000     4000        0     1                 isr_rst4
    4000     4000        0     1                 isr_trap
    4000     4000        0     1                 isr_rst5
    4000     4000        0     1                 isr_rst55
    4000     4000        0     1                 isr_rst6
    4000     4000        0     1                 isr_rst65
    4000     4000        0     1                 isr_rst7
    4000     4000        0     1                 isr_rst75
    4000     4000        0     1                 default_isr
    4004     4004       49     1         /Users/andrewpullin/personal/llvm-8085/tooling/examples/coremark/build/O1/crt0.o:(.text.startup)
    4004     4004        0     1                 _start
    401a     401a        0     1                 data_loop
    4028     4028        0     1                 data_done
    403a     403a        0     1                 bss_loop
    4046     4046        0     1                 bss_done
    4049     4049        0     1                 halt_loop
    4050     4050     870d     4         /Users/andrewpullin/personal/llvm-8085/tooling/examples/coremark/build/O1/coremark.o:(.text)
    4050     4050        0     1                 LBB0_0
    4050     4050        1     1                 start_time
    4052     4052        0     1                 LBB1_0
    4052     4052        1     1                 stop_time
    4054     4054        0     1                 LBB2_0
    4054     4054       24     1                 get_time
    4078     4078        0     1                 LBB3_0
    4078     4078       24     1                 time_in_secs
    409c     409c        0     1                 LBB4_0
    409c     409c        b     1                 portable_init
    40a8     40a8        0     1                 LBB5_0
    40a8     40a8        b     1                 portable_fini
    40b4     40b4        0     1                 LBB6_0
    40b4     40b4        4     1                 ee_printf
    40b8     40b8        0     1                 LBB7_0
    40b8     40b8      3b9     1                 calc_func
    40eb     40eb        0     1                 LBB7_1
    40f0     40f0        0     1                 LBB7_4
    40f2     40f2        0     1                 LBB7_5
    4105     4105        0     1                 LBB7_6
    4178     4178        0     1                 LBB7_7
    417d     417d        0     1                 LBB7_11
    4184     4184        0     1                 LBB7_12
    4195     4195        0     1                 LBB7_13
    41a8     41a8        0     1                 LBB7_14
    41ad     41ad        0     1                 LBB7_16
    41af     41af        0     1                 LBB7_18
    41b4     41b4        0     1                 LBB7_19
    4250     4250        0     1                 LBB7_20
    4256     4256        0     1                 LBB7_21
    4258     4258        0     1                 LBB7_22
    42ee     42ee        0     1                 LBB7_23
    42f3     42f3        0     1                 LBB7_25
    42f5     42f5        0     1                 LBB7_31
    42fa     42fa        0     1                 LBB7_32
    4313     4313        0     1                 LBB7_9
    4327     4327        0     1                 LBB7_26
    4395     4395        0     1                 LBB7_27
    439a     439a        0     1                 LBB7_29
    439c     439c        0     1                 LBB7_34
    43a1     43a1        0     1                 LBB7_35
    43b7     43b7        0     1                 LBB7_36
    43b9     43b9        0     1                 LBB7_37
    4444     4444        0     1                 LBB7_38
    445e     445e        0     1                 LBB7_39
    4463     4463        0     1                 LBB7_40
    4468     4468        0     1                 LBB7_43
    4472     4472        0     1                 LBB8_0
    4472     4472      7ac     1                 core_bench_state
    4504     4504        0     1                 LBB8_8
    4506     4506        0     1                 LBB8_9
    4522     4522        0     1                 LBB8_3
    45e1     45e1        0     1                 LBB8_4
    45f1     45f1        0     1                 LBB8_5
    4601     4601        0     1                 LBB8_6
    4611     4611        0     1                 LBB8_2
    4616     4616        0     1                 LBB8_10
    462b     462b        0     1                 LBB8_11
    4634     4634        0     1                 LBB8_12
    463a     463a        0     1                 LBB8_13
    465c     465c        0     1                 LBB8_14
    4660     4660        0     1                 LBB8_15
    471d     471d        0     1                 LBB8_16
    4726     4726        0     1                 LBB8_17
    476f     476f        0     1                 LBB8_18
    4778     4778        0     1                 LBB8_22
    4781     4781        0     1                 LBB8_20
    4787     4787        0     1                 LBB8_23
    478d     478d        0     1                 LBB8_24
    47ab     47ab        0     1                 LBB8_25
    47b1     47b1        0     1                 LBB8_26
    47bd     47bd        0     1                 LBB8_27
    47c2     47c2        0     1                 LBB8_28
    47c6     47c6        0     1                 LBB8_29
    47cf     47cf        0     1                 LBB8_30
    47ee     47ee        0     1                 LBB8_31
    47f4     47f4        0     1                 LBB8_32
    4810     4810        0     1                 LBB8_33
    4819     4819        0     1                 LBB8_34
    481f     481f        0     1                 LBB8_35
    4841     4841        0     1                 LBB8_36
    4845     4845        0     1                 LBB8_37
    4902     4902        0     1                 LBB8_38
    490b     490b        0     1                 LBB8_39
    491c     491c        0     1                 LBB8_40
    4925     4925        0     1                 LBB8_44
    492e     492e        0     1                 LBB8_42
    4934     4934        0     1                 LBB8_45
    493a     493a        0     1                 LBB8_46
    4956     4956        0     1                 LBB8_47
    495c     495c        0     1                 LBB8_48
    4971     4971        0     1                 LBB8_49
    4976     4976        0     1                 LBB8_50
    497a     497a        0     1                 LBB8_51
    498b     498b        0     1                 LBB8_52
    49b8     49b8        0     1                 LBB8_53
    49be     49be        0     1                 LBB8_54
    49f1     49f1        0     1                 LBB8_62
    49f4     49f4        0     1                 LBB8_63
    4a60     4a60        0     1                 LBB8_57
    4bce     4bce        0     1                 LBB8_58
    4bde     4bde        0     1                 LBB8_59
    4bee     4bee        0     1                 LBB8_60
    4bfe     4bfe        0     1                 LBB8_56
    4c04     4c04        0     1                 LBB8_65
    4c1e     4c1e        0     1                 LBB9_0
    4c1e     4c1e       fb     1                 core_bench_matrix
    4d1a     4d1a        0     1                 LBB10_0
    4d1a     4d1a      161     1                 crcu16
    4d4e     4d4e        0     1                 LBB10_4
    4d50     4d50        0     1                 LBB10_5
    4d5a     4d5a        0     1                 LBB10_1
    4d99     4d99        0     1                 LBB10_8
    4d9b     4d9b        0     1                 LBB10_2
    4d9f     4d9f        0     1                 LBB10_7
    4dae     4dae        0     1                 LBB10_3
    4dc6     4dc6        0     1                 LBB10_6
    4dcb     4dcb        0     1                 LBB10_9
    4de4     4de4        0     1                 LBB10_14
    4dee     4dee        0     1                 LBB10_10
    4e2d     4e2d        0     1                 LBB10_16
    4e2f     4e2f        0     1                 LBB10_11
    4e33     4e33        0     1                 LBB10_15
    4e42     4e42        0     1                 LBB10_12
    4e5a     4e5a        0     1                 LBB10_13
    4e5f     4e5f        0     1                 LBB10_17
    4e7c     4e7c        0     1                 LBB11_0
    4e7c     4e7c       7a     1                 cmp_complex
    4ef6     4ef6        0     1                 LBB12_0
    4ef6     4ef6       e3     1                 cmp_idx
    4f0c     4f0c        0     1                 LBB12_1
    4f11     4f11        0     1                 LBB12_2
    4f11     4f11        0     1                 LBB12_4
    4f16     4f16        0     1                 LBB12_3
    4f16     4f16        0     1                 LBB12_5
    4f3d     4f3d        0     1                 LBB12_6
    4f89     4f89        0     1                 LBB12_7
    4fda     4fda        0     1                 LBB13_0
    4fda     4fda       6b     1                 copy_info
    5046     5046        0     1                 LBB14_0
    5046     5046      823     1                 core_bench_list
    5101     5101        0     1                 LBB14_1
    510c     510c        0     1                 LBB14_4
    5112     5112        0     1                 LBB14_3
    5118     5118        0     1                 LBB14_2
    511b     511b        0     1                 LBB14_5
    5124     5124        0     1                 LBB14_6
    516c     516c        0     1                 LBB14_7
    516e     516e        0     1                 LBB14_8
    5182     5182        0     1                 LBB14_9
    5201     5201        0     1                 LBB14_10
    5206     5206        0     1                 LBB14_11
    520d     520d        0     1                 LBB14_12
    5225     5225        0     1                 LBB14_13
    522b     522b        0     1                 LBB14_14
    523b     523b        0     1                 LBB14_15
    5274     5274        0     1                 LBB14_16
    5279     5279        0     1                 LBB14_17
    527e     527e        0     1                 LBB14_18
    5299     5299        0     1                 LBB14_19
    529e     529e        0     1                 LBB14_20
    52a0     52a0        0     1                 LBB14_21
    52a5     52a5        0     1                 LBB14_22
    52e9     52e9        0     1                 LBB14_23
    52ee     52ee        0     1                 LBB14_24
    52f0     52f0        0     1                 LBB14_25
    52f5     52f5        0     1                 LBB14_26
    5325     5325        0     1                 LBB14_27
    533c     533c        0     1                 LBB14_28
    5341     5341        0     1                 LBB14_29
    5343     5343        0     1                 LBB14_30
    5375     5375        0     1                 LBB14_31
    53a9     53a9        0     1                 LBB14_32
    53f9     53f9        0     1                 LBB14_33
    540a     540a        0     1                 LBB14_34
    5424     5424        0     1                 LBB14_35
    542a     542a        0     1                 LBB14_36
    5466     5466        0     1                 LBB14_37
    547f     547f        0     1                 LBB14_38
    5488     5488        0     1                 LBB14_39
    548d     548d        0     1                 LBB14_40
    54a2     54a2        0     1                 LBB14_41
    54ab     54ab        0     1                 LBB14_42
    54ba     54ba        0     1                 LBB14_43
    54bf     54bf        0     1                 LBB14_44
    54c1     54c1        0     1                 LBB14_45
    54de     54de        0     1                 LBB14_46
    551c     551c        0     1                 LBB14_47
    5538     5538        0     1                 LBB14_48
    5541     5541        0     1                 LBB14_49
    5546     5546        0     1                 LBB14_50
    554c     554c        0     1                 LBB14_52
    554e     554e        0     1                 LBB14_53
    5559     5559        0     1                 LBB14_54
    5576     5576        0     1                 LBB14_55
    5640     5640        0     1                 LBB14_56
    5645     5645        0     1                 LBB14_57
    5647     5647        0     1                 LBB14_58
    564c     564c        0     1                 LBB14_59
    565f     565f        0     1                 LBB14_60
    5672     5672        0     1                 LBB14_61
    5677     5677        0     1                 LBB14_62
    5679     5679        0     1                 LBB14_63
    567e     567e        0     1                 LBB14_64
    56ad     56ad        0     1                 LBB14_65
    56b2     56b2        0     1                 LBB14_66
    56f9     56f9        0     1                 LBB14_67
    56fe     56fe        0     1                 LBB14_68
    5706     5706        0     1                 LBB14_69
    57bf     57bf        0     1                 LBB14_70
    57c4     57c4        0     1                 LBB14_71
    57c6     57c6        0     1                 LBB14_72
    57cb     57cb        0     1                 LBB14_73
    57f4     57f4        0     1                 LBB14_74
    57f9     57f9        0     1                 LBB14_75
    583e     583e        0     1                 LBB14_76
    5843     5843        0     1                 LBB14_77
    5848     5848        0     1                 LBB14_78
    586a     586a        0     1                 LBB15_0
    586a     586a      1d1     1                 core_list_find
    589c     589c        0     1                 LBB15_1
    58b0     58b0        0     1                 LBB15_2
    58b5     58b5        0     1                 LBB15_3
    58ba     58ba        0     1                 LBB15_9
    58bf     58bf        0     1                 LBB15_5
    58c5     58c5        0     1                 LBB15_7
    58c7     58c7        0     1                 LBB15_10
    58d8     58d8        0     1                 LBB15_11
    58e2     58e2        0     1                 LBB15_12
    58e7     58e7        0     1                 LBB15_16
    58e9     58e9        0     1                 LBB15_17
    58ee     58ee        0     1                 LBB15_18
    58ff     58ff        0     1                 LBB15_30
    5904     5904        0     1                 LBB15_20
    5909     5909        0     1                 LBB15_21
    594c     594c        0     1                 LBB15_22
    5951     5951        0     1                 LBB15_25
    5956     5956        0     1                 LBB15_26
    595b     595b        0     1                 LBB15_27
    597d     597d        0     1                 LBB15_28
    5985     5985        0     1                 LBB15_31
    598f     598f        0     1                 LBB15_32
    5994     5994        0     1                 LBB15_36
    5996     5996        0     1                 LBB15_37
    599b     599b        0     1                 LBB15_38
    59bd     59bd        0     1                 LBB15_40
    59c2     59c2        0     1                 LBB15_41
    59f2     59f2        0     1                 LBB15_42
    59f7     59f7        0     1                 LBB15_46
    59fc     59fc        0     1                 LBB15_47
    5a01     5a01        0     1                 LBB15_48
    5a23     5a23        0     1                 LBB15_49
    5a28     5a28        0     1                 LBB15_51
    5a30     5a30        0     1                 LBB15_52
    5a3c     5a3c        0     1                 LBB16_0
    5a3c     5a3c       9d     1                 core_list_reverse
    5a5b     5a5b        0     1                 LBB16_1
    5a60     5a60        0     1                 LBB16_2
    5a63     5a63        0     1                 LBB16_3
    5a63     5a63        0     1                 LBB16_5
    5a65     5a65        0     1                 LBB16_4
    5a6a     5a6a        0     1                 LBB16_6
    5a7b     5a7b        0     1                 LBB16_10
    5a7b     5a7b        0     1                 LBB16_12
    5a8b     5a8b        0     1                 LBB16_7
    5ac6     5ac6        0     1                 LBB16_8
    5acb     5acb        0     1                 LBB16_9
    5acb     5acb        0     1                 LBB16_11
    5ad3     5ad3        0     1                 LBB16_13
    5ada     5ada        0     1                 LBB17_0
    5ada     5ada      a7c     1                 core_list_mergesort
    5b1b     5b1b        0     1                 LBB17_96
    5b66     5b66        0     1                 LBB17_1
    5bd6     5bd6        0     1                 LBB17_47
    5bdd     5bdd        0     1                 LBB17_3
    5c98     5c98        0     1                 LBB17_4
    5ca8     5ca8        0     1                 LBB17_5
    5cb8     5cb8        0     1                 LBB17_6
    5cc8     5cc8        0     1                 LBB17_7
    5cdb     5cdb        0     1                 LBB17_8
    5ce5     5ce5        0     1                 LBB17_9
    5ce6     5ce6        0     1                 LBB17_10
    5d01     5d01        0     1                 LBB17_11
    5d1a     5d1a        0     1                 LBB17_18
    5d1c     5d1c        0     1                 LBB17_19
    5d4c     5d4c        0     1                 LBB17_20
    5d6b     5d6b        0     1                 LBB17_21
    5d70     5d70        0     1                 LBB17_22
    5d77     5d77        0     1                 LBB17_23
    5db6     5db6        0     1                 LBB17_13
    5df8     5df8        0     1                 LBB17_14
    5e08     5e08        0     1                 LBB17_15
    5e18     5e18        0     1                 LBB17_16
    5e28     5e28        0     1                 LBB17_17
    5e38     5e38        0     1                 LBB17_12
    5e3d     5e3d        0     1                 LBB17_24
    5e47     5e47        0     1                 LBB17_25
    5e4c     5e4c        0     1                 LBB17_26
    5e4e     5e4e        0     1                 LBB17_27
    5e7e     5e7e        0     1                 LBB17_28
    5f0d     5f0d        0     1                 LBB17_29
    5f84     5f84        0     1                 LBB17_30
    5fba     5fba        0     1                 LBB17_31
    5fca     5fca        0     1                 LBB17_32
    5fda     5fda        0     1                 LBB17_33
    5fea     5fea        0     1                 LBB17_34
    5ffa     5ffa        0     1                 LBB17_37
    6003     6003        0     1                 LBB17_35
    600d     600d        0     1                 LBB17_36
    6013     6013        0     1                 LBB17_38
    6049     6049        0     1                 LBB17_39
    6059     6059        0     1                 LBB17_40
    6069     6069        0     1                 LBB17_41
    6079     6079        0     1                 LBB17_42
    6089     6089        0     1                 LBB17_52
    6092     6092        0     1                 LBB17_43
    609c     609c        0     1                 LBB17_44
    60a2     60a2        0     1                 LBB17_53
    60b4     60b4        0     1                 LBB17_54
    60b9     60b9        0     1                 LBB17_55
    60bb     60bb        0     1                 LBB17_56
    60c0     60c0        0     1                 LBB17_57
    6108     6108        0     1                 LBB17_58
    6115     6115        0     1                 LBB17_59
    6122     6122        0     1                 LBB17_60
    612f     612f        0     1                 LBB17_61
    6131     6131        0     1                 LBB17_62
    6136     6136        0     1                 LBB17_63
    617e     617e        0     1                 LBB17_64
    618b     618b        0     1                 LBB17_65
    6198     6198        0     1                 LBB17_66
    61a5     61a5        0     1                 LBB17_67
    61a7     61a7        0     1                 LBB17_68
    61d8     61d8        0     1                 LBB17_69
    61ea     61ea        0     1                 LBB17_70
    61ef     61ef        0     1                 LBB17_71
    61f1     61f1        0     1                 LBB17_72
    61f6     61f6        0     1                 LBB17_73
    6252     6252        0     1                 LBB17_75
    627b     627b        0     1                 LBB17_76
    628b     628b        0     1                 LBB17_77
    629b     629b        0     1                 LBB17_78
    62ab     62ab        0     1                 LBB17_79
    62be     62be        0     1                 LBB17_80
    62c3     62c3        0     1                 LBB17_74
    634d     634d        0     1                 LBB17_81
    6357     6357        0     1                 LBB17_82
    635c     635c        0     1                 LBB17_83
    635e     635e        0     1                 LBB17_84
    6361     6361        0     1                 LBB17_87
    6363     6363        0     1                 LBB17_85
    6381     6381        0     1                 LBB17_88
    63ea     63ea        0     1                 LBB17_86
    641f     641f        0     1                 LBB17_89
    642a     642a        0     1                 LBB17_90
    643d     643d        0     1                 LBB17_91
    6442     6442        0     1                 LBB17_92
    6444     6444        0     1                 LBB17_93
    6452     6452        0     1                 LBB17_94
    64a9     64a9        0     1                 LBB17_45
    64bb     64bb        0     1                 LBB17_46
    64c0     64c0        0     1                 LBB17_2
    64c5     64c5        0     1                 LBB17_48
    651d     651d        0     1                 LBB17_49
    652a     652a        0     1                 LBB17_50
    6537     6537        0     1                 LBB17_51
    6544     6544        0     1                 LBB17_95
    6549     6549        0     1                 LBB17_97
    6556     6556        0     1                 LBB18_0
    6556     6556       91     1                 core_list_remove
    65e8     65e8        0     1                 LBB19_0
    65e8     65e8       66     1                 crc16
    664e     664e        0     1                 LBB20_0
    664e     664e       a5     1                 core_list_undo_remove
    66f4     66f4        0     1                 LBB21_0
    66f4     66f4      75c     1                 core_list_init
    6868     6868        0     1                 LBB21_1
    6871     6871        0     1                 LBB21_4
    6877     6877        0     1                 LBB21_3
    687d     687d        0     1                 LBB21_5
    6880     6880        0     1                 LBB21_6
    68de     68de        0     1                 LBB21_8
    696c     696c        0     1                 LBB21_9
    69b4     69b4        0     1                 LBB21_10
    69c1     69c1        0     1                 LBB21_11
    69ce     69ce        0     1                 LBB21_12
    69db     69db        0     1                 LBB21_15
    69dd     69dd        0     1                 LBB21_16
    69e2     69e2        0     1                 LBB21_17
    6a0f     6a0f        0     1                 LBB21_19
    6a15     6a15        0     1                 LBB21_20
    6abe     6abe        0     1                 LBB21_21
    6ac3     6ac3        0     1                 LBB21_22
    6ac5     6ac5        0     1                 LBB21_23
    6af7     6af7        0     1                 LBB21_24
    6b1b     6b1b        0     1                 LBB21_25
    6b21     6b21        0     1                 LBB21_26
    6ba1     6ba1        0     1                 LBB21_27
    6be0     6be0        0     1                 LBB21_28
    6bf0     6bf0        0     1                 LBB21_29
    6c00     6c00        0     1                 LBB21_30
    6c13     6c13        0     1                 LBB21_32
    6c1c     6c1c        0     1                 LBB21_33
    6c25     6c25        0     1                 LBB21_34
    6c48     6c48        0     1                 LBB21_35
    6c4d     6c4d        0     1                 LBB21_39
    6c4f     6c4f        0     1                 LBB21_40
    6c54     6c54        0     1                 LBB21_41
    6d28     6d28        0     1                 LBB21_43
    6d2d     6d2d        0     1                 LBB21_44
    6d3d     6d3d        0     1                 LBB21_45
    6d4d     6d4d        0     1                 LBB21_46
    6d5d     6d5d        0     1                 LBB21_47
    6d70     6d70        0     1                 LBB21_49
    6d78     6d78        0     1                 LBB21_51
    6d7a     6d7a        0     1                 LBB21_52
    6d9d     6d9d        0     1                 LBB21_53
    6dcd     6dcd        0     1                 LBB21_54
    6e1e     6e1e        0     1                 LBB21_55
    6e23     6e23        0     1                 LBB21_57
    6e28     6e28        0     1                 LBB21_58
    6e50     6e50        0     1                 LBB22_0
    6e50     6e50      1a9     1                 core_list_insert_new
    6e90     6e90        0     1                 LBB22_2
    6e95     6e95        0     1                 LBB22_1
    6e97     6e97        0     1                 LBB22_3
    6ee5     6ee5        0     1                 LBB22_4
    6f0b     6f0b        0     1                 LBB22_6
    6f10     6f10        0     1                 LBB22_5
    6f12     6f12        0     1                 LBB22_7
    6f19     6f19        0     1                 LBB22_8
    6ff3     6ff3        0     1                 LBB22_9
    6ffa     6ffa        0     1                 LBB23_0
    6ffa     6ffa      59e     1                 matrix_test
    7598     7598        0     1                 LBB24_0
    7598     7598      384     1                 matrix_add_const
    7604     7604        0     1                 LBB24_1
    7611     7611        0     1                 LBB24_2
    761e     761e        0     1                 LBB24_3
    762b     762b        0     1                 LBB24_4
    762e     762e        0     1                 LBB24_6
    7633     7633        0     1                 LBB24_5
    7654     7654        0     1                 LBB24_7
    766d     766d        0     1                 LBB24_21
    766d     766d        0     1                 LBB24_24
    7676     7676        0     1                 LBB24_8
    773a     773a        0     1                 LBB24_13
    773a     773a        0     1                 LBB24_16
    7743     7743        0     1                 LBB24_9
    7847     7847        0     1                 LBB24_10
    7857     7857        0     1                 LBB24_11
    7867     7867        0     1                 LBB24_12
    787a     787a        0     1                 LBB24_14
    787a     787a        0     1                 LBB24_15
    7883     7883        0     1                 LBB24_17
    78da     78da        0     1                 LBB24_18
    78ea     78ea        0     1                 LBB24_19
    78fa     78fa        0     1                 LBB24_20
    790d     790d        0     1                 LBB24_22
    790d     790d        0     1                 LBB24_23
    7916     7916        0     1                 LBB24_25
    791c     791c        0     1                 LBB25_0
    791c     791c      484     1                 matrix_mul_const
    7988     7988        0     1                 LBB25_1
    7995     7995        0     1                 LBB25_2
    79a2     79a2        0     1                 LBB25_3
    79af     79af        0     1                 LBB25_4
    79b2     79b2        0     1                 LBB25_6
    79b7     79b7        0     1                 LBB25_5
    79eb     79eb        0     1                 LBB25_7
    7a2e     7a2e        0     1                 LBB25_21
    7a2e     7a2e        0     1                 LBB25_24
    7a37     7a37        0     1                 LBB25_8
    7afb     7afb        0     1                 LBB25_13
    7afb     7afb        0     1                 LBB25_16
    7b04     7b04        0     1                 LBB25_9
    7ccb     7ccb        0     1                 LBB25_10
    7cdb     7cdb        0     1                 LBB25_11
    7ceb     7ceb        0     1                 LBB25_12
    7cfe     7cfe        0     1                 LBB25_14
    7cfe     7cfe        0     1                 LBB25_15
    7d07     7d07        0     1                 LBB25_17
    7d5e     7d5e        0     1                 LBB25_18
    7d6e     7d6e        0     1                 LBB25_19
    7d7e     7d7e        0     1                 LBB25_20
    7d91     7d91        0     1                 LBB25_22
    7d91     7d91        0     1                 LBB25_23
    7d9a     7d9a        0     1                 LBB25_25
    7da0     7da0        0     1                 LBB26_0
    7da0     7da0      783     1                 matrix_sum
    7e03     7e03        0     1                 LBB26_1
    7e10     7e10        0     1                 LBB26_2
    7e1d     7e1d        0     1                 LBB26_3
    7e2a     7e2a        0     1                 LBB26_5
    7e2c     7e2c        0     1                 LBB26_6
    7e59     7e59        0     1                 LBB26_7
    7ef7     7ef7        0     1                 LBB26_9
    7f15     7f15        0     1                 LBB26_10
    801b     801b        0     1                 LBB26_12
    8051     8051        0     1                 LBB26_13
    8190     8190        0     1                 LBB26_14
    81a0     81a0        0     1                 LBB26_15
    81b0     81b0        0     1                 LBB26_16
    81c0     81c0        0     1                 LBB26_17
    81d0     81d0        0     1                 LBB26_23
    81d6     81d6        0     1                 LBB26_19
    81e0     81e0        0     1                 LBB26_20
    81e3     81e3        0     1                 LBB26_24
    823f     823f        0     1                 LBB26_26
    8296     8296        0     1                 LBB26_27
    82d6     82d6        0     1                 LBB26_28
    82e6     82e6        0     1                 LBB26_29
    82f6     82f6        0     1                 LBB26_30
    8309     8309        0     1                 LBB26_32
    830e     830e        0     1                 LBB26_33
    8330     8330        0     1                 LBB26_34
    8335     8335        0     1                 LBB26_36
    8337     8337        0     1                 LBB26_37
    8367     8367        0     1                 LBB26_38
    8369     8369        0     1                 LBB26_39
    8384     8384        0     1                 LBB26_40
    83d4     83d4        0     1                 LBB26_41
    83e4     83e4        0     1                 LBB26_42
    83f4     83f4        0     1                 LBB26_43
    8407     8407        0     1                 LBB26_45
    843d     843d        0     1                 LBB26_46
    84ac     84ac        0     1                 LBB26_47
    84bc     84bc        0     1                 LBB26_48
    84cc     84cc        0     1                 LBB26_49
    84df     84df        0     1                 LBB26_51
    84fd     84fd        0     1                 LBB26_52
    8524     8524        0     1                 LBB27_0
    8524     8524      55f     1                 matrix_mul_vect
    8590     8590        0     1                 LBB27_1
    859d     859d        0     1                 LBB27_2
    85aa     85aa        0     1                 LBB27_3
    85b7     85b7        0     1                 LBB27_4
    85ba     85ba        0     1                 LBB27_6
    85bf     85bf        0     1                 LBB27_5
    85ee     85ee        0     1                 LBB27_7
    8607     8607        0     1                 LBB27_21
    8607     8607        0     1                 LBB27_24
    8610     8610        0     1                 LBB27_8
    8757     8757        0     1                 LBB27_13
    8757     8757        0     1                 LBB27_16
    8790     8790        0     1                 LBB27_9
    8951     8951        0     1                 LBB27_10
    8961     8961        0     1                 LBB27_11
    8971     8971        0     1                 LBB27_12
    8984     8984        0     1                 LBB27_14
    8984     8984        0     1                 LBB27_15
    89bd     89bd        0     1                 LBB27_17
    8a41     8a41        0     1                 LBB27_18
    8a51     8a51        0     1                 LBB27_19
    8a61     8a61        0     1                 LBB27_20
    8a74     8a74        0     1                 LBB27_22
    8a74     8a74        0     1                 LBB27_23
    8a7d     8a7d        0     1                 LBB27_25
    8a84     8a84        0     1                 LBB28_0
    8a84     8a84      76d     1                 matrix_mul_matrix
    8af0     8af0        0     1                 LBB28_1
    8afd     8afd        0     1                 LBB28_2
    8b0a     8b0a        0     1                 LBB28_3
    8b17     8b17        0     1                 LBB28_4
    8b1a     8b1a        0     1                 LBB28_6
    8b1f     8b1f        0     1                 LBB28_5
    8b4e     8b4e        0     1                 LBB28_7
    8b67     8b67        0     1                 LBB28_30
    8b67     8b67        0     1                 LBB28_33
    8b70     8b70        0     1                 LBB28_8
    8c34     8c34        0     1                 LBB28_22
    8c34     8c34        0     1                 LBB28_25
    8c3d     8c3d        0     1                 LBB28_9
    8d3b     8d3b        0     1                 LBB28_14
    8d3b     8d3b        0     1                 LBB28_17
    8d74     8d74        0     1                 LBB28_10
    9014     9014        0     1                 LBB28_11
    9024     9024        0     1                 LBB28_12
    9034     9034        0     1                 LBB28_13
    9047     9047        0     1                 LBB28_15
    9047     9047        0     1                 LBB28_16
    9080     9080        0     1                 LBB28_18
    911c     911c        0     1                 LBB28_19
    912c     912c        0     1                 LBB28_20
    913c     913c        0     1                 LBB28_21
    914f     914f        0     1                 LBB28_23
    914f     914f        0     1                 LBB28_24
    9158     9158        0     1                 LBB28_26
    91af     91af        0     1                 LBB28_27
    91bf     91bf        0     1                 LBB28_28
    91cf     91cf        0     1                 LBB28_29
    91e2     91e2        0     1                 LBB28_31
    91e2     91e2        0     1                 LBB28_32
    91eb     91eb        0     1                 LBB28_34
    91f2     91f2        0     1                 LBB29_0
    91f2     91f2      878     1                 matrix_mul_matrix_bitextract
    925e     925e        0     1                 LBB29_1
    926b     926b        0     1                 LBB29_2
    9278     9278        0     1                 LBB29_3
    9285     9285        0     1                 LBB29_4
    9288     9288        0     1                 LBB29_6
    928d     928d        0     1                 LBB29_5
    92bc     92bc        0     1                 LBB29_7
    92d5     92d5        0     1                 LBB29_30
    92d5     92d5        0     1                 LBB29_33
    92de     92de        0     1                 LBB29_8
    93a2     93a2        0     1                 LBB29_22
    93a2     93a2        0     1                 LBB29_25
    93ab     93ab        0     1                 LBB29_9
    94a9     94a9        0     1                 LBB29_14
    94a9     94a9        0     1                 LBB29_17
    94e2     94e2        0     1                 LBB29_10
    988d     988d        0     1                 LBB29_11
    989d     989d        0     1                 LBB29_12
    98ad     98ad        0     1                 LBB29_13
    98c0     98c0        0     1                 LBB29_15
    98c0     98c0        0     1                 LBB29_16
    98f9     98f9        0     1                 LBB29_18
    9995     9995        0     1                 LBB29_19
    99a5     99a5        0     1                 LBB29_20
    99b5     99b5        0     1                 LBB29_21
    99c8     99c8        0     1                 LBB29_23
    99c8     99c8        0     1                 LBB29_24
    99d1     99d1        0     1                 LBB29_26
    9a28     9a28        0     1                 LBB29_27
    9a38     9a38        0     1                 LBB29_28
    9a48     9a48        0     1                 LBB29_29
    9a5b     9a5b        0     1                 LBB29_31
    9a5b     9a5b        0     1                 LBB29_32
    9a64     9a64        0     1                 LBB29_34
    9a6a     9a6a        0     1                 LBB30_0
    9a6a     9a6a      c01     1                 core_init_matrix
    9aa4     9aa4        0     1                 LBB30_1
    9ab4     9ab4        0     1                 LBB30_2
    9ac4     9ac4        0     1                 LBB30_3
    9ad7     9ad7        0     1                 LBB30_5
    9ae0     9ae0        0     1                 LBB30_7
    9ae6     9ae6        0     1                 LBB30_8
    9afe     9afe        0     1                 LBB30_9
    9b86     9b86        0     1                 LBB30_10
    9b93     9b93        0     1                 LBB30_11
    9ba0     9ba0        0     1                 LBB30_12
    9bad     9bad        0     1                 LBB30_14
    9baf     9baf        0     1                 LBB30_15
    9c09     9c09        0     1                 LBB30_16
    9c27     9c27        0     1                 LBB30_18
    9c48     9c48        0     1                 LBB30_19
    9d55     9d55        0     1                 LBB30_20
    9d65     9d65        0     1                 LBB30_21
    9d75     9d75        0     1                 LBB30_22
    9d88     9d88        0     1                 LBB30_24
    9da9     9da9        0     1                 LBB30_25
    9e8e     9e8e        0     1                 LBB30_26
    9e9b     9e9b        0     1                 LBB30_27
    9ea8     9ea8        0     1                 LBB30_28
    9eb5     9eb5        0     1                 LBB30_30
    9eb7     9eb7        0     1                 LBB30_31
    9ede     9ede        0     1                 LBB30_32
    9f22     9f22        0     1                 LBB30_34
    9f2b     9f2b        0     1                 LBB30_35
    a007     a007        0     1                 LBB30_43
    a00a     a00a        0     1                 LBB30_44
    a052     a052        0     1                 LBB30_38
    a4ca     a4ca        0     1                 LBB30_39
    a4da     a4da        0     1                 LBB30_40
    a4ea     a4ea        0     1                 LBB30_41
    a4fa     a4fa        0     1                 LBB30_37
    a500     a500        0     1                 LBB30_46
    a56f     a56f        0     1                 LBB30_47
    a57f     a57f        0     1                 LBB30_48
    a58f     a58f        0     1                 LBB30_49
    a5a2     a5a2        0     1                 LBB30_51
    a5ab     a5ab        0     1                 LBB30_52
    a66c     a66c        0     1                 LBB31_0
    a66c     a66c      69e     1                 core_state_transition
    a69f     a69f        0     1                 LBB31_1
    a6a4     a6a4        0     1                 LBB31_2
    a6a6     a6a6        0     1                 LBB31_3
    a6c2     a6c2        0     1                 LBB31_4
    a754     a754        0     1                 LBB31_6
    a759     a759        0     1                 LBB31_7
    a764     a764        0     1                 LBB31_8
    a769     a769        0     1                 LBB31_9
    a76b     a76b        0     1                 LBB31_10
    a77a     a77a        0     1                 LBB31_11
    a784     a784        0     1                 LBB31_12
    a7a0     a7a0        0     1                 LBB31_13
    a7a6     a7a6        0     1                 LBB31_25
    a7b2     a7b2        0     1                 LBB31_26
    a7b7     a7b7        0     1                 LBB31_35
    a7b9     a7b9        0     1                 LBB31_28
    a7be     a7be        0     1                 LBB31_36
    a7d1     a7d1        0     1                 LBB31_37
    a7d6     a7d6        0     1                 LBB31_58
    a7d8     a7d8        0     1                 LBB31_39
    a7dd     a7dd        0     1                 LBB31_59
    a7f0     a7f0        0     1                 LBB31_60
    a7f5     a7f5        0     1                 LBB31_79
    a7f7     a7f7        0     1                 LBB31_80
    a804     a804        0     1                 LBB31_81
    a80f     a80f        0     1                 LBB31_82
    a814     a814        0     1                 LBB31_23
    a81a     a81a        0     1                 LBB31_56
    a828     a828        0     1                 LBB31_53
    a82d     a82d        0     1                 LBB31_54
    a832     a832        0     1                 LBB31_73
    a838     a838        0     1                 LBB31_14
    a842     a842        0     1                 LBB31_15
    a84b     a84b        0     1                 LBB31_74
    a857     a857        0     1                 LBB31_75
    a85c     a85c        0     1                 LBB31_95
    a862     a862        0     1                 LBB31_47
    a875     a875        0     1                 LBB31_48
    a87a     a87a        0     1                 LBB31_68
    a87c     a87c        0     1                 LBB31_50
    a881     a881        0     1                 LBB31_69
    a894     a894        0     1                 LBB31_70
    a899     a899        0     1                 LBB31_89
    a89b     a89b        0     1                 LBB31_90
    a8a8     a8a8        0     1                 LBB31_91
    a8bf     a8bf        0     1                 LBB31_92
    a8c1     a8c1        0     1                 LBB31_93
    a8e4     a8e4        0     1                 LBB31_45
    a8ea     a8ea        0     1                 LBB31_16
    a8f0     a8f0        0     1                 LBB31_17
    a903     a903        0     1                 LBB31_18
    a908     a908        0     1                 LBB31_63
    a90a     a90a        0     1                 LBB31_20
    a90f     a90f        0     1                 LBB31_64
    a922     a922        0     1                 LBB31_65
    a927     a927        0     1                 LBB31_84
    a929     a929        0     1                 LBB31_85
    a936     a936        0     1                 LBB31_86
    a948     a948        0     1                 LBB31_87
    a94d     a94d        0     1                 LBB31_29
    a963     a963        0     1                 LBB31_30
    a965     a965        0     1                 LBB31_31
    a986     a986        0     1                 LBB31_32
    a98d     a98d        0     1                 LBB31_33
    a992     a992        0     1                 LBB31_51
    a9a2     a9a2        0     1                 LBB31_52
    a9a7     a9a7        0     1                 LBB31_21
    a9b2     a9b2        0     1                 LBB31_22
    a9b7     a9b7        0     1                 LBB31_40
    a9cd     a9cd        0     1                 LBB31_41
    a9cf     a9cf        0     1                 LBB31_42
    a9ef     a9ef        0     1                 LBB31_43
    a9f6     a9f6        0     1                 LBB31_44
    a9fb     a9fb        0     1                 LBB31_100
    a9fd     a9fd        0     1                 LBB31_101
    aa07     aa07        0     1                 LBB31_102
    aa09     aa09        0     1                 LBB31_103
    aa16     aa16        0     1                 LBB31_96
    aa18     aa18        0     1                 LBB31_97
    aa3c     aa3c        0     1                 LBB31_98
    aa4e     aa4e        0     1                 LBB31_99
    aa53     aa53        0     1                 LBB31_104
    aa55     aa55        0     1                 LBB31_105
    aa75     aa75        0     1                 LBB31_106
    aa87     aa87        0     1                 LBB31_107
    aa8c     aa8c        0     1                 LBB31_108
    aa8e     aa8e        0     1                 LBB31_109
    aaa3     aaa3        0     1                 LBB31_110
    aaae     aaae        0     1                 LBB31_111
    aab3     aab3        0     1                 LBB31_112
    aab5     aab5        0     1                 LBB31_113
    aac0     aac0        0     1                 LBB31_114
    aad0     aad0        0     1                 LBB31_115
    aad2     aad2        0     1                 LBB31_116
    aae4     aae4        0     1                 LBB31_117
    aaeb     aaeb        0     1                 LBB31_118
    aaf0     aaf0        0     1                 LBB31_119
    aaf2     aaf2        0     1                 LBB31_120
    ab0c     ab0c        0     1                 LBB31_122
    ab0e     ab0e        0     1                 LBB31_123
    ab18     ab18        0     1                 LBB31_124
    ab1a     ab1a        0     1                 LBB31_125
    ab24     ab24        0     1                 LBB31_126
    ab25     ab25        0     1                 LBB31_127
    ab28     ab28        0     1                 LBB31_137
    ab92     ab92        0     1                 LBB31_138
    abcf     abcf        0     1                 LBB31_139
    abd8     abd8        0     1                 LBB31_140
    abde     abde        0     1                 LBB31_141
    abf1     abf1        0     1                 LBB31_142
    abf6     abf6        0     1                 LBB31_144
    abfa     abfa        0     1                 LBB31_128
    abfc     abfc        0     1                 LBB31_129
    ac07     ac07        0     1                 LBB31_130
    ac0e     ac0e        0     1                 LBB31_131
    ac14     ac14        0     1                 LBB31_132
    ac22     ac22        0     1                 LBB31_133
    ac24     ac24        0     1                 LBB31_134
    ac3b     ac3b        0     1                 LBB31_121
    ac47     ac47        0     1                 LBB31_135
    ac4d     ac4d        0     1                 LBB31_136
    acd7     acd7        0     1                 LBB31_145
    aceb     aceb        0     1                 LBB31_146
    ad0a     ad0a        0     1                 LBB32_0
    ad0a     ad0a       b1     1                 crcu32
    adbc     adbc        0     1                 LBB33_0
    adbc     adbc      5da     1                 core_init_state
    ae3d     ae3d        0     1                 LBB33_1
    ae4d     ae4d        0     1                 LBB33_2
    ae5d     ae5d        0     1                 LBB33_3
    ae70     ae70        0     1                 LBB33_5
    ae70     ae70        0     1                 LBB33_6
    ae75     ae75        0     1                 LBB33_4
    ae75     ae75        0     1                 LBB33_7
    ae77     ae77        0     1                 LBB33_8
    aec5     aec5        0     1                 LBB33_9
    aefb     aefb        0     1                 LBB33_46
    aefb     aefb        0     1                 LBB33_49
    af00     af00        0     1                 LBB33_10
    af21     af21        0     1                 LBB33_11
    af2e     af2e        0     1                 LBB33_12
    af3b     af3b        0     1                 LBB33_13
    af48     af48        0     1                 LBB33_14
    af4b     af4b        0     1                 LBB33_30
    af4d     af4d        0     1                 LBB33_31
    af7c     af7c        0     1                 LBB33_32
    afa9     afa9        0     1                 LBB33_37
    afa9     afa9        0     1                 LBB33_40
    afaf     afaf        0     1                 LBB33_33
    b006     b006        0     1                 LBB33_34
    b016     b016        0     1                 LBB33_35
    b026     b026        0     1                 LBB33_36
    b039     b039        0     1                 LBB33_38
    b039     b039        0     1                 LBB33_39
    b03f     b03f        0     1                 LBB33_41
    b0b8     b0b8        0     1                 LBB33_42
    b222     b222        0     1                 LBB33_43
    b232     b232        0     1                 LBB33_44
    b242     b242        0     1                 LBB33_45
    b255     b255        0     1                 LBB33_47
    b255     b255        0     1                 LBB33_48
    b257     b257        0     1                 LBB33_50
    b273     b273        0     1                 LBB33_15
    b2b3     b2b3        0     1                 LBB33_16
    b2c3     b2c3        0     1                 LBB33_17
    b2d3     b2d3        0     1                 LBB33_18
    b2e6     b2e6        0     1                 LBB33_20
    b2e6     b2e6        0     1                 LBB33_22
    b2ef     b2ef        0     1                 LBB33_19
    b2ef     b2ef        0     1                 LBB33_21
    b2f8     b2f8        0     1                 LBB33_23
    b2fd     b2fd        0     1                 LBB33_28
    b2fd     b2fd        0     1                 LBB33_52
    b302     b302        0     1                 LBB33_24
    b354     b354        0     1                 LBB33_25
    b364     b364        0     1                 LBB33_26
    b374     b374        0     1                 LBB33_27
    b387     b387        0     1                 LBB33_29
    b387     b387        0     1                 LBB33_51
    b390     b390        0     1                 LBB33_53
    b396     b396        0     1                 LBB34_0
    b396     b396       98     1                 get_seed_32
    b3b9     b3b9        0     1                 LBB34_1
    b3be     b3be        0     1                 LBB34_3
    b3c3     b3c3        0     1                 LBB34_4
    b3c8     b3c8        0     1                 LBB34_5
    b3cb     b3cb        0     1                 LBB34_6
    b3cb     b3cb        0     1                 LBB34_9
    b3cd     b3cd        0     1                 LBB34_2
    b3e0     b3e0        0     1                 LBB34_7
    b41a     b41a        0     1                 LBB34_8
    b42e     b42e        0     1                 LBB35_0
    b42e     b42e       c9     1                 crcu8
    b456     b456        0     1                 LBB35_5
    b460     b460        0     1                 LBB35_1
    b4a0     b4a0        0     1                 LBB35_7
    b4a2     b4a2        0     1                 LBB35_2
    b4a6     b4a6        0     1                 LBB35_6
    b4b7     b4b7        0     1                 LBB35_3
    b4d1     b4d1        0     1                 LBB35_4
    b4d6     b4d6        0     1                 LBB35_8
    b4f8     b4f8        0     1                 LBB36_0
    b4f8     b4f8        3     1                 check_data_types
    b4fc     b4fc        0     1                 LBB37_0
    b4fc     b4fc      334     1                 iterate
    b5d6     b5d6        0     1                 LBB37_1
    b5e3     b5e3        0     1                 LBB37_2
    b5f0     b5f0        0     1                 LBB37_3
    b5fd     b5fd        0     1                 LBB37_6
    b5ff     b5ff        0     1                 LBB37_7
    b604     b604        0     1                 LBB37_8
    b63c     b63c        0     1                 LBB37_10
    b645     b645        0     1                 LBB37_11
    b72d     b72d        0     1                 LBB37_12
    b73a     b73a        0     1                 LBB37_13
    b747     b747        0     1                 LBB37_14
    b754     b754        0     1                 LBB37_16
    b759     b759        0     1                 LBB37_17
    b75e     b75e        0     1                 LBB37_18
    b774     b774        0     1                 LBB37_19
    b7ef     b7ef        0     1                 LBB37_20
    b7ff     b7ff        0     1                 LBB37_21
    b80f     b80f        0     1                 LBB37_22
    b822     b822        0     1                 LBB37_24
    b827     b827        0     1                 LBB37_25
    b830     b830        0     1                 LBB38_0
    b830     b830      f19     1                 coremark_main
    b983     b983        0     1                 LBB38_1
    b990     b990        0     1                 LBB38_2
    b99d     b99d        0     1                 LBB38_3
    b9aa     b9aa        0     1                 LBB38_5
    b9ac     b9ac        0     1                 LBB38_6
    b9c0     b9c0        0     1                 LBB38_7
    b9e7     b9e7        0     1                 LBB38_8
    ba19     ba19        0     1                 LBB38_9
    ba1e     ba1e        0     1                 LBB38_11
    ba20     ba20        0     1                 LBB38_13
    ba25     ba25        0     1                 LBB38_14
    ba35     ba35        0     1                 LBB38_15
    ba3a     ba3a        0     1                 LBB38_17
    ba3c     ba3c        0     1                 LBB38_19
    ba41     ba41        0     1                 LBB38_20
    ba51     ba51        0     1                 LBB38_21
    ba56     ba56        0     1                 LBB38_23
    ba58     ba58        0     1                 LBB38_25
    ba5d     ba5d        0     1                 LBB38_26
    ba95     ba95        0     1                 LBB38_27
    baa7     baa7        0     1                 LBB38_28
    baac     baac        0     1                 LBB38_30
    baae     baae        0     1                 LBB38_32
    bac9     bac9        0     1                 LBB38_33
    bad3     bad3        0     1                 LBB38_34
    bad8     bad8        0     1                 LBB38_36
    bada     bada        0     1                 LBB38_38
    badf     badf        0     1                 LBB38_39
    baee     baee        0     1                 LBB38_40
    baf3     baf3        0     1                 LBB38_42
    baf5     baf5        0     1                 LBB38_44
    bafa     bafa        0     1                 LBB38_45
    bb32     bb32        0     1                 LBB38_46
    bbcd     bbcd        0     1                 LBB38_47
    bbdd     bbdd        0     1                 LBB38_48
    bbf6     bbf6        0     1                 LBB38_49
    bc06     bc06        0     1                 LBB38_50
    bc6c     bc6c        0     1                 LBB38_51
    bc79     bc79        0     1                 LBB38_52
    bc86     bc86        0     1                 LBB38_53
    bc93     bc93        0     1                 LBB38_55
    bc95     bc95        0     1                 LBB38_56
    bcbd     bcbd        0     1                 LBB38_57
    bcca     bcca        0     1                 LBB38_58
    bd34     bd34        0     1                 LBB38_59
    bd3f     bd3f        0     1                 LBB38_60
    bd4e     bd4e        0     1                 LBB38_61
    bd5e     bd5e        0     1                 LBB38_62
    bdb4     bdb4        0     1                 LBB38_63
    bdc1     bdc1        0     1                 LBB38_64
    bdce     bdce        0     1                 LBB38_65
    bddb     bddb        0     1                 LBB38_67
    bddd     bddd        0     1                 LBB38_68
    bdea     bdea        0     1                 LBB38_69
    be7f     be7f        0     1                 LBB38_70
    be96     be96        0     1                 LBB38_71
    be9e     be9e        0     1                 LBB38_72
    bee5     bee5        0     1                 LBB38_95
    bee7     bee7        0     1                 LBB38_74
    beec     beec        0     1                 LBB38_75
    bf76     bf76        0     1                 LBB38_76
    bf88     bf88        0     1                 LBB38_77
    bf8e     bf8e        0     1                 LBB38_78
    c0a1     c0a1        0     1                 LBB38_79
    c0b3     c0b3        0     1                 LBB38_80
    c0b9     c0b9        0     1                 LBB38_81
    c119     c119        0     1                 LBB38_82
    c14d     c14d        0     1                 LBB38_83
    c15a     c15a        0     1                 LBB38_84
    c167     c167        0     1                 LBB38_85
    c174     c174        0     1                 LBB38_87
    c176     c176        0     1                 LBB38_88
    c17b     c17b        0     1                 LBB38_89
    c1b0     c1b0        0     1                 LBB38_90
    c22c     c22c        0     1                 LBB38_91
    c237     c237        0     1                 LBB38_92
    c23c     c23c        0     1                 LBB38_93
    c241     c241        0     1                 LBB38_102
    c246     c246        0     1                 LBB38_96
    c24f     c24f        0     1                 LBB38_97
    c258     c258        0     1                 LBB38_98
    c25e     c25e        0     1                 LBB38_100
    c263     c263        0     1                 LBB38_103
    c271     c271        0     1                 LBB38_104
    c27b     c27b        0     1                 LBB38_105
    c280     c280        0     1                 LBB38_110
    c282     c282        0     1                 LBB38_107
    c287     c287        0     1                 LBB38_111
    c291     c291        0     1                 LBB38_112
    c296     c296        0     1                 LBB38_122
    c298     c298        0     1                 LBB38_114
    c29d     c29d        0     1                 LBB38_123
    c2a7     c2a7        0     1                 LBB38_124
    c2ac     c2ac        0     1                 LBB38_132
    c2ae     c2ae        0     1                 LBB38_133
    c2b8     c2b8        0     1                 LBB38_134
    c2be     c2be        0     1                 LBB38_116
    c2c8     c2c8        0     1                 LBB38_117
    c2cd     c2cd        0     1                 LBB38_127
    c2cf     c2cf        0     1                 LBB38_119
    c2d4     c2d4        0     1                 LBB38_128
    c2de     c2de        0     1                 LBB38_129
    c2e3     c2e3        0     1                 LBB38_136
    c2e5     c2e5        0     1                 LBB38_137
    c2ef     c2ef        0     1                 LBB38_138
    c2f5     c2f5        0     1                 LBB38_108
    c2fb     c2fb        0     1                 LBB38_115
    c301     c301        0     1                 LBB38_120
    c304     c304        0     1                 LBB38_139
    c30d     c30d        0     1                 LBB38_140
    c317     c317        0     1                 LBB38_141
    c320     c320        0     1                 LBB38_142
    c326     c326        0     1                 LBB38_143
    c3c3     c3c3        0     1                 LBB38_144
    c3d3     c3d3        0     1                 LBB38_145
    c41a     c41a        0     1                 LBB38_146
    c42a     c42a        0     1                 LBB38_147
    c43a     c43a        0     1                 LBB38_148
    c44a     c44a        0     1                 LBB38_152
    c453     c453        0     1                 LBB38_150
    c459     c459        0     1                 LBB38_153
    c51a     c51a        0     1                 LBB38_155
    c51c     c51c        0     1                 LBB38_156
    c528     c528        0     1                 LBB38_157
    c569     c569        0     1                 LBB38_158
    c56e     c56e        0     1                 LBB38_161
    c570     c570        0     1                 LBB38_162
    c57e     c57e        0     1                 LBB38_163
    c58b     c58b        0     1                 LBB38_164
    c5e4     c5e4        0     1                 LBB38_167
    c5e6     c5e6        0     1                 LBB38_168
    c5eb     c5eb        0     1                 LBB38_169
    c62d     c62d        0     1                 LBB38_170
    c632     c632        0     1                 LBB38_173
    c634     c634        0     1                 LBB38_174
    c642     c642        0     1                 LBB38_175
    c664     c664        0     1                 LBB38_176
    c6bd     c6bd        0     1                 LBB38_179
    c6bf     c6bf        0     1                 LBB38_178
    c6c4     c6c4        0     1                 LBB38_180
    c706     c706        0     1                 LBB38_181
    c70b     c70b        0     1                 LBB38_184
    c70d     c70d        0     1                 LBB38_185
    c71b     c71b        0     1                 LBB38_186
    c740     c740        0     1                 LBB38_187
    c74a     c74a        0     1                 LBB39_0
    c74a     c74a       13     1                 main
    c75a     c75a        0     1                 LBB39_1
    c760     c760      4f0     4         /Users/andrewpullin/personal/llvm-8085/sysroot/lib/libgcc.a(int_div.o):(.text)
    c760     c760       2f     1                 __udivmod8
    c78f     c78f        3     1                 __udiv8
    c792     c792       12     1                 __urem8
    c7a4     c7a4       5a     1                 __sdiv8
    c7fe     c7fe       58     1                 __srem8
    c856     c856       5c     1                 __sdivmod8
    c8b2     c8b2       63     1                 __udivmod16
    c915     c915        3     1                 __udiv16
    c918     c918       15     1                 __urem16
    c92d     c92d       3d     1                 __sdiv16
    c96a     c96a       3e     1                 __srem16
    c9a8     c9a8       4b     1                 __sdivmod16
    c9f3     c9f3       a9     1                 __udivmod32
    ca9c     ca9c        3     1                 __udiv32
    ca9f     ca9f       98     1                 __urem32
    cb37     cb37       8f     1                 __sdiv32
    cbc6     cbc6       8a     1                 __srem32
    cc50     cc50      96b     4         /Users/andrewpullin/personal/llvm-8085/sysroot/lib/libgcc.a(int_mul.o):(.text)
    cc50     cc50       27     1                 __mul8
    cc77     cc77       30     1                 __mul16
    cca7     cca7       5b     1                 __mul32
    cd02     cd02       8e     1                 __mulsi16
    cd90     cd90       83     1                 __mulsi16_shr8
    ce13     ce13       8f     1                 __mulsi16_hi16
    cea2     cea2       30     1                 __mulsi16_lo16
    ced2     ced2       53     1                 __mulsi8
    cf25     cf25       5b     1                 __mulsi8_hi8
    cf80     cf80        3     1                 __mulsi8_lo8
    cf83     cf83      171     1                 __mulsi32
    d0f4     d0f4      12d     1                 __mulsi32_shr16
    d221     d221      14b     1                 __mulsi32_hi32
    d36c     d36c       2f     1                 __mului8
    d39b     d39b       5a     1                 __mului16
    d3f5     d3f5       e0     1                 __mului32
    d4d5     d4d5       e6     1                 __muldi3
    d5bc     d5bc      10a     2 .rodata
    d5bc     d5bc       58     2         /Users/andrewpullin/personal/llvm-8085/tooling/examples/coremark/build/O1/coremark.o:(.rodata)
    d5bc     d5bc        8     1                 intpat
    d5c4     d5c4        8     1                 floatpat
    d5cc     d5cc        8     1                 scipat
    d5d4     d5d4        8     1                 errpat
    d5dc     d5dc        a     1                 list_known_crc
    d5e6     d5e6        a     1                 matrix_known_crc
    d5f0     d5f0        a     1                 state_known_crc
    d5fa     d5fa       10     1                 switch.table.core_init_state
    d60a     d60a        a     1                 switch.table.get_seed_32
    d614     d614       92     1         <internal>:(.rodata.str1.1)
    d6a6     d6a6       20     1         <internal>:(.rodata.cst32)
    d6c6     d6c6        0     1 . = ALIGN(2)
    d6c6     d6c6        0     1 _etext = .
    d6c6     d6c6 ffffffffffff297a     1 . = ORIGIN(RAM)
      40     d6c6       1a     1 .data
      40     d6c6        0     1         . = ALIGN(2)
      40     d6c6        0     1         _sdata = .
      40     d6c6       1a     1         /Users/andrewpullin/personal/llvm-8085/tooling/examples/coremark/build/O1/coremark.o:(.data)
      40     d6c6        4     1                 seed1_volatile
      44     d6ca        4     1                 seed2_volatile
      48     d6ce        4     1                 seed3_volatile
      4c     d6d2        4     1                 seed4_volatile
      50     d6d6        4     1                 default_num_contexts
      54     d6da        6     1                 mem_name
      5a     d6e0        0     1         . = ALIGN(2)
      5a     d6e0        0     1         _edata = .
      5a     d6e0        0     1 _sidata = LOADADDR(.data)
      5a     d6e0       cc     1 .bss
      5a     d6e0        0     1         . = ALIGN(2)
      5a     d6e0        0     1         _sbss = .
      5a     d6e0       cc     1         /Users/andrewpullin/personal/llvm-8085/tooling/examples/coremark/build/O1/coremark.o:(.bss)
      5a     d6e0        4     1                 seed5_volatile
      5e     d6e4       c8     1                 static_memblk
     126     d7ac        0     1         . = ALIGN(2)
     126     d7ac        0     1         _ebss = .
     126     d7ac        0     1 _end = .
     126     d7ac        0     1 PROVIDE(_estack = ORIGIN(RAM) + LENGTH(RAM))
     126     d7ac        0     1 PROVIDE(_stack = _estack)
       0        0       6a     1 .comment
       0        0       6a     1         <internal>:(.comment)
       0        0     4800     4 .symtab
       0        0     4800     4         <internal>:(.symtab)
       0        0       46     1 .shstrtab
       0        0       46     1         <internal>:(.shstrtab)
       0        0     28fb     1 .strtab
       0        0     28fb     1         <internal>:(.strtab)
