     VMA      LMA     Size Align Out     In      Symbol
       0        0       3f     1 .vectors
       0        0       3f     1         /Users/andrewpullin/personal/llvm-8085/tooling/examples/coremark/build/Os/crt0.o:(.vectors)
       0        0        0     1                 __vector_table
    4000     4000     93b7     4 .text
    4000     4000        4     4         /Users/andrewpullin/personal/llvm-8085/tooling/examples/coremark/build/Os/crt0.o:(.text)
    4000     4000        0     1                 isr_rst1
    4000     4000        0     1                 isr_rst2
    4000     4000        0     1                 isr_rst3
    4000     4000        0     1                 isr_rst4
    4000     4000        0     1                 isr_trap
    4000     4000        0     1                 isr_rst5
    4000     4000        0     1                 isr_rst55
    4000     4000        0     1                 isr_rst6
    4000     4000        0     1                 isr_rst65
    4000     4000        0     1                 isr_rst7
    4000     4000        0     1                 isr_rst75
    4000     4000        0     1                 default_isr
    4004     4004       49     1         /Users/andrewpullin/personal/llvm-8085/tooling/examples/coremark/build/Os/crt0.o:(.text.startup)
    4004     4004        0     1                 _start
    401a     401a        0     1                 data_loop
    4028     4028        0     1                 data_done
    403a     403a        0     1                 bss_loop
    4046     4046        0     1                 bss_done
    4049     4049        0     1                 halt_loop
    4050     4050     8509     4         /Users/andrewpullin/personal/llvm-8085/tooling/examples/coremark/build/Os/coremark.o:(.text)
    4050     4050        0     1                 LBB0_0
    4050     4050        1     1                 start_time
    4052     4052        0     1                 LBB1_0
    4052     4052        1     1                 stop_time
    4054     4054        0     1                 LBB2_0
    4054     4054       24     1                 get_time
    4078     4078        0     1                 LBB3_0
    4078     4078       24     1                 time_in_secs
    409c     409c        0     1                 LBB4_0
    409c     409c        b     1                 portable_init
    40a8     40a8        0     1                 LBB5_0
    40a8     40a8        b     1                 portable_fini
    40b4     40b4        0     1                 LBB6_0
    40b4     40b4        4     1                 ee_printf
    40b8     40b8        0     1                 LBB7_0
    40b8     40b8      3b4     1                 calc_func
    40eb     40eb        0     1                 LBB7_1
    40f0     40f0        0     1                 LBB7_4
    40f2     40f2        0     1                 LBB7_5
    4105     4105        0     1                 LBB7_6
    4178     4178        0     1                 LBB7_7
    417d     417d        0     1                 LBB7_11
    4184     4184        0     1                 LBB7_12
    4194     4194        0     1                 LBB7_13
    41a7     41a7        0     1                 LBB7_14
    41ac     41ac        0     1                 LBB7_16
    41ae     41ae        0     1                 LBB7_18
    41b3     41b3        0     1                 LBB7_19
    424f     424f        0     1                 LBB7_20
    4254     4254        0     1                 LBB7_9
    4268     4268        0     1                 LBB7_21
    42d6     42d6        0     1                 LBB7_22
    42db     42db        0     1                 LBB7_24
    42dd     42dd        0     1                 LBB7_26
    42e2     42e2        0     1                 LBB7_27
    42fb     42fb        0     1                 LBB7_28
    4300     4300        0     1                 LBB7_29
    4305     4305        0     1                 LBB7_32
    4307     4307        0     1                 LBB7_33
    430b     430b        0     1                 LBB7_34
    430d     430d        0     1                 LBB7_35
    43a3     43a3        0     1                 LBB7_36
    43a8     43a8        0     1                 LBB7_38
    43aa     43aa        0     1                 LBB7_40
    43af     43af        0     1                 LBB7_41
    43c5     43c5        0     1                 LBB7_42
    43c7     43c7        0     1                 LBB7_43
    4452     4452        0     1                 LBB7_44
    446c     446c        0     1                 LBB8_0
    446c     446c      7a1     1                 core_bench_state
    44fb     44fb        0     1                 LBB8_1
    45ba     45ba        0     1                 LBB8_2
    45ca     45ca        0     1                 LBB8_3
    45da     45da        0     1                 LBB8_4
    45ed     45ed        0     1                 LBB8_6
    45f2     45f2        0     1                 LBB8_8
    45f4     45f4        0     1                 LBB8_9
    4610     4610        0     1                 LBB8_10
    462a     462a        0     1                 LBB8_11
    462f     462f        0     1                 LBB8_12
    4631     4631        0     1                 LBB8_13
    4635     4635        0     1                 LBB8_14
    4654     4654        0     1                 LBB8_15
    4711     4711        0     1                 LBB8_16
    4716     4716        0     1                 LBB8_17
    471a     471a        0     1                 LBB8_18
    474a     474a        0     1                 LBB8_19
    475a     475a        0     1                 LBB8_23
    475f     475f        0     1                 LBB8_20
    476e     476e        0     1                 LBB8_21
    4770     4770        0     1                 LBB8_24
    47a6     47a6        0     1                 LBB8_25
    47ba     47ba        0     1                 LBB8_26
    47c6     47c6        0     1                 LBB8_27
    47cb     47cb        0     1                 LBB8_28
    47cf     47cf        0     1                 LBB8_29
    47d8     47d8        0     1                 LBB8_30
    47f7     47f7        0     1                 LBB8_31
    47fc     47fc        0     1                 LBB8_32
    47fe     47fe        0     1                 LBB8_33
    4802     4802        0     1                 LBB8_34
    480b     480b        0     1                 LBB8_35
    481e     481e        0     1                 LBB8_36
    4823     4823        0     1                 LBB8_37
    4825     4825        0     1                 LBB8_38
    4829     4829        0     1                 LBB8_39
    484a     484a        0     1                 LBB8_40
    4907     4907        0     1                 LBB8_41
    490c     490c        0     1                 LBB8_42
    4910     4910        0     1                 LBB8_43
    4921     4921        0     1                 LBB8_44
    492a     492a        0     1                 LBB8_48
    492f     492f        0     1                 LBB8_45
    4935     4935        0     1                 LBB8_46
    4937     4937        0     1                 LBB8_49
    493b     493b        0     1                 LBB8_50
    4954     4954        0     1                 LBB8_51
    4969     4969        0     1                 LBB8_52
    496e     496e        0     1                 LBB8_53
    4972     4972        0     1                 LBB8_54
    4983     4983        0     1                 LBB8_55
    49b0     49b0        0     1                 LBB8_56
    49b5     49b5        0     1                 LBB8_57
    49b7     49b7        0     1                 LBB8_58
    49bb     49bb        0     1                 LBB8_59
    49dd     49dd        0     1                 LBB8_60
    4b4b     4b4b        0     1                 LBB8_61
    4b5b     4b5b        0     1                 LBB8_62
    4b6b     4b6b        0     1                 LBB8_63
    4b7e     4b7e        0     1                 LBB8_65
    4b84     4b84        0     1                 LBB8_67
    4b87     4b87        0     1                 LBB8_68
    4bf3     4bf3        0     1                 LBB8_70
    4c0e     4c0e        0     1                 LBB9_0
    4c0e     4c0e       fb     1                 core_bench_matrix
    4d0a     4d0a        0     1                 LBB10_0
    4d0a     4d0a      158     1                 crcu16
    4d3b     4d3b        0     1                 LBB10_1
    4d7a     4d7a        0     1                 LBB10_8
    4d7c     4d7c        0     1                 LBB10_2
    4d80     4d80        0     1                 LBB10_7
    4d8f     4d8f        0     1                 LBB10_3
    4da7     4da7        0     1                 LBB10_6
    4dac     4dac        0     1                 LBB10_4
    4dae     4dae        0     1                 LBB10_5
    4db8     4db8        0     1                 LBB10_9
    4dce     4dce        0     1                 LBB10_10
    4e0d     4e0d        0     1                 LBB10_16
    4e0f     4e0f        0     1                 LBB10_11
    4e13     4e13        0     1                 LBB10_15
    4e22     4e22        0     1                 LBB10_12
    4e3a     4e3a        0     1                 LBB10_13
    4e3c     4e3c        0     1                 LBB10_14
    4e46     4e46        0     1                 LBB10_17
    4e62     4e62        0     1                 LBB11_0
    4e62     4e62       7a     1                 cmp_complex
    4edc     4edc        0     1                 LBB12_0
    4edc     4edc       e3     1                 cmp_idx
    4ef2     4ef2        0     1                 LBB12_1
    4ef7     4ef7        0     1                 LBB12_2
    4ef7     4ef7        0     1                 LBB12_4
    4efc     4efc        0     1                 LBB12_3
    4efc     4efc        0     1                 LBB12_5
    4f23     4f23        0     1                 LBB12_6
    4f6f     4f6f        0     1                 LBB12_7
    4fc0     4fc0        0     1                 LBB13_0
    4fc0     4fc0       6b     1                 copy_info
    502c     502c        0     1                 LBB14_0
    502c     502c      792     1                 core_bench_list
    50e7     50e7        0     1                 LBB14_1
    50f2     50f2        0     1                 LBB14_5
    50f8     50f8        0     1                 LBB14_2
    50fe     50fe        0     1                 LBB14_3
    5101     5101        0     1                 LBB14_6
    5111     5111        0     1                 LBB14_8
    514d     514d        0     1                 LBB14_9
    51bc     51bc        0     1                 LBB14_10
    51c1     51c1        0     1                 LBB14_13
    51c8     51c8        0     1                 LBB14_14
    51e0     51e0        0     1                 LBB14_15
    51e3     51e3        0     1                 LBB14_16
    521c     521c        0     1                 LBB14_17
    5221     5221        0     1                 LBB14_19
    5223     5223        0     1                 LBB14_21
    5231     5231        0     1                 LBB14_22
    524c     524c        0     1                 LBB14_23
    5251     5251        0     1                 LBB14_25
    5253     5253        0     1                 LBB14_27
    5258     5258        0     1                 LBB14_28
    5299     5299        0     1                 LBB14_29
    529e     529e        0     1                 LBB14_32
    52a0     52a0        0     1                 LBB14_33
    52a5     52a5        0     1                 LBB14_34
    52d5     52d5        0     1                 LBB14_35
    52ec     52ec        0     1                 LBB14_36
    52f1     52f1        0     1                 LBB14_39
    52f3     52f3        0     1                 LBB14_40
    5325     5325        0     1                 LBB14_41
    5359     5359        0     1                 LBB14_42
    53a9     53a9        0     1                 LBB14_43
    53ba     53ba        0     1                 LBB14_44
    53cd     53cd        0     1                 LBB14_48
    53d2     53d2        0     1                 LBB14_45
    53e0     53e0        0     1                 LBB14_46
    53e2     53e2        0     1                 LBB14_49
    53e6     53e6        0     1                 LBB14_50
    5419     5419        0     1                 LBB14_51
    5432     5432        0     1                 LBB14_52
    543b     543b        0     1                 LBB14_56
    5440     5440        0     1                 LBB14_53
    5446     5446        0     1                 LBB14_54
    5448     5448        0     1                 LBB14_57
    544c     544c        0     1                 LBB14_58
    5491     5491        0     1                 LBB14_59
    54a2     54a2        0     1                 LBB14_60
    54b2     54b2        0     1                 LBB14_64
    54b7     54b7        0     1                 LBB14_61
    54c4     54c4        0     1                 LBB14_62
    54c6     54c6        0     1                 LBB14_65
    54ca     54ca        0     1                 LBB14_66
    54e7     54e7        0     1                 LBB14_67
    55b0     55b0        0     1                 LBB14_68
    55b5     55b5        0     1                 LBB14_70
    55b7     55b7        0     1                 LBB14_72
    55bc     55bc        0     1                 LBB14_73
    55db     55db        0     1                 LBB14_74
    55e0     55e0        0     1                 LBB14_77
    55e2     55e2        0     1                 LBB14_78
    55e7     55e7        0     1                 LBB14_79
    560e     560e        0     1                 LBB14_80
    5653     5653        0     1                 LBB14_81
    5658     5658        0     1                 LBB14_83
    565a     565a        0     1                 LBB14_85
    565f     565f        0     1                 LBB14_86
    5718     5718        0     1                 LBB14_87
    571d     571d        0     1                 LBB14_90
    571f     571f        0     1                 LBB14_91
    5724     5724        0     1                 LBB14_92
    574a     574a        0     1                 LBB14_93
    5791     5791        0     1                 LBB14_94
    5796     5796        0     1                 LBB14_96
    5798     5798        0     1                 LBB14_98
    579d     579d        0     1                 LBB14_99
    57be     57be        0     1                 LBB15_0
    57be     57be      217     1                 core_list_find
    57f6     57f6        0     1                 LBB15_1
    5801     5801        0     1                 LBB15_4
    580d     580d        0     1                 LBB15_5
    5812     5812        0     1                 LBB15_6
    5815     5815        0     1                 LBB15_8
    581b     581b        0     1                 LBB15_2
    5823     5823        0     1                 LBB15_7
    5823     5823        0     1                 LBB15_9
    5825     5825        0     1                 LBB15_3
    5836     5836        0     1                 LBB15_16
    5840     5840        0     1                 LBB15_17
    5845     5845        0     1                 LBB15_18
    5848     5848        0     1                 LBB15_19
    5848     5848        0     1                 LBB15_21
    584a     584a        0     1                 LBB15_20
    5858     5858        0     1                 LBB15_22
    5866     5866        0     1                 LBB15_23
    58a6     58a6        0     1                 LBB15_24
    58ab     58ab        0     1                 LBB15_25
    58ae     58ae        0     1                 LBB15_26
    58ae     58ae        0     1                 LBB15_28
    58b8     58b8        0     1                 LBB15_27
    58cc     58cc        0     1                 LBB15_29
    58e9     58e9        0     1                 LBB15_30
    58ee     58ee        0     1                 LBB15_31
    58f1     58f1        0     1                 LBB15_32
    58f1     58f1        0     1                 LBB15_34
    58fa     58fa        0     1                 LBB15_33
    5908     5908        0     1                 LBB15_10
    5912     5912        0     1                 LBB15_11
    5917     5917        0     1                 LBB15_12
    591a     591a        0     1                 LBB15_13
    591a     591a        0     1                 LBB15_15
    591c     591c        0     1                 LBB15_14
    592a     592a        0     1                 LBB15_35
    5949     5949        0     1                 LBB15_36
    5979     5979        0     1                 LBB15_37
    597e     597e        0     1                 LBB15_38
    5981     5981        0     1                 LBB15_39
    5981     5981        0     1                 LBB15_41
    5986     5986        0     1                 LBB15_40
    5994     5994        0     1                 LBB15_42
    59b1     59b1        0     1                 LBB15_43
    59b6     59b6        0     1                 LBB15_44
    59b6     59b6        0     1                 LBB15_46
    59c2     59c2        0     1                 LBB15_45
    59c2     59c2        0     1                 LBB15_47
    59cd     59cd        0     1                 LBB15_48
    59d6     59d6        0     1                 LBB16_0
    59d6     59d6       9a     1                 core_list_reverse
    59f5     59f5        0     1                 LBB16_1
    59fa     59fa        0     1                 LBB16_2
    59fd     59fd        0     1                 LBB16_3
    59fd     59fd        0     1                 LBB16_5
    59ff     59ff        0     1                 LBB16_4
    5a04     5a04        0     1                 LBB16_6
    5a12     5a12        0     1                 LBB16_7
    5a4d     5a4d        0     1                 LBB16_8
    5a52     5a52        0     1                 LBB16_9
    5a52     5a52        0     1                 LBB16_11
    5a5a     5a5a        0     1                 LBB16_10
    5a5a     5a5a        0     1                 LBB16_12
    5a6a     5a6a        0     1                 LBB16_13
    5a70     5a70        0     1                 LBB17_0
    5a70     5a70      a21     1                 core_list_mergesort
    5aae     5aae        0     1                 LBB17_1
    5b1d     5b1d        0     1                 LBB17_2
    5b99     5b99        0     1                 LBB17_3
    5ba9     5ba9        0     1                 LBB17_4
    5bb9     5bb9        0     1                 LBB17_5
    5bc9     5bc9        0     1                 LBB17_6
    5bdc     5bdc        0     1                 LBB17_8
    5be6     5be6        0     1                 LBB17_11
    5be7     5be7        0     1                 LBB17_12
    5c09     5c09        0     1                 LBB17_13
    5c1f     5c1f        0     1                 LBB17_14
    5c41     5c41        0     1                 LBB17_15
    5c46     5c46        0     1                 LBB17_17
    5c4d     5c4d        0     1                 LBB17_19
    5c8c     5c8c        0     1                 LBB17_20
    5cc5     5cc5        0     1                 LBB17_21
    5cd5     5cd5        0     1                 LBB17_22
    5ce5     5ce5        0     1                 LBB17_23
    5cf5     5cf5        0     1                 LBB17_24
    5d05     5d05        0     1                 LBB17_29
    5d0a     5d0a        0     1                 LBB17_26
    5d14     5d14        0     1                 LBB17_27
    5d16     5d16        0     1                 LBB17_30
    5d21     5d21        0     1                 LBB17_31
    5ddf     5ddf        0     1                 LBB17_32
    5e56     5e56        0     1                 LBB17_33
    5e8c     5e8c        0     1                 LBB17_34
    5e9c     5e9c        0     1                 LBB17_35
    5eac     5eac        0     1                 LBB17_36
    5ebc     5ebc        0     1                 LBB17_37
    5ecc     5ecc        0     1                 LBB17_42
    5ed1     5ed1        0     1                 LBB17_39
    5edb     5edb        0     1                 LBB17_40
    5edd     5edd        0     1                 LBB17_43
    5ef9     5ef9        0     1                 LBB17_44
    5f17     5f17        0     1                 LBB17_45
    5f27     5f27        0     1                 LBB17_46
    5f37     5f37        0     1                 LBB17_47
    5f47     5f47        0     1                 LBB17_48
    5f5a     5f5a        0     1                 LBB17_50
    5f5f     5f5f        0     1                 LBB17_51
    5f6b     5f6b        0     1                 LBB17_52
    5f70     5f70        0     1                 LBB17_54
    5f72     5f72        0     1                 LBB17_55
    5f77     5f77        0     1                 LBB17_56
    5f79     5f79        0     1                 LBB17_57
    5f7d     5f7d        0     1                 LBB17_58
    5f8f     5f8f        0     1                 LBB17_59
    5f94     5f94        0     1                 LBB17_62
    5f96     5f96        0     1                 LBB17_63
    5f9b     5f9b        0     1                 LBB17_64
    5fe3     5fe3        0     1                 LBB17_65
    5ff0     5ff0        0     1                 LBB17_66
    5ffd     5ffd        0     1                 LBB17_67
    600a     600a        0     1                 LBB17_69
    600c     600c        0     1                 LBB17_70
    603b     603b        0     1                 LBB17_71
    6059     6059        0     1                 LBB17_72
    6066     6066        0     1                 LBB17_73
    6073     6073        0     1                 LBB17_74
    6080     6080        0     1                 LBB17_76
    6082     6082        0     1                 LBB17_77
    60b1     60b1        0     1                 LBB17_78
    60c3     60c3        0     1                 LBB17_79
    60c8     60c8        0     1                 LBB17_81
    60ca     60ca        0     1                 LBB17_83
    60cf     60cf        0     1                 LBB17_84
    612b     612b        0     1                 LBB17_85
    6154     6154        0     1                 LBB17_86
    6164     6164        0     1                 LBB17_87
    6174     6174        0     1                 LBB17_88
    6184     6184        0     1                 LBB17_89
    6194     6194        0     1                 LBB17_95
    6199     6199        0     1                 LBB17_91
    61a3     61a3        0     1                 LBB17_92
    61a5     61a5        0     1                 LBB17_96
    61c1     61c1        0     1                 LBB17_97
    621f     621f        0     1                 LBB17_99
    6257     6257        0     1                 LBB17_93
    62a9     62a9        0     1                 LBB17_98
    62b3     62b3        0     1                 LBB17_100
    62d1     62d1        0     1                 LBB17_102
    62d6     62d6        0     1                 LBB17_105
    62d8     62d8        0     1                 LBB17_106
    62ef     62ef        0     1                 LBB17_107
    6358     6358        0     1                 LBB17_108
    636a     636a        0     1                 LBB17_109
    636f     636f        0     1                 LBB17_112
    6371     6371        0     1                 LBB17_113
    6376     6376        0     1                 LBB17_114
    6410     6410        0     1                 LBB17_115
    641d     641d        0     1                 LBB17_116
    642a     642a        0     1                 LBB17_117
    6437     6437        0     1                 LBB17_119
    6439     6439        0     1                 LBB17_120
    6484     6484        0     1                 LBB17_121
    6492     6492        0     1                 LBB18_0
    6492     6492       91     1                 core_list_remove
    6524     6524        0     1                 LBB19_0
    6524     6524       66     1                 crc16
    658a     658a        0     1                 LBB20_0
    658a     658a       a5     1                 core_list_undo_remove
    6630     6630        0     1                 LBB21_0
    6630     6630      7a7     1                 core_list_init
    67ab     67ab        0     1                 LBB21_1
    67b4     67b4        0     1                 LBB21_5
    67ba     67ba        0     1                 LBB21_2
    67c0     67c0        0     1                 LBB21_3
    67c3     67c3        0     1                 LBB21_6
    6821     6821        0     1                 LBB21_8
    68d0     68d0        0     1                 LBB21_9
    6918     6918        0     1                 LBB21_10
    6925     6925        0     1                 LBB21_11
    6932     6932        0     1                 LBB21_12
    693f     693f        0     1                 LBB21_14
    6941     6941        0     1                 LBB21_15
    6946     6946        0     1                 LBB21_16
    6970     6970        0     1                 LBB21_17
    6a19     6a19        0     1                 LBB21_18
    6a1e     6a1e        0     1                 LBB21_19
    6a20     6a20        0     1                 LBB21_20
    6a52     6a52        0     1                 LBB21_21
    6a76     6a76        0     1                 LBB21_22
    6a7b     6a7b        0     1                 LBB21_23
    6a7d     6a7d        0     1                 LBB21_24
    6a81     6a81        0     1                 LBB21_25
    6b08     6b08        0     1                 LBB21_26
    6b47     6b47        0     1                 LBB21_27
    6b57     6b57        0     1                 LBB21_28
    6b67     6b67        0     1                 LBB21_29
    6b7a     6b7a        0     1                 LBB21_31
    6b7f     6b7f        0     1                 LBB21_33
    6b81     6b81        0     1                 LBB21_34
    6b85     6b85        0     1                 LBB21_35
    6ba5     6ba5        0     1                 LBB21_36
    6baa     6baa        0     1                 LBB21_39
    6bac     6bac        0     1                 LBB21_40
    6bb1     6bb1        0     1                 LBB21_41
    6c82     6c82        0     1                 LBB21_42
    6ca0     6ca0        0     1                 LBB21_43
    6cb0     6cb0        0     1                 LBB21_44
    6cc0     6cc0        0     1                 LBB21_45
    6cd3     6cd3        0     1                 LBB21_47
    6cdb     6cdb        0     1                 LBB21_49
    6cdd     6cdd        0     1                 LBB21_50
    6d07     6d07        0     1                 LBB21_51
    6d45     6d45        0     1                 LBB21_52
    6d8a     6d8a        0     1                 LBB21_53
    6d8f     6d8f        0     1                 LBB21_55
    6d91     6d91        0     1                 LBB21_57
    6daf     6daf        0     1                 LBB21_58
    6dd8     6dd8        0     1                 LBB22_0
    6dd8     6dd8      1a9     1                 core_list_insert_new
    6e18     6e18        0     1                 LBB22_2
    6e1d     6e1d        0     1                 LBB22_1
    6e1f     6e1f        0     1                 LBB22_3
    6e6d     6e6d        0     1                 LBB22_4
    6e93     6e93        0     1                 LBB22_6
    6e98     6e98        0     1                 LBB22_5
    6e9a     6e9a        0     1                 LBB22_7
    6ea1     6ea1        0     1                 LBB22_8
    6f7b     6f7b        0     1                 LBB22_9
    6f82     6f82        0     1                 LBB23_0
    6f82     6f82      59e     1                 matrix_test
    7520     7520        0     1                 LBB24_0
    7520     7520      370     1                 matrix_add_const
    7583     7583        0     1                 LBB24_1
    7590     7590        0     1                 LBB24_2
    759d     759d        0     1                 LBB24_3
    75aa     75aa        0     1                 LBB24_5
    75ac     75ac        0     1                 LBB24_6
    75cd     75cd        0     1                 LBB24_7
    75ea     75ea        0     1                 LBB24_8
    76ab     76ab        0     1                 LBB24_9
    77af     77af        0     1                 LBB24_10
    77bf     77bf        0     1                 LBB24_11
    77cf     77cf        0     1                 LBB24_12
    77e2     77e2        0     1                 LBB24_14
    77e8     77e8        0     1                 LBB24_16
    77eb     77eb        0     1                 LBB24_17
    77f1     77f1        0     1                 LBB24_19
    7848     7848        0     1                 LBB24_20
    7858     7858        0     1                 LBB24_21
    7868     7868        0     1                 LBB24_22
    787b     787b        0     1                 LBB24_24
    7881     7881        0     1                 LBB24_26
    7884     7884        0     1                 LBB24_27
    788a     788a        0     1                 LBB24_29
    7890     7890        0     1                 LBB25_0
    7890     7890      470     1                 matrix_mul_const
    78f3     78f3        0     1                 LBB25_1
    7900     7900        0     1                 LBB25_2
    790d     790d        0     1                 LBB25_3
    791a     791a        0     1                 LBB25_5
    791c     791c        0     1                 LBB25_6
    7950     7950        0     1                 LBB25_7
    7997     7997        0     1                 LBB25_8
    7a58     7a58        0     1                 LBB25_9
    7c1f     7c1f        0     1                 LBB25_10
    7c2f     7c2f        0     1                 LBB25_11
    7c3f     7c3f        0     1                 LBB25_12
    7c52     7c52        0     1                 LBB25_14
    7c58     7c58        0     1                 LBB25_16
    7c5b     7c5b        0     1                 LBB25_17
    7c61     7c61        0     1                 LBB25_19
    7cb8     7cb8        0     1                 LBB25_20
    7cc8     7cc8        0     1                 LBB25_21
    7cd8     7cd8        0     1                 LBB25_22
    7ceb     7ceb        0     1                 LBB25_24
    7cf1     7cf1        0     1                 LBB25_26
    7cf4     7cf4        0     1                 LBB25_27
    7cfa     7cfa        0     1                 LBB25_29
    7d00     7d00        0     1                 LBB26_0
    7d00     7d00      73e     1                 matrix_sum
    7d63     7d63        0     1                 LBB26_1
    7d70     7d70        0     1                 LBB26_2
    7d7d     7d7d        0     1                 LBB26_3
    7d8a     7d8a        0     1                 LBB26_5
    7d8c     7d8c        0     1                 LBB26_6
    7db9     7db9        0     1                 LBB26_7
    7e3c     7e3c        0     1                 LBB26_8
    7f3f     7f3f        0     1                 LBB26_9
    8096     8096        0     1                 LBB26_10
    80a6     80a6        0     1                 LBB26_11
    80b6     80b6        0     1                 LBB26_12
    80c6     80c6        0     1                 LBB26_13
    80d6     80d6        0     1                 LBB26_18
    80dc     80dc        0     1                 LBB26_15
    80e6     80e6        0     1                 LBB26_16
    80e9     80e9        0     1                 LBB26_19
    8101     8101        0     1                 LBB26_21
    8158     8158        0     1                 LBB26_22
    8198     8198        0     1                 LBB26_23
    81a8     81a8        0     1                 LBB26_24
    81b8     81b8        0     1                 LBB26_25
    81cb     81cb        0     1                 LBB26_27
    81d0     81d0        0     1                 LBB26_28
    820a     820a        0     1                 LBB26_29
    820f     820f        0     1                 LBB26_31
    8211     8211        0     1                 LBB26_32
    822c     822c        0     1                 LBB26_33
    822e     822e        0     1                 LBB26_34
    825b     825b        0     1                 LBB26_35
    8300     8300        0     1                 LBB26_36
    8310     8310        0     1                 LBB26_37
    8320     8320        0     1                 LBB26_38
    8333     8333        0     1                 LBB26_40
    8338     8338        0     1                 LBB26_42
    833a     833a        0     1                 LBB26_43
    8381     8381        0     1                 LBB26_44
    83d8     83d8        0     1                 LBB26_45
    83e8     83e8        0     1                 LBB26_46
    83f8     83f8        0     1                 LBB26_47
    840b     840b        0     1                 LBB26_49
    8410     8410        0     1                 LBB26_51
    8412     8412        0     1                 LBB26_52
    8418     8418        0     1                 LBB26_53
    843e     843e        0     1                 LBB27_0
    843e     843e      516     1                 matrix_mul_vect
    84a1     84a1        0     1                 LBB27_1
    84ae     84ae        0     1                 LBB27_2
    84bb     84bb        0     1                 LBB27_3
    84c8     84c8        0     1                 LBB27_5
    84ca     84ca        0     1                 LBB27_6
    84f9     84f9        0     1                 LBB27_7
    8516     8516        0     1                 LBB27_8
    8621     8621        0     1                 LBB27_9
    8797     8797        0     1                 LBB27_10
    87a7     87a7        0     1                 LBB27_11
    87b7     87b7        0     1                 LBB27_12
    87ca     87ca        0     1                 LBB27_14
    87d0     87d0        0     1                 LBB27_16
    87d3     87d3        0     1                 LBB27_17
    8888     8888        0     1                 LBB27_19
    890c     890c        0     1                 LBB27_20
    891c     891c        0     1                 LBB27_21
    892c     892c        0     1                 LBB27_22
    893f     893f        0     1                 LBB27_24
    8945     8945        0     1                 LBB27_26
    8948     8948        0     1                 LBB27_27
    894e     894e        0     1                 LBB27_29
    8954     8954        0     1                 LBB28_0
    8954     8954      703     1                 matrix_mul_matrix
    89b7     89b7        0     1                 LBB28_1
    89c4     89c4        0     1                 LBB28_2
    89d1     89d1        0     1                 LBB28_3
    89de     89de        0     1                 LBB28_5
    89e0     89e0        0     1                 LBB28_6
    8a0f     8a0f        0     1                 LBB28_7
    8a2c     8a2c        0     1                 LBB28_8
    8aed     8aed        0     1                 LBB28_9
    8bc1     8bc1        0     1                 LBB28_10
    8de6     8de6        0     1                 LBB28_11
    8df6     8df6        0     1                 LBB28_12
    8e06     8e06        0     1                 LBB28_13
    8e19     8e19        0     1                 LBB28_15
    8e1f     8e1f        0     1                 LBB28_17
    8e22     8e22        0     1                 LBB28_18
    8eda     8eda        0     1                 LBB28_20
    8f76     8f76        0     1                 LBB28_21
    8f86     8f86        0     1                 LBB28_22
    8f96     8f96        0     1                 LBB28_23
    8fa9     8fa9        0     1                 LBB28_25
    8faf     8faf        0     1                 LBB28_27
    8fb2     8fb2        0     1                 LBB28_28
    8fb8     8fb8        0     1                 LBB28_30
    900f     900f        0     1                 LBB28_31
    901f     901f        0     1                 LBB28_32
    902f     902f        0     1                 LBB28_33
    9042     9042        0     1                 LBB28_35
    9048     9048        0     1                 LBB28_37
    904b     904b        0     1                 LBB28_38
    9051     9051        0     1                 LBB28_40
    9058     9058        0     1                 LBB29_0
    9058     9058      80e     1                 matrix_mul_matrix_bitextract
    90bb     90bb        0     1                 LBB29_1
    90c8     90c8        0     1                 LBB29_2
    90d5     90d5        0     1                 LBB29_3
    90e2     90e2        0     1                 LBB29_5
    90e4     90e4        0     1                 LBB29_6
    9113     9113        0     1                 LBB29_7
    9130     9130        0     1                 LBB29_8
    91f1     91f1        0     1                 LBB29_9
    92c5     92c5        0     1                 LBB29_10
    95f5     95f5        0     1                 LBB29_11
    9605     9605        0     1                 LBB29_12
    9615     9615        0     1                 LBB29_13
    9628     9628        0     1                 LBB29_15
    962e     962e        0     1                 LBB29_17
    9631     9631        0     1                 LBB29_18
    96e9     96e9        0     1                 LBB29_20
    9785     9785        0     1                 LBB29_21
    9795     9795        0     1                 LBB29_22
    97a5     97a5        0     1                 LBB29_23
    97b8     97b8        0     1                 LBB29_25
    97be     97be        0     1                 LBB29_27
    97c1     97c1        0     1                 LBB29_28
    97c7     97c7        0     1                 LBB29_30
    981e     981e        0     1                 LBB29_31
    982e     982e        0     1                 LBB29_32
    983e     983e        0     1                 LBB29_33
    9851     9851        0     1                 LBB29_35
    9857     9857        0     1                 LBB29_37
    985a     985a        0     1                 LBB29_38
    9860     9860        0     1                 LBB29_40
    9866     9866        0     1                 LBB30_0
    9866     9866      bd9     1                 core_init_matrix
    98a0     98a0        0     1                 LBB30_1
    98b0     98b0        0     1                 LBB30_2
    98c0     98c0        0     1                 LBB30_3
    98d3     98d3        0     1                 LBB30_5
    98d8     98d8        0     1                 LBB30_7
    98da     98da        0     1                 LBB30_8
    98de     98de        0     1                 LBB30_9
    98f6     98f6        0     1                 LBB30_10
    997e     997e        0     1                 LBB30_11
    998b     998b        0     1                 LBB30_12
    9998     9998        0     1                 LBB30_13
    99a5     99a5        0     1                 LBB30_15
    99a7     99a7        0     1                 LBB30_16
    9a01     9a01        0     1                 LBB30_17
    9a1c     9a1c        0     1                 LBB30_18
    9b29     9b29        0     1                 LBB30_19
    9b39     9b39        0     1                 LBB30_20
    9b49     9b49        0     1                 LBB30_21
    9b5c     9b5c        0     1                 LBB30_23
    9b62     9b62        0     1                 LBB30_25
    9b65     9b65        0     1                 LBB30_26
    9b83     9b83        0     1                 LBB30_28
    9c68     9c68        0     1                 LBB30_29
    9c75     9c75        0     1                 LBB30_30
    9c82     9c82        0     1                 LBB30_31
    9c8f     9c8f        0     1                 LBB30_33
    9c91     9c91        0     1                 LBB30_34
    9cb8     9cb8        0     1                 LBB30_35
    9cf9     9cf9        0     1                 LBB30_36
    9dd2     9dd2        0     1                 LBB30_37
    a24a     a24a        0     1                 LBB30_38
    a25a     a25a        0     1                 LBB30_39
    a26a     a26a        0     1                 LBB30_40
    a27d     a27d        0     1                 LBB30_42
    a283     a283        0     1                 LBB30_44
    a286     a286        0     1                 LBB30_45
    a2ce     a2ce        0     1                 LBB30_47
    a33d     a33d        0     1                 LBB30_48
    a34d     a34d        0     1                 LBB30_49
    a35d     a35d        0     1                 LBB30_50
    a370     a370        0     1                 LBB30_52
    a376     a376        0     1                 LBB30_54
    a379     a379        0     1                 LBB30_55
    a37f     a37f        0     1                 LBB30_57
    a440     a440        0     1                 LBB31_0
    a440     a440      62d     1                 core_state_transition
    a46a     a46a        0     1                 LBB31_1
    a46f     a46f        0     1                 LBB31_2
    a471     a471        0     1                 LBB31_3
    a48d     a48d        0     1                 LBB31_4
    a521     a521        0     1                 LBB31_5
    a52c     a52c        0     1                 LBB31_6
    a531     a531        0     1                 LBB31_7
    a533     a533        0     1                 LBB31_8
    a542     a542        0     1                 LBB31_9
    a54c     a54c        0     1                 LBB31_10
    a568     a568        0     1                 LBB31_11
    a56d     a56d        0     1                 LBB31_12
    a572     a572        0     1                 LBB31_17
    a577     a577        0     1                 LBB31_14
    a57d     a57d        0     1                 LBB31_15
    a584     a584        0     1                 LBB31_18
    a588     a588        0     1                 LBB31_19
    a592     a592        0     1                 LBB31_20
    a5ae     a5ae        0     1                 LBB31_21
    a5b3     a5b3        0     1                 LBB31_22
    a5b8     a5b8        0     1                 LBB31_57
    a5bd     a5bd        0     1                 LBB31_24
    a5c7     a5c7        0     1                 LBB31_25
    a5cc     a5cc        0     1                 LBB31_28
    a5ce     a5ce        0     1                 LBB31_29
    a5d3     a5d3        0     1                 LBB31_30
    a5dd     a5dd        0     1                 LBB31_31
    a5e2     a5e2        0     1                 LBB31_36
    a5e4     a5e4        0     1                 LBB31_37
    a5e9     a5e9        0     1                 LBB31_38
    a5f3     a5f3        0     1                 LBB31_39
    a5f8     a5f8        0     1                 LBB31_42
    a5fa     a5fa        0     1                 LBB31_43
    a5ff     a5ff        0     1                 LBB31_44
    a60a     a60a        0     1                 LBB31_45
    a60f     a60f        0     1                 LBB31_33
    a615     a615        0     1                 LBB31_34
    a617     a617        0     1                 LBB31_58
    a61b     a61b        0     1                 LBB31_59
    a625     a625        0     1                 LBB31_60
    a62a     a62a        0     1                 LBB31_66
    a62c     a62c        0     1                 LBB31_67
    a631     a631        0     1                 LBB31_68
    a63b     a63b        0     1                 LBB31_69
    a640     a640        0     1                 LBB31_82
    a642     a642        0     1                 LBB31_83
    a647     a647        0     1                 LBB31_84
    a657     a657        0     1                 LBB31_85
    a65c     a65c        0     1                 LBB31_62
    a666     a666        0     1                 LBB31_63
    a66b     a66b        0     1                 LBB31_72
    a66d     a66d        0     1                 LBB31_73
    a672     a672        0     1                 LBB31_74
    a67c     a67c        0     1                 LBB31_75
    a681     a681        0     1                 LBB31_87
    a683     a683        0     1                 LBB31_88
    a688     a688        0     1                 LBB31_89
    a69d     a69d        0     1                 LBB31_90
    a69f     a69f        0     1                 LBB31_91
    a6b7     a6b7        0     1                 LBB31_46
    a6cc     a6cc        0     1                 LBB31_47
    a6ce     a6ce        0     1                 LBB31_48
    a6e3     a6e3        0     1                 LBB31_49
    a6ee     a6ee        0     1                 LBB31_50
    a6f3     a6f3        0     1                 LBB31_77
    a6fe     a6fe        0     1                 LBB31_78
    a703     a703        0     1                 LBB31_79
    a713     a713        0     1                 LBB31_80
    a718     a718        0     1                 LBB31_51
    a72d     a72d        0     1                 LBB31_52
    a72f     a72f        0     1                 LBB31_53
    a744     a744        0     1                 LBB31_54
    a74f     a74f        0     1                 LBB31_55
    a754     a754        0     1                 LBB31_92
    a756     a756        0     1                 LBB31_93
    a76b     a76b        0     1                 LBB31_94
    a77b     a77b        0     1                 LBB31_95
    a780     a780        0     1                 LBB31_96
    a782     a782        0     1                 LBB31_97
    a79c     a79c        0     1                 LBB31_98
    a79e     a79e        0     1                 LBB31_99
    a7b3     a7b3        0     1                 LBB31_100
    a7c3     a7c3        0     1                 LBB31_101
    a7c8     a7c8        0     1                 LBB31_102
    a7ca     a7ca        0     1                 LBB31_103
    a7df     a7df        0     1                 LBB31_104
    a7ea     a7ea        0     1                 LBB31_105
    a7ef     a7ef        0     1                 LBB31_106
    a7f1     a7f1        0     1                 LBB31_107
    a7f7     a7f7        0     1                 LBB31_109
    a7f9     a7f9        0     1                 LBB31_110
    a80e     a80e        0     1                 LBB31_111
    a819     a819        0     1                 LBB31_112
    a81e     a81e        0     1                 LBB31_113
    a820     a820        0     1                 LBB31_114
    a830     a830        0     1                 LBB31_116
    a832     a832        0     1                 LBB31_117
    a83f     a83f        0     1                 LBB31_108
    a84c     a84c        0     1                 LBB31_118
    a84e     a84e        0     1                 LBB31_119
    a859     a859        0     1                 LBB31_120
    a864     a864        0     1                 LBB31_121
    a869     a869        0     1                 LBB31_122
    a86b     a86b        0     1                 LBB31_123
    a878     a878        0     1                 LBB31_115
    a883     a883        0     1                 LBB31_124
    a885     a885        0     1                 LBB31_125
    a889     a889        0     1                 LBB31_126
    a88f     a88f        0     1                 LBB31_127
    a8fb     a8fb        0     1                 LBB31_128
    a909     a909        0     1                 LBB31_129
    a96b     a96b        0     1                 LBB31_130
    a98b     a98b        0     1                 LBB31_131
    a990     a990        0     1                 LBB31_132
    a992     a992        0     1                 LBB31_133
    a996     a996        0     1                 LBB31_134
    a9a9     a9a9        0     1                 LBB31_135
    a9ae     a9ae        0     1                 LBB31_137
    a9af     a9af        0     1                 LBB31_139
    a9b7     a9b7        0     1                 LBB31_140
    a9ce     a9ce        0     1                 LBB31_141
    aa4e     aa4e        0     1                 LBB31_142
    aa6e     aa6e        0     1                 LBB32_0
    aa6e     aa6e       56     1                 crcu32
    aac4     aac4        0     1                 LBB33_0
    aac4     aac4      5c5     1                 core_init_state
    ab45     ab45        0     1                 LBB33_1
    ab55     ab55        0     1                 LBB33_2
    ab65     ab65        0     1                 LBB33_3
    ab78     ab78        0     1                 LBB33_5
    ab78     ab78        0     1                 LBB33_6
    ab7d     ab7d        0     1                 LBB33_4
    ab7d     ab7d        0     1                 LBB33_7
    ab7f     ab7f        0     1                 LBB33_8
    abc6     abc6        0     1                 LBB33_9
    ac02     ac02        0     1                 LBB33_10
    ac23     ac23        0     1                 LBB33_11
    ac30     ac30        0     1                 LBB33_12
    ac3d     ac3d        0     1                 LBB33_13
    ac4a     ac4a        0     1                 LBB33_14
    ac4d     ac4d        0     1                 LBB33_31
    ac4f     ac4f        0     1                 LBB33_32
    ac7e     ac7e        0     1                 LBB33_33
    aca8     aca8        0     1                 LBB33_34
    acff     acff        0     1                 LBB33_35
    ad0f     ad0f        0     1                 LBB33_36
    ad1f     ad1f        0     1                 LBB33_37
    ad32     ad32        0     1                 LBB33_39
    ad32     ad32        0     1                 LBB33_40
    ad37     ad37        0     1                 LBB33_38
    ad37     ad37        0     1                 LBB33_41
    ad39     ad39        0     1                 LBB33_42
    ad3d     ad3d        0     1                 LBB33_43
    adb6     adb6        0     1                 LBB33_44
    af20     af20        0     1                 LBB33_45
    af30     af30        0     1                 LBB33_46
    af40     af40        0     1                 LBB33_47
    af53     af53        0     1                 LBB33_49
    af53     af53        0     1                 LBB33_50
    af58     af58        0     1                 LBB33_48
    af58     af58        0     1                 LBB33_51
    af5a     af5a        0     1                 LBB33_52
    af76     af76        0     1                 LBB33_15
    afb6     afb6        0     1                 LBB33_16
    afc6     afc6        0     1                 LBB33_17
    afd6     afd6        0     1                 LBB33_18
    afe9     afe9        0     1                 LBB33_20
    afe9     afe9        0     1                 LBB33_22
    afee     afee        0     1                 LBB33_19
    afee     afee        0     1                 LBB33_21
    aff0     aff0        0     1                 LBB33_23
    aff4     aff4        0     1                 LBB33_24
    b000     b000        0     1                 LBB33_25
    b043     b043        0     1                 LBB33_26
    b053     b053        0     1                 LBB33_27
    b063     b063        0     1                 LBB33_28
    b076     b076        0     1                 LBB33_30
    b076     b076        0     1                 LBB33_53
    b07e     b07e        0     1                 LBB33_29
    b07e     b07e        0     1                 LBB33_54
    b07f     b07f        0     1                 LBB33_55
    b083     b083        0     1                 LBB33_56
    b08a     b08a        0     1                 LBB34_0
    b08a     b08a       98     1                 get_seed_32
    b0ad     b0ad        0     1                 LBB34_1
    b0b2     b0b2        0     1                 LBB34_3
    b0b7     b0b7        0     1                 LBB34_4
    b0bc     b0bc        0     1                 LBB34_5
    b0bf     b0bf        0     1                 LBB34_6
    b0bf     b0bf        0     1                 LBB34_9
    b0c1     b0c1        0     1                 LBB34_2
    b0d4     b0d4        0     1                 LBB34_7
    b10e     b10e        0     1                 LBB34_8
    b122     b122        0     1                 LBB35_0
    b122     b122       c3     1                 crcu8
    b147     b147        0     1                 LBB35_1
    b187     b187        0     1                 LBB35_7
    b189     b189        0     1                 LBB35_2
    b18d     b18d        0     1                 LBB35_6
    b19e     b19e        0     1                 LBB35_3
    b1b8     b1b8        0     1                 LBB35_4
    b1ba     b1ba        0     1                 LBB35_5
    b1c4     b1c4        0     1                 LBB35_8
    b1e6     b1e6        0     1                 LBB36_0
    b1e6     b1e6        3     1                 check_data_types
    b1ea     b1ea        0     1                 LBB37_0
    b1ea     b1ea      2ef     1                 iterate
    b2c4     b2c4        0     1                 LBB37_1
    b2d1     b2d1        0     1                 LBB37_2
    b2de     b2de        0     1                 LBB37_3
    b2eb     b2eb        0     1                 LBB37_5
    b2ed     b2ed        0     1                 LBB37_6
    b2f2     b2f2        0     1                 LBB37_7
    b30f     b30f        0     1                 LBB37_8
    b40d     b40d        0     1                 LBB37_9
    b41a     b41a        0     1                 LBB37_10
    b427     b427        0     1                 LBB37_11
    b434     b434        0     1                 LBB37_13
    b439     b439        0     1                 LBB37_14
    b43e     b43e        0     1                 LBB37_15
    b44f     b44f        0     1                 LBB37_16
    b48e     b48e        0     1                 LBB37_17
    b49e     b49e        0     1                 LBB37_18
    b4ae     b4ae        0     1                 LBB37_19
    b4c1     b4c1        0     1                 LBB37_21
    b4c7     b4c7        0     1                 LBB37_23
    b4ca     b4ca        0     1                 LBB37_24
    b4d0     b4d0        0     1                 LBB37_26
    b4da     b4da        0     1                 LBB38_0
    b4da     b4da     106c     1                 coremark_main
    b634     b634        0     1                 LBB38_1
    b641     b641        0     1                 LBB38_2
    b64e     b64e        0     1                 LBB38_3
    b65b     b65b        0     1                 LBB38_5
    b65d     b65d        0     1                 LBB38_6
    b671     b671        0     1                 LBB38_7
    b689     b689        0     1                 LBB38_8
    b6bb     b6bb        0     1                 LBB38_9
    b6c0     b6c0        0     1                 LBB38_11
    b6c2     b6c2        0     1                 LBB38_13
    b6c7     b6c7        0     1                 LBB38_14
    b6da     b6da        0     1                 LBB38_15
    b6df     b6df        0     1                 LBB38_17
    b6e1     b6e1        0     1                 LBB38_19
    b6e6     b6e6        0     1                 LBB38_20
    b6f6     b6f6        0     1                 LBB38_21
    b6fb     b6fb        0     1                 LBB38_24
    b6fd     b6fd        0     1                 LBB38_25
    b702     b702        0     1                 LBB38_26
    b715     b715        0     1                 LBB38_27
    b71a     b71a        0     1                 LBB38_29
    b71c     b71c        0     1                 LBB38_31
    b734     b734        0     1                 LBB38_32
    b747     b747        0     1                 LBB38_33
    b74c     b74c        0     1                 LBB38_35
    b74e     b74e        0     1                 LBB38_37
    b753     b753        0     1                 LBB38_38
    b766     b766        0     1                 LBB38_39
    b76b     b76b        0     1                 LBB38_41
    b76d     b76d        0     1                 LBB38_43
    b772     b772        0     1                 LBB38_44
    b7a4     b7a4        0     1                 LBB38_45
    ba1b     ba1b        0     1                 LBB38_46
    ba28     ba28        0     1                 LBB38_47
    ba2c     ba2c        0     1                 LBB38_48
    ba3b     ba3b        0     1                 LBB38_49
    bac2     bac2        0     1                 LBB38_50
    bacf     bacf        0     1                 LBB38_51
    badc     badc        0     1                 LBB38_52
    bae9     bae9        0     1                 LBB38_54
    baeb     baeb        0     1                 LBB38_55
    baf0     baf0        0     1                 LBB38_56
    bba3     bba3        0     1                 LBB38_57
    bbb6     bbb6        0     1                 LBB38_58
    bbc3     bbc3        0     1                 LBB38_60
    bbc8     bbc8        0     1                 LBB38_61
    bbca     bbca        0     1                 LBB38_62
    bbce     bbce        0     1                 LBB38_63
    bc16     bc16        0     1                 LBB38_64
    bc23     bc23        0     1                 LBB38_65
    bc30     bc30        0     1                 LBB38_66
    bc3d     bc3d        0     1                 LBB38_68
    bc3f     bc3f        0     1                 LBB38_69
    bc44     bc44        0     1                 LBB38_70
    bcce     bcce        0     1                 LBB38_71
    bd58     bd58        0     1                 LBB38_72
    bd65     bd65        0     1                 LBB38_73
    bd72     bd72        0     1                 LBB38_74
    bd7f     bd7f        0     1                 LBB38_76
    bd81     bd81        0     1                 LBB38_77
    bdb0     bdb0        0     1                 LBB38_78
    bee6     bee6        0     1                 LBB38_79
    bf04     bf04        0     1                 LBB38_80
    bf11     bf11        0     1                 LBB38_81
    bf1e     bf1e        0     1                 LBB38_82
    bf2b     bf2b        0     1                 LBB38_84
    bf2d     bf2d        0     1                 LBB38_85
    bf32     bf32        0     1                 LBB38_86
    bf92     bf92        0     1                 LBB38_87
    bfc6     bfc6        0     1                 LBB38_88
    bfd3     bfd3        0     1                 LBB38_89
    bfe0     bfe0        0     1                 LBB38_90
    bfed     bfed        0     1                 LBB38_92
    bfef     bfef        0     1                 LBB38_93
    bff4     bff4        0     1                 LBB38_94
    c029     c029        0     1                 LBB38_95
    c0ac     c0ac        0     1                 LBB38_96
    c0b7     c0b7        0     1                 LBB38_97
    c0bc     c0bc        0     1                 LBB38_98
    c0c1     c0c1        0     1                 LBB38_103
    c0c6     c0c6        0     1                 LBB38_100
    c0cc     c0cc        0     1                 LBB38_101
    c0ce     c0ce        0     1                 LBB38_104
    c0d2     c0d2        0     1                 LBB38_105
    c0dc     c0dc        0     1                 LBB38_106
    c0e1     c0e1        0     1                 LBB38_109
    c0e3     c0e3        0     1                 LBB38_110
    c0e8     c0e8        0     1                 LBB38_111
    c0f2     c0f2        0     1                 LBB38_112
    c0f7     c0f7        0     1                 LBB38_118
    c0f9     c0f9        0     1                 LBB38_119
    c0fe     c0fe        0     1                 LBB38_120
    c108     c108        0     1                 LBB38_121
    c10d     c10d        0     1                 LBB38_123
    c10f     c10f        0     1                 LBB38_131
    c114     c114        0     1                 LBB38_132
    c11a     c11a        0     1                 LBB38_114
    c124     c124        0     1                 LBB38_115
    c129     c129        0     1                 LBB38_125
    c12b     c12b        0     1                 LBB38_126
    c137     c137        0     1                 LBB38_127
    c141     c141        0     1                 LBB38_128
    c146     c146        0     1                 LBB38_134
    c148     c148        0     1                 LBB38_135
    c14d     c14d        0     1                 LBB38_136
    c153     c153        0     1                 LBB38_137
    c159     c159        0     1                 LBB38_138
    c15c     c15c        0     1                 LBB38_139
    c1ef     c1ef        0     1                 LBB38_140
    c236     c236        0     1                 LBB38_141
    c246     c246        0     1                 LBB38_142
    c256     c256        0     1                 LBB38_143
    c269     c269        0     1                 LBB38_145
    c26e     c26e        0     1                 LBB38_147
    c270     c270        0     1                 LBB38_148
    c274     c274        0     1                 LBB38_149
    c333     c333        0     1                 LBB38_151
    c335     c335        0     1                 LBB38_152
    c33a     c33a        0     1                 LBB38_153
    c363     c363        0     1                 LBB38_154
    c368     c368        0     1                 LBB38_157
    c36a     c36a        0     1                 LBB38_158
    c382     c382        0     1                 LBB38_159
    c39d     c39d        0     1                 LBB38_160
    c3e4     c3e4        0     1                 LBB38_162
    c3e6     c3e6        0     1                 LBB38_163
    c3eb     c3eb        0     1                 LBB38_164
    c434     c434        0     1                 LBB38_165
    c439     c439        0     1                 LBB38_168
    c43b     c43b        0     1                 LBB38_169
    c440     c440        0     1                 LBB38_170
    c465     c465        0     1                 LBB38_171
    c4ac     c4ac        0     1                 LBB38_173
    c4ae     c4ae        0     1                 LBB38_174
    c4b3     c4b3        0     1                 LBB38_175
    c4fc     c4fc        0     1                 LBB38_176
    c501     c501        0     1                 LBB38_179
    c503     c503        0     1                 LBB38_180
    c508     c508        0     1                 LBB38_181
    c529     c529        0     1                 LBB38_182
    c53d     c53d        0     1                 LBB38_183
    c546     c546        0     1                 LBB39_0
    c546     c546       13     1                 main
    c556     c556        0     1                 LBB39_1
    c55c     c55c      4f0     4         /Users/andrewpullin/personal/llvm-8085/sysroot/lib/libgcc.a(int_div.o):(.text)
    c55c     c55c       2f     1                 __udivmod8
    c58b     c58b        3     1                 __udiv8
    c58e     c58e       12     1                 __urem8
    c5a0     c5a0       5a     1                 __sdiv8
    c5fa     c5fa       58     1                 __srem8
    c652     c652       5c     1                 __sdivmod8
    c6ae     c6ae       63     1                 __udivmod16
    c711     c711        3     1                 __udiv16
    c714     c714       15     1                 __urem16
    c729     c729       3d     1                 __sdiv16
    c766     c766       3e     1                 __srem16
    c7a4     c7a4       4b     1                 __sdivmod16
    c7ef     c7ef       a9     1                 __udivmod32
    c898     c898        3     1                 __udiv32
    c89b     c89b       98     1                 __urem32
    c933     c933       8f     1                 __sdiv32
    c9c2     c9c2       8a     1                 __srem32
    ca4c     ca4c      96b     4         /Users/andrewpullin/personal/llvm-8085/sysroot/lib/libgcc.a(int_mul.o):(.text)
    ca4c     ca4c       27     1                 __mul8
    ca73     ca73       30     1                 __mul16
    caa3     caa3       5b     1                 __mul32
    cafe     cafe       8e     1                 __mulsi16
    cb8c     cb8c       83     1                 __mulsi16_shr8
    cc0f     cc0f       8f     1                 __mulsi16_hi16
    cc9e     cc9e       30     1                 __mulsi16_lo16
    ccce     ccce       53     1                 __mulsi8
    cd21     cd21       5b     1                 __mulsi8_hi8
    cd7c     cd7c        3     1                 __mulsi8_lo8
    cd7f     cd7f      171     1                 __mulsi32
    cef0     cef0      12d     1                 __mulsi32_shr16
    d01d     d01d      14b     1                 __mulsi32_hi32
    d168     d168       2f     1                 __mului8
    d197     d197       5a     1                 __mului16
    d1f1     d1f1       e0     1                 __mului32
    d2d1     d2d1       e6     1                 __muldi3
    d3b8     d3b8      10a     2 .rodata
    d3b8     d3b8       58     2         /Users/andrewpullin/personal/llvm-8085/tooling/examples/coremark/build/Os/coremark.o:(.rodata)
    d3b8     d3b8        8     1                 intpat
    d3c0     d3c0        8     1                 floatpat
    d3c8     d3c8        8     1                 scipat
    d3d0     d3d0        8     1                 errpat
    d3d8     d3d8        a     1                 list_known_crc
    d3e2     d3e2        a     1                 matrix_known_crc
    d3ec     d3ec        a     1                 state_known_crc
    d3f6     d3f6       10     1                 switch.table.core_init_state
    d406     d406        a     1                 switch.table.get_seed_32
    d410     d410       92     1         <internal>:(.rodata.str1.1)
    d4a2     d4a2       20     1         <internal>:(.rodata.cst32)
    d4c2     d4c2        0     1 . = ALIGN(2)
    d4c2     d4c2        0     1 _etext = .
    d4c2     d4c2 ffffffffffff2b7e     1 . = ORIGIN(RAM)
      40     d4c2       1a     1 .data
      40     d4c2        0     1         . = ALIGN(2)
      40     d4c2        0     1         _sdata = .
      40     d4c2       1a     1         /Users/andrewpullin/personal/llvm-8085/tooling/examples/coremark/build/Os/coremark.o:(.data)
      40     d4c2        4     1                 seed1_volatile
      44     d4c6        4     1                 seed2_volatile
      48     d4ca        4     1                 seed3_volatile
      4c     d4ce        4     1                 seed4_volatile
      50     d4d2        4     1                 default_num_contexts
      54     d4d6        6     1                 mem_name
      5a     d4dc        0     1         . = ALIGN(2)
      5a     d4dc        0     1         _edata = .
      5a     d4dc        0     1 _sidata = LOADADDR(.data)
      5a     d4dc       cc     1 .bss
      5a     d4dc        0     1         . = ALIGN(2)
      5a     d4dc        0     1         _sbss = .
      5a     d4dc       cc     1         /Users/andrewpullin/personal/llvm-8085/tooling/examples/coremark/build/Os/coremark.o:(.bss)
      5a     d4dc        4     1                 seed5_volatile
      5e     d4e0       c8     1                 static_memblk
     126     d5a8        0     1         . = ALIGN(2)
     126     d5a8        0     1         _ebss = .
     126     d5a8        0     1 _end = .
     126     d5a8        0     1 PROVIDE(_estack = ORIGIN(RAM) + LENGTH(RAM))
     126     d5a8        0     1 PROVIDE(_stack = _estack)
       0        0       6a     1 .comment
       0        0       6a     1         <internal>:(.comment)
       0        0     4870     4 .symtab
       0        0     4870     4         <internal>:(.symtab)
       0        0       46     1 .shstrtab
       0        0       46     1         <internal>:(.shstrtab)
       0        0     293c     1 .strtab
       0        0     293c     1         <internal>:(.strtab)
